Archive member included because of file (symbol)

c:/freescale/kds_2.0.0/toolchain/bin/../lib/gcc/arm-none-eabi/4.8.0\libgcc.a(_udivsi3.o)
                              ./Sources/Stepper_driver/l6480.o (__aeabi_uidiv)
c:/freescale/kds_2.0.0/toolchain/bin/../lib/gcc/arm-none-eabi/4.8.0\libgcc.a(_divsi3.o)
                              ./Sources/Stepper_driver/l6480.o (__aeabi_idiv)
c:/freescale/kds_2.0.0/toolchain/bin/../lib/gcc/arm-none-eabi/4.8.0\libgcc.a(_dvmd_tls.o)
                              c:/freescale/kds_2.0.0/toolchain/bin/../lib/gcc/arm-none-eabi/4.8.0\libgcc.a(_udivsi3.o) (__aeabi_idiv0)
c:/freescale/kds_2.0.0/toolchain/bin/../lib/gcc/arm-none-eabi/4.8.0\libgcc.a(_arm_cmpdf2.o)
                              ./Sources/BLDC.o (__aeabi_dcmplt)
c:/freescale/kds_2.0.0/toolchain/bin/../lib/gcc/arm-none-eabi/4.8.0\libgcc.a(_arm_cmpsf2.o)
                              ./Generated_Code/PwmLdd2.o (__aeabi_fcmpgt)
c:/freescale/kds_2.0.0/toolchain/bin/../lib/gcc/arm-none-eabi/4.8.0\libgcc.a(_fixunssfsi.o)
                              ./Generated_Code/PwmLdd2.o (__aeabi_f2uiz)
c:/freescale/kds_2.0.0/toolchain/bin/../lib/gcc/arm-none-eabi/4.8.0\libgcc.a(addsf3.o)
                              ./Sources/BLDC.o (__aeabi_fadd)
c:/freescale/kds_2.0.0/toolchain/bin/../lib/gcc/arm-none-eabi/4.8.0\libgcc.a(eqsf2.o)
                              c:/freescale/kds_2.0.0/toolchain/bin/../lib/gcc/arm-none-eabi/4.8.0\libgcc.a(_arm_cmpsf2.o) (__eqsf2)
c:/freescale/kds_2.0.0/toolchain/bin/../lib/gcc/arm-none-eabi/4.8.0\libgcc.a(gesf2.o)
                              c:/freescale/kds_2.0.0/toolchain/bin/../lib/gcc/arm-none-eabi/4.8.0\libgcc.a(_arm_cmpsf2.o) (__gesf2)
c:/freescale/kds_2.0.0/toolchain/bin/../lib/gcc/arm-none-eabi/4.8.0\libgcc.a(lesf2.o)
                              c:/freescale/kds_2.0.0/toolchain/bin/../lib/gcc/arm-none-eabi/4.8.0\libgcc.a(_arm_cmpsf2.o) (__lesf2)
c:/freescale/kds_2.0.0/toolchain/bin/../lib/gcc/arm-none-eabi/4.8.0\libgcc.a(mulsf3.o)
                              ./Sources/BLDC.o (__aeabi_fmul)
c:/freescale/kds_2.0.0/toolchain/bin/../lib/gcc/arm-none-eabi/4.8.0\libgcc.a(subsf3.o)
                              c:/freescale/kds_2.0.0/toolchain/bin/../lib/gcc/arm-none-eabi/4.8.0\libgcc.a(_fixunssfsi.o) (__aeabi_fsub)
c:/freescale/kds_2.0.0/toolchain/bin/../lib/gcc/arm-none-eabi/4.8.0\libgcc.a(fixsfsi.o)
                              ./Sources/BLDC.o (__aeabi_f2iz)
c:/freescale/kds_2.0.0/toolchain/bin/../lib/gcc/arm-none-eabi/4.8.0\libgcc.a(floatsisf.o)
                              ./Sources/BLDC.o (__aeabi_i2f)
c:/freescale/kds_2.0.0/toolchain/bin/../lib/gcc/arm-none-eabi/4.8.0\libgcc.a(eqdf2.o)
                              c:/freescale/kds_2.0.0/toolchain/bin/../lib/gcc/arm-none-eabi/4.8.0\libgcc.a(_arm_cmpdf2.o) (__eqdf2)
c:/freescale/kds_2.0.0/toolchain/bin/../lib/gcc/arm-none-eabi/4.8.0\libgcc.a(gedf2.o)
                              c:/freescale/kds_2.0.0/toolchain/bin/../lib/gcc/arm-none-eabi/4.8.0\libgcc.a(_arm_cmpdf2.o) (__gedf2)
c:/freescale/kds_2.0.0/toolchain/bin/../lib/gcc/arm-none-eabi/4.8.0\libgcc.a(ledf2.o)
                              c:/freescale/kds_2.0.0/toolchain/bin/../lib/gcc/arm-none-eabi/4.8.0\libgcc.a(_arm_cmpdf2.o) (__ledf2)
c:/freescale/kds_2.0.0/toolchain/bin/../lib/gcc/arm-none-eabi/4.8.0\libgcc.a(floatsidf.o)
                              ./Sources/BLDC.o (__aeabi_i2d)
c:/freescale/kds_2.0.0/toolchain/bin/../lib/gcc/arm-none-eabi/4.8.0\libgcc.a(_thumb1_case_uqi.o)
                              c:/freescale/kds_2.0.0/toolchain/bin/../lib/gcc/arm-none-eabi/4.8.0\libgcc.a(mulsf3.o) (__gnu_thumb1_case_uqi)
c:/freescale/kds_2.0.0/toolchain/bin/../lib/gcc/arm-none-eabi/4.8.0\libgcc.a(_clzsi2.o)
                              c:/freescale/kds_2.0.0/toolchain/bin/../lib/gcc/arm-none-eabi/4.8.0\libgcc.a(addsf3.o) (__clzsi2)
c:/freescale/kds_2.0.0/toolchain/bin/../lib/gcc/arm-none-eabi/4.8.0/../../../../arm-none-eabi/lib\libg_s.a(lib_a-atexit.o)
                              c:/freescale/kds_2.0.0/toolchain/bin/../lib/gcc/arm-none-eabi/4.8.0/../../../../arm-none-eabi/lib/crt0.o (atexit)
c:/freescale/kds_2.0.0/toolchain/bin/../lib/gcc/arm-none-eabi/4.8.0/../../../../arm-none-eabi/lib\libg_s.a(lib_a-ctype_.o)
                              ./Generated_Code/CLS1.o (__ctype_ptr__)
c:/freescale/kds_2.0.0/toolchain/bin/../lib/gcc/arm-none-eabi/4.8.0/../../../../arm-none-eabi/lib\libg_s.a(lib_a-exit.o)
                              c:/freescale/kds_2.0.0/toolchain/bin/../lib/gcc/arm-none-eabi/4.8.0/../../../../arm-none-eabi/lib/crt0.o (exit)
c:/freescale/kds_2.0.0/toolchain/bin/../lib/gcc/arm-none-eabi/4.8.0/../../../../arm-none-eabi/lib\libg_s.a(lib_a-fini.o)
                              c:/freescale/kds_2.0.0/toolchain/bin/../lib/gcc/arm-none-eabi/4.8.0/../../../../arm-none-eabi/lib\libg_s.a(lib_a-exit.o) (__libc_fini_array)
c:/freescale/kds_2.0.0/toolchain/bin/../lib/gcc/arm-none-eabi/4.8.0/../../../../arm-none-eabi/lib\libg_s.a(lib_a-impure.o)
[...]
Memory Configuration

Name             Origin             Length             Attributes
m_interrupts     0x00000000         0x000000c0         xr
m_text           0x00000410         0x0001fbf0         xr
m_data           0x1ffff000         0x00004000         rw
m_cfmprotrom     0x00000400         0x00000010         xr
*default*        0x00000000         0xffffffff

Linker script and memory map

LOAD c:/freescale/kds_2.0.0/toolchain/bin/../lib/gcc/arm-none-eabi/4.8.0/crti.o
LOAD c:/freescale/kds_2.0.0/toolchain/bin/../lib/gcc/arm-none-eabi/4.8.0/crtbegin.o
LOAD c:/freescale/kds_2.0.0/toolchain/bin/../lib/gcc/arm-none-eabi/4.8.0/../../../../arm-none-eabi/lib/crt0.o
LOAD ./Sources/Stepper_driver/l6480.o
LOAD ./Sources/BLDC.o
LOAD ./Sources/DC.o
LOAD ./Sources/Error.o
LOAD ./Sources/Events.o
LOAD ./Sources/Shell.o
LOAD ./Sources/main.o
LOAD ./Project_Settings/Startup_Code/startup.o
LOAD ./Generated_Code/AS1.o
LOAD ./Generated_Code/ASerialLdd1.o
LOAD ./Generated_Code/BitIoLdd1.o
LOAD ./Generated_Code/BitIoLdd2.o
LOAD ./Generated_Code/BitIoLdd3.o
LOAD ./Generated_Code/BitIoLdd4.o
LOAD ./Generated_Code/BitIoLdd6.o
LOAD ./Generated_Code/CLS1.o
LOAD ./Generated_Code/CS1.o
LOAD ./Generated_Code/Cpu.o
LOAD ./Generated_Code/DC_DIR.o
LOAD ./Generated_Code/DC_EN.o
LOAD ./Generated_Code/ExtIntLdd1.o
LOAD ./Generated_Code/ExtIntLdd3.o
LOAD ./Generated_Code/FRTOS1.o
LOAD ./Generated_Code/LED_blue.o
LOAD ./Generated_Code/LED_green.o
LOAD ./Generated_Code/LED_red.o
LOAD ./Generated_Code/LEDpin1.o
LOAD ./Generated_Code/LEDpin2.o
LOAD ./Generated_Code/LEDpin3.o
LOAD ./Generated_Code/PE_LDD.o
LOAD ./Generated_Code/PWM1.o
LOAD ./Generated_Code/PwmLdd2.o
LOAD ./Generated_Code/SMasterLdd1.o
LOAD ./Generated_Code/STP_BSY.o
LOAD ./Generated_Code/STP_REF.o
LOAD ./Generated_Code/Stepperspi.o
LOAD ./Generated_Code/TU1.o
LOAD ./Generated_Code/UTIL1.o
LOAD ./Generated_Code/Vectors.o
LOAD ./Generated_Code/WAIT1.o
LOAD ./Generated_Code/croutine.o
LOAD ./Generated_Code/event_groups.o
LOAD ./Generated_Code/heap_1.o
LOAD ./Generated_Code/heap_2.o
LOAD ./Generated_Code/heap_3.o
LOAD ./Generated_Code/heap_4.o
LOAD ./Generated_Code/heap_5.o
LOAD ./Generated_Code/list.o
LOAD ./Generated_Code/port.o
LOAD ./Generated_Code/queue.o
LOAD ./Generated_Code/tasks.o
LOAD ./Generated_Code/timers.o
LOAD c:/freescale/kds_2.0.0/toolchain/bin/../lib/gcc/arm-none-eabi/4.8.0/../../../../arm-none-eabi/lib\libstdc++.a
LOAD c:/freescale/kds_2.0.0/toolchain/bin/../lib/gcc/arm-none-eabi/4.8.0/../../../../arm-none-eabi/lib\libm.a
START GROUP
LOAD c:/freescale/kds_2.0.0/toolchain/bin/../lib/gcc/arm-none-eabi/4.8.0\libgcc.a
LOAD c:/freescale/kds_2.0.0/toolchain/bin/../lib/gcc/arm-none-eabi/4.8.0/../../../../arm-none-eabi/lib\libg_s.a
LOAD c:/freescale/kds_2.0.0/toolchain/bin/../lib/gcc/arm-none-eabi/4.8.0/../../../../arm-none-eabi/lib\libc_s.a
END GROUP
LOAD c:/freescale/kds_2.0.0/toolchain/bin/../lib/gcc/arm-none-eabi/4.8.0/crtend.o
LOAD c:/freescale/kds_2.0.0/toolchain/bin/../lib/gcc/arm-none-eabi/4.8.0/crtn.o
                0x20003000                _estack = 0x20003000
                0x20003000                __SP_INIT = _estack
                0x00000020                __heap_size = 0x20
                0x00000400                __stack_size = 0x400

.interrupts     0x00000000       0xc0
                0x00000000                __vector_table = .
                0x00000000                . = ALIGN (0x4)
 *(.vectortable)
 .vectortable   0x00000000       0xc0 ./Generated_Code/Vectors.o
                0x00000000                __vect_table
                0x000000c0                . = ALIGN (0x4)

.cfmprotect     0x00000400       0x10
                0x00000400                . = ALIGN (0x4)
 *(.cfmconfig)
 .cfmconfig     0x00000400       0x10 ./Generated_Code/Cpu.o
                0x00000400                _cfm
                0x00000410                . = ALIGN (0x4)

.text           0x00000410     0x703c
                0x00000410                . = ALIGN (0x4)
 *(.text)
 .text          0x00000410       0x9c c:/freescale/kds_2.0.0/toolchain/bin/../lib/gcc/arm-none-eabi/4.8.0\libgcc.a(_udivsi3.o)
                0x00000410                __aeabi_uidiv
                0x00000410                __udivsi3
                0x00000498                __aeabi_uidivmod
 .text          0x000004ac        0x4 c:/freescale/kds_2.0.0/toolchain/bin/../lib/gcc/arm-none-eabi/4.8.0\libgcc.a(_dvmd_tls.o)
                0x000004ac                __aeabi_idiv0
                0x000004ac                __aeabi_ldiv0
 .text          0x000004b0       0x7c c:/freescale/kds_2.0.0/toolchain/bin/../lib/gcc/arm-none-eabi/4.8.0\libgcc.a(_arm_cmpdf2.o)
                0x000004b0                __aeabi_cdrcmple
                0x000004c0                __aeabi_cdcmple
                0x000004c0                __aeabi_cdcmpeq
                0x000004d0                __aeabi_dcmpeq
                0x000004dc                __aeabi_dcmplt
                0x000004f0                __aeabi_dcmple
                0x00000504                __aeabi_dcmpgt
                0x00000518                __aeabi_dcmpge
 .text          0x0000052c       0x14 c:/freescale/kds_2.0.0/toolchain/bin/../lib/gcc/arm-none-eabi/4.8.0\libgcc.a(_thumb1_case_uqi.o)
                0x0000052c                __gnu_thumb1_case_uqi
 .text          0x00000540       0x3c c:/freescale/kds_2.0.0/toolchain/bin/../lib/gcc/arm-none-eabi/4.8.0\libgcc.a(_clzsi2.o)
                0x00000540                __clzsi2
 .text          0x0000057c       0x34 c:/freescale/kds_2.0.0/toolchain/bin/../lib/gcc/arm-none-eabi/4.8.0/../../../../arm-none-eabi/lib\libg_s.a(lib_a-setjmp.o)
                0x0000057c                setjmp
                0x00000594                longjmp
 *(.text*)
 .text.deregister_tm_clones
                0x000005b0       0x24 c:/freescale/kds_2.0.0/toolchain/bin/../lib/gcc/arm-none-eabi/4.8.0/crtbegin.o
 .text.register_tm_clones
                0x000005d4       0x28 c:/freescale/kds_2.0.0/toolchain/bin/../lib/gcc/arm-none-eabi/4.8.0/crtbegin.o
 .text.__do_global_dtors_aux
                0x000005fc       0x30 c:/freescale/kds_2.0.0/toolchain/bin/../lib/gcc/arm-none-eabi/4.8.0/crtbegin.o
 .text.frame_dummy
                0x0000062c       0x3c c:/freescale/kds_2.0.0/toolchain/bin/../lib/gcc/arm-none-eabi/4.8.0/crtbegin.o
 .text.spi_write
                0x00000668       0x1c ./Sources/Stepper_driver/l6480.o
                0x00000668                spi_write
 .text.spi_read
                0x00000684       0x24 ./Sources/Stepper_driver/l6480.o
                0x00000684                spi_read
 .text.l6480_send_cmd
                0x000006a8       0xac ./Sources/Stepper_driver/l6480.o
                0x000006a8                l6480_send_cmd
 .text.l6480_set_max_speed
                0x00000754       0x58 ./Sources/Stepper_driver/l6480.o
                0x00000754                l6480_set_max_speed
 .text.l6480_set_kval_hold
                0x000007ac       0x2c ./Sources/Stepper_driver/l6480.o
                0x000007ac                l6480_set_kval_hold
 .text.l6480_set_kval_run
                0x000007d8       0x2c ./Sources/Stepper_driver/l6480.o
                0x000007d8                l6480_set_kval_run
 .text.l6480_set_kval_acc
                0x00000804       0x2c ./Sources/Stepper_driver/l6480.o
                0x00000804                l6480_set_kval_acc
 .text.l6480_set_kval_dec
                0x00000830       0x2c ./Sources/Stepper_driver/l6480.o
                0x00000830                l6480_set_kval_dec
 .text.l6480_set_ocd_th
                0x0000085c       0x4c ./Sources/Stepper_driver/l6480.o
                0x0000085c                l6480_set_ocd_th
 .text.l6480_set_ocd_th_millivolt
                0x000008a8       0x64 ./Sources/Stepper_driver/l6480.o
                0x000008a8                l6480_set_ocd_th_millivolt
 .text.l6480_set_stall_th
                0x0000090c       0x4c ./Sources/Stepper_driver/l6480.o
                0x0000090c                l6480_set_stall_th
 .text.l6480_set_stall_th_millivolt
                0x00000958       0x64 ./Sources/Stepper_driver/l6480.o
                0x00000958                l6480_set_stall_th_millivolt
 .text.l6480_set_step_mode
                0x000009bc       0x2c ./Sources/Stepper_driver/l6480.o
                0x000009bc                l6480_set_step_mode
 .text.l6480_set_gatecfg1_tboost_nanosecond
                0x000009e8      0x120 ./Sources/Stepper_driver/l6480.o
                0x000009e8                l6480_set_gatecfg1_tboost_nanosecond
 .text.l6480_set_gatecfg1_igate_milliampere
                0x00000b08       0xf8 ./Sources/Stepper_driver/l6480.o
                0x00000b08                l6480_set_gatecfg1_igate_milliampere
 .text.l6480_set_gatecfg1_tcc_nanosecond
                0x00000c00       0x74 ./Sources/Stepper_driver/l6480.o
                0x00000c00                l6480_set_gatecfg1_tcc_nanosecond
 .text.l6480_set_gatecfg2_tblank_nanosecond
                0x00000c74       0x84 ./Sources/Stepper_driver/l6480.o
                0x00000c74                l6480_set_gatecfg2_tblank_nanosecond
 .text.l6480_set_gatecfg2_tdt_nanosecond
                0x00000cf8       0x84 ./Sources/Stepper_driver/l6480.o
                0x00000cf8                l6480_set_gatecfg2_tdt_nanosecond
 .text.l6480_set_config
                0x00000d7c       0x2c ./Sources/Stepper_driver/l6480.o
                0x00000d7c                l6480_set_config
 .text.l6480_cmd_run_millisteps_s
                0x00000da8       0x74 ./Sources/Stepper_driver/l6480.o
                0x00000da8                l6480_cmd_run_millisteps_s
 .text.l6480_cmd_move
                0x00000e1c       0x5c ./Sources/Stepper_driver/l6480.o
                0x00000e1c                l6480_cmd_move
 .text.l6480_cmd_goto
                0x00000e78       0x5c ./Sources/Stepper_driver/l6480.o
                0x00000e78                l6480_cmd_goto
 .text.l6480_cmd_goto_dir
                0x00000ed4       0x70 ./Sources/Stepper_driver/l6480.o
                0x00000ed4                l6480_cmd_goto_dir
 .text.l6480_cmd_gountil_millisteps_s
                0x00000f44       0x8c ./Sources/Stepper_driver/l6480.o
                0x00000f44                l6480_cmd_gountil_millisteps_s
 .text.l6480_cmd_releasesw
                0x00000fd0       0x4c ./Sources/Stepper_driver/l6480.o
                0x00000fd0                l6480_cmd_releasesw
 .text.l6480_cmd_gohome
                0x0000101c       0x18 ./Sources/Stepper_driver/l6480.o
                0x0000101c                l6480_cmd_gohome
 .text.l6480_cmd_resetpos
                0x00001034       0x18 ./Sources/Stepper_driver/l6480.o
                0x00001034                l6480_cmd_resetpos
 .text.l6480_cmd_resetdevice
                0x0000104c       0x18 ./Sources/Stepper_driver/l6480.o
                0x0000104c                l6480_cmd_resetdevice
 .text.l6480_cmd_softstop
                0x00001064       0x18 ./Sources/Stepper_driver/l6480.o
                0x00001064                l6480_cmd_softstop
 .text.l6480_cmd_hardstop
                0x0000107c       0x18 ./Sources/Stepper_driver/l6480.o
                0x0000107c                l6480_cmd_hardstop
 .text.l6480_cmd_getstatus
                0x00001094       0x20 ./Sources/Stepper_driver/l6480.o
                0x00001094                l6480_cmd_getstatus
 .text.PrintStatus
                0x000010b4      0x380 ./Sources/Stepper_driver/l6480.o
 .text.PrintHelp
                0x00001434      0x118 ./Sources/Stepper_driver/l6480.o
 .text.ParseCmdRunParameter
                0x0000154c       0xd8 ./Sources/Stepper_driver/l6480.o
 .text.ParseCmdGotoParameter
                0x00001624       0xfc ./Sources/Stepper_driver/l6480.o
 .text.ParseCmdMoveParameter
                0x00001720       0xd8 ./Sources/Stepper_driver/l6480.o
 .text.ParseCmdSoftStopParameter
                0x000017f8       0x34 ./Sources/Stepper_driver/l6480.o
 .text.ParseCmdHardStopParameter
                0x0000182c       0x34 ./Sources/Stepper_driver/l6480.o
 .text.ParseCmdResetParameter
                0x00001860      0x138 ./Sources/Stepper_driver/l6480.o
 .text.ParseCmdInitPositionParameter
                0x00001998      0x13c ./Sources/Stepper_driver/l6480.o
 .text.ParseCmdHomeParameter
                0x00001ad4       0x78 ./Sources/Stepper_driver/l6480.o
 .text.l6480_ParseCommand
                0x00001b4c      0x384 ./Sources/Stepper_driver/l6480.o
                0x00001b4c                l6480_ParseCommand
 .text.PrintStatus
                0x00001ed0       0xac ./Sources/BLDC.o
 .text.PrintHelp
                0x00001f7c       0xb0 ./Sources/BLDC.o
 .text.BLDC_ParseCommand
                0x0000202c      0x1e4 ./Sources/BLDC.o
                0x0000202c                BLDC_ParseCommand
 .text.BLDC_get_enable
                0x00002210       0x14 ./Sources/BLDC.o
                0x00002210                BLDC_get_enable
 .text.BLDC_set_enable
                0x00002224       0x54 ./Sources/BLDC.o
 .text.BLDC_set_rpm
                0x00002278       0x2c ./Sources/BLDC.o
 *fill*         0x000022a4        0x4 
 .text.BLDC_init
                0x000022a8       0x98 ./Sources/BLDC.o
 .text.get_pwm_ratio
                0x00002340       0x3c ./Sources/BLDC.o
 .text.BLDC_reset
                0x0000237c       0x14 ./Sources/BLDC.o
 .text.BLDC_update_task
                0x00002390       0x2c ./Sources/BLDC.o
                0x00002390                BLDC_update_task
 .text.PrintStatus
                0x000023bc       0xa4 ./Sources/DC.o
 .text.PrintHelp
                0x00002460       0x78 ./Sources/DC.o
 .text.DC_ParseCommand
                0x000024d8      0x140 ./Sources/DC.o
                0x000024d8                DC_ParseCommand
 .text.DC_get_dir
                0x00002618       0x1c ./Sources/DC.o
                0x00002618                DC_get_dir
 .text.DC_set_dir
                0x00002634       0x3c ./Sources/DC.o
                0x00002634                DC_set_dir
 .text.DC_get_en
                0x00002670       0x1c ./Sources/DC.o
                0x00002670                DC_get_en
 .text.DC_set_en
                0x0000268c       0x3c ./Sources/DC.o
                0x0000268c                DC_set_en
 .text.set_status
                0x000026c8       0xcc ./Sources/Error.o
                0x000026c8                set_status
 .text.Cpu_OnNMIINT
                0x00002794        0x8 ./Sources/Events.o
                0x00002794                Cpu_OnNMIINT
 .text.FRTOS1_vApplicationStackOverflowHook
                0x0000279c       0x10 ./Sources/Events.o
                0x0000279c                FRTOS1_vApplicationStackOverflowHook
 .text.FRTOS1_vApplicationTickHook
                0x000027ac        0x8 ./Sources/Events.o
                0x000027ac                FRTOS1_vApplicationTickHook
 .text.FRTOS1_vApplicationIdleHook
                0x000027b4        0x8 ./Sources/Events.o
                0x000027b4                FRTOS1_vApplicationIdleHook
 .text.FRTOS1_vApplicationMallocFailedHook
                0x000027bc        0x8 ./Sources/Events.o
                0x000027bc                FRTOS1_vApplicationMallocFailedHook
 .text.CLS1_OnBeforeIterateCmd
                0x000027c4       0x10 ./Sources/Events.o
                0x000027c4                CLS1_OnBeforeIterateCmd
 .text.CLS1_OnAfterIterateCmd
                0x000027d4       0x10 ./Sources/Events.o
                0x000027d4                CLS1_OnAfterIterateCmd
 .text.Stepperspi_OnRxChar
                0x000027e4        0x8 ./Sources/Events.o
                0x000027e4                Stepperspi_OnRxChar
 .text.Stepperspi_OnTxChar
                0x000027ec        0x8 ./Sources/Events.o
                0x000027ec                Stepperspi_OnTxChar
 .text.STP_REF_OnInterrupt
                0x000027f4        0x8 ./Sources/Events.o
                0x000027f4                STP_REF_OnInterrupt
 .text.STP_BSY_OnInterrupt
                0x000027fc        0xc ./Sources/Events.o
                0x000027fc                STP_BSY_OnInterrupt
 .text.ShellTask
                0x00002808       0x44 ./Sources/Shell.o
 .text.SHELL_Init
                0x0000284c       0x60 ./Sources/Shell.o
                0x0000284c                SHELL_Init
 .text.shellSendDone
                0x000028ac       0x20 ./Sources/Shell.o
                0x000028ac                shellSendDone
 .text.main     0x000028cc       0x4c ./Sources/main.o
                0x000028cc                main
 .text.__flush_cache
                0x00002918       0x10 ./Project_Settings/Startup_Code/startup.o
                0x00002918                __flush_cache
 .text.__copy_rom_section
                0x00002928       0xd8 ./Project_Settings/Startup_Code/startup.o
                0x00002928                __copy_rom_section
 .text.__copy_rom_sections_to_ram
                0x00002a00       0xc0 ./Project_Settings/Startup_Code/startup.o
                0x00002a00                __copy_rom_sections_to_ram
 .text.zero_fill_bss
                0x00002ac0       0xac ./Project_Settings/Startup_Code/startup.o
 .text.__init_registers
                0x00002b6c        0x8 ./Project_Settings/Startup_Code/startup.o
                0x00002b6c                __init_registers
 .text.__init_user
                0x00002b74        0x8 ./Project_Settings/Startup_Code/startup.o
                0x00002b74                __init_user
 .text.__thumb_startup
                0x00002b7c       0x48 ./Project_Settings/Startup_Code/startup.o
                0x00002b7c                __thumb_startup
 .text.HWEnDi   0x00002bc4       0x20 ./Generated_Code/AS1.o
 .text.AS1_RecvChar
                0x00002be4       0x8c ./Generated_Code/AS1.o
                0x00002be4                AS1_RecvChar
 .text.AS1_SendChar
                0x00002c70       0x68 ./Generated_Code/AS1.o
                0x00002c70                AS1_SendChar
 .text.AS1_GetCharsInRxBuf
                0x00002cd8       0x24 ./Generated_Code/AS1.o
                0x00002cd8                AS1_GetCharsInRxBuf
 .text.AS1_Init
                0x00002cfc       0x28 ./Generated_Code/AS1.o
                0x00002cfc                AS1_Init
 .text.ASerialLdd1_OnBreak
                0x00002d24       0x20 ./Generated_Code/AS1.o
                0x00002d24                ASerialLdd1_OnBreak
 .text.ASerialLdd1_Init
                0x00002d44      0x168 ./Generated_Code/ASerialLdd1.o
                0x00002d44                ASerialLdd1_Init
 .text.ASerialLdd1_ReceiveBlock
                0x00002eac       0x48 ./Generated_Code/ASerialLdd1.o
                0x00002eac                ASerialLdd1_ReceiveBlock
 .text.ASerialLdd1_SendBlock
                0x00002ef4       0x58 ./Generated_Code/ASerialLdd1.o
                0x00002ef4                ASerialLdd1_SendBlock
 .text.ASerialLdd1_GetReceivedDataNum
                0x00002f4c       0x18 ./Generated_Code/ASerialLdd1.o
                0x00002f4c                ASerialLdd1_GetReceivedDataNum
 .text.InterruptRx
                0x00002f64       0x50 ./Generated_Code/ASerialLdd1.o
 .text.InterruptTx
                0x00002fb4       0x5c ./Generated_Code/ASerialLdd1.o
 .text.ASerialLdd1_Main
                0x00003010       0xdc ./Generated_Code/ASerialLdd1.o
                0x00003010                ASerialLdd1_Main
 .text.ASerialLdd1_GetError
                0x000030ec       0x28 ./Generated_Code/ASerialLdd1.o
                0x000030ec                ASerialLdd1_GetError
 .text.BitIoLdd1_Init
                0x00003114       0x64 ./Generated_Code/BitIoLdd1.o
                0x00003114                BitIoLdd1_Init
 .text.BitIoLdd1_ClrVal
                0x00003178       0x1c ./Generated_Code/BitIoLdd1.o
                0x00003178                BitIoLdd1_ClrVal
 .text.BitIoLdd1_SetVal
                0x00003194       0x1c ./Generated_Code/BitIoLdd1.o
                0x00003194                BitIoLdd1_SetVal
 .text.BitIoLdd2_Init
                0x000031b0       0x64 ./Generated_Code/BitIoLdd2.o
                0x000031b0                BitIoLdd2_Init
 .text.BitIoLdd2_ClrVal
                0x00003214       0x1c ./Generated_Code/BitIoLdd2.o
                0x00003214                BitIoLdd2_ClrVal
 .text.BitIoLdd2_SetVal
                0x00003230       0x1c ./Generated_Code/BitIoLdd2.o
                0x00003230                BitIoLdd2_SetVal
 .text.BitIoLdd3_Init
                0x0000324c       0x60 ./Generated_Code/BitIoLdd3.o
                0x0000324c                BitIoLdd3_Init
 .text.BitIoLdd3_ClrVal
                0x000032ac       0x18 ./Generated_Code/BitIoLdd3.o
                0x000032ac                BitIoLdd3_ClrVal
 .text.BitIoLdd3_SetVal
                0x000032c4       0x18 ./Generated_Code/BitIoLdd3.o
                0x000032c4                BitIoLdd3_SetVal
 .text.BitIoLdd4_Init
                0x000032dc       0x68 ./Generated_Code/BitIoLdd4.o
                0x000032dc                BitIoLdd4_Init
 .text.BitIoLdd4_GetVal
                0x00003344       0x28 ./Generated_Code/BitIoLdd4.o
                0x00003344                BitIoLdd4_GetVal
 .text.BitIoLdd4_PutVal
                0x0000336c       0x34 ./Generated_Code/BitIoLdd4.o
                0x0000336c                BitIoLdd4_PutVal
 .text.BitIoLdd6_Init
                0x000033a0       0x68 ./Generated_Code/BitIoLdd6.o
                0x000033a0                BitIoLdd6_Init
 .text.BitIoLdd6_GetVal
                0x00003408       0x28 ./Generated_Code/BitIoLdd6.o
                0x00003408                BitIoLdd6_GetVal
 .text.BitIoLdd6_PutVal
                0x00003430       0x34 ./Generated_Code/BitIoLdd6.o
                0x00003430                BitIoLdd6_PutVal
 .text.CLS1_SendStr
                0x00003464       0x28 ./Generated_Code/CLS1.o
                0x00003464                CLS1_SendStr
 .text.CLS1_ParseCommand
                0x0000348c      0x12c ./Generated_Code/CLS1.o
                0x0000348c                CLS1_ParseCommand
 .text.CLS1_PrintPrompt
                0x000035b8       0x20 ./Generated_Code/CLS1.o
                0x000035b8                CLS1_PrintPrompt
 .text.CLS1_ReadLine
                0x000035d8      0x18c ./Generated_Code/CLS1.o
                0x000035d8                CLS1_ReadLine
 .text.CLS1_PrintStatus
                0x00003764       0xb0 ./Generated_Code/CLS1.o
                0x00003764                CLS1_PrintStatus
 .text.CLS1_PrintCommandFailed
                0x00003814       0x78 ./Generated_Code/CLS1.o
                0x00003814                CLS1_PrintCommandFailed
 .text.CLS1_IterateTable
                0x0000388c       0x68 ./Generated_Code/CLS1.o
                0x0000388c                CLS1_IterateTable
 .text.CLS1_ParseWithCommandTable
                0x000038f4       0xb0 ./Generated_Code/CLS1.o
                0x000038f4                CLS1_ParseWithCommandTable
 .text.CLS1_GetStdio
                0x000039a4       0x14 ./Generated_Code/CLS1.o
                0x000039a4                CLS1_GetStdio
 .text.CLS1_ReadAndParseWithCommandTable
                0x000039b8       0xf4 ./Generated_Code/CLS1.o
                0x000039b8                CLS1_ReadAndParseWithCommandTable
 .text.SendSeparatedStrings
                0x00003aac       0x7c ./Generated_Code/CLS1.o
 .text.CLS1_SendHelpStr
                0x00003b28       0x28 ./Generated_Code/CLS1.o
                0x00003b28                CLS1_SendHelpStr
 .text.CLS1_SendStatusStr
                0x00003b50       0x28 ./Generated_Code/CLS1.o
                0x00003b50                CLS1_SendStatusStr
 .text.CLS1_ReadChar
                0x00003b78       0x30 ./Generated_Code/CLS1.o
                0x00003b78                CLS1_ReadChar
 .text.CLS1_SendChar
                0x00003ba8       0x40 ./Generated_Code/CLS1.o
                0x00003ba8                CLS1_SendChar
 .text.CLS1_KeyPressed
                0x00003be8       0x24 ./Generated_Code/CLS1.o
                0x00003be8                CLS1_KeyPressed
 .text.CLS1_Init
                0x00003c0c        0x8 ./Generated_Code/CLS1.o
                0x00003c0c                CLS1_Init
 .text.Cpu_INT_NMIInterrupt
                0x00003c14        0xc ./Generated_Code/Cpu.o
                0x00003c14                Cpu_INT_NMIInterrupt
 .text.Cpu_Interrupt
                0x00003c20        0xc ./Generated_Code/Cpu.o
                0x00003c20                Cpu_Interrupt
 .text.__init_hardware
                0x00003c2c      0x110 ./Generated_Code/Cpu.o
                0x00003c2c                __init_hardware
 .text.PE_low_level_init
                0x00003d3c      0x178 ./Generated_Code/Cpu.o
                0x00003d3c                PE_low_level_init
 .text.ExtIntLdd1_Init
                0x00003eb4       0x8c ./Generated_Code/ExtIntLdd1.o
                0x00003eb4                ExtIntLdd1_Init
 .text.ExtIntLdd1_Interrupt
                0x00003f40       0x34 ./Generated_Code/ExtIntLdd1.o
                0x00003f40                ExtIntLdd1_Interrupt
 .text.ExtIntLdd1_GetVal
                0x00003f74       0x24 ./Generated_Code/ExtIntLdd1.o
                0x00003f74                ExtIntLdd1_GetVal
 .text.ExtIntLdd3_Init
                0x00003f98       0x94 ./Generated_Code/ExtIntLdd3.o
                0x00003f98                ExtIntLdd3_Init
 .text.ExtIntLdd3_Interrupt
                0x0000402c       0x34 ./Generated_Code/ExtIntLdd3.o
                0x0000402c                ExtIntLdd3_Interrupt
 .text.PwmLdd2_Init
                0x00004060       0x58 ./Generated_Code/PwmLdd2.o
                0x00004060                PwmLdd2_Init
 .text.PwmLdd2_SetRatio16
                0x000040b8       0x2c ./Generated_Code/PwmLdd2.o
                0x000040b8                PwmLdd2_SetRatio16
 .text.SetRatio
                0x000040e4       0x68 ./Generated_Code/PwmLdd2.o
 .text.SMasterLdd1_Init
                0x0000414c      0x11c ./Generated_Code/SMasterLdd1.o
                0x0000414c                SMasterLdd1_Init
 .text.SMasterLdd1_ReceiveBlock
                0x00004268       0x68 ./Generated_Code/SMasterLdd1.o
                0x00004268                SMasterLdd1_ReceiveBlock
 .text.SMasterLdd1_SendBlock
                0x000042d0       0x54 ./Generated_Code/SMasterLdd1.o
                0x000042d0                SMasterLdd1_SendBlock
 .text.SMasterLdd1_Interrupt
                0x00004324       0xe0 ./Generated_Code/SMasterLdd1.o
                0x00004324                SMasterLdd1_Interrupt
 .text.ExtIntLdd1_OnInterrupt
                0x00004404       0x14 ./Generated_Code/STP_BSY.o
                0x00004404                ExtIntLdd1_OnInterrupt
 .text.ExtIntLdd3_OnInterrupt
                0x00004418       0x14 ./Generated_Code/STP_REF.o
                0x00004418                ExtIntLdd3_OnInterrupt
 .text.Stepperspi_SendChar
                0x0000442c       0xa8 ./Generated_Code/Stepperspi.o
                0x0000442c                Stepperspi_SendChar
 .text.Stepperspi_Init
                0x000044d4       0x38 ./Generated_Code/Stepperspi.o
                0x000044d4                Stepperspi_Init
 .text.SMasterLdd1_OnBlockReceived
                0x0000450c       0x58 ./Generated_Code/Stepperspi.o
                0x0000450c                SMasterLdd1_OnBlockReceived
 .text.SMasterLdd1_OnBlockSent
                0x00004564       0x24 ./Generated_Code/Stepperspi.o
                0x00004564                SMasterLdd1_OnBlockSent
 .text.TU1_Init
                0x00004588       0xd8 ./Generated_Code/TU1.o
                0x00004588                TU1_Init
 .text.TU1_GetPeriodTicks
                0x00004660       0x3c ./Generated_Code/TU1.o
                0x00004660                TU1_GetPeriodTicks
 .text.TU1_SetOffsetTicks
                0x0000469c       0x44 ./Generated_Code/TU1.o
                0x0000469c                TU1_SetOffsetTicks
 .text.UTIL1_xatoi
                0x000046e0      0x1f0 ./Generated_Code/UTIL1.o
                0x000046e0                UTIL1_xatoi
 .text.UTIL1_ScanDecimal32uNumber
                0x000048d0       0xa8 ./Generated_Code/UTIL1.o
                0x000048d0                UTIL1_ScanDecimal32uNumber
 .text.UTIL1_ScanDecimal32sNumber
                0x00004978       0x9c ./Generated_Code/UTIL1.o
                0x00004978                UTIL1_ScanDecimal32sNumber
 .text.WAIT1_Wait10Cycles
                0x00004a14        0x8 ./Generated_Code/WAIT1.o
                0x00004a14                WAIT1_Wait10Cycles
 .text.WAIT1_Wait100Cycles
                0x00004a1c       0x18 ./Generated_Code/WAIT1.o
                0x00004a1c                WAIT1_Wait100Cycles
 .text.WAIT1_WaitCycles
                0x00004a34       0x44 ./Generated_Code/WAIT1.o
                0x00004a34                WAIT1_WaitCycles
 .text.WAIT1_WaitLongCycles
                0x00004a78       0x3c ./Generated_Code/WAIT1.o
                0x00004a78                WAIT1_WaitLongCycles
 .text.WAIT1_Waitms
                0x00004ab4       0x38 ./Generated_Code/WAIT1.o
                0x00004ab4                WAIT1_Waitms
 .text.pvPortMalloc
                0x00004aec      0x124 ./Generated_Code/heap_2.o
                0x00004aec                pvPortMalloc
 .text.vPortFree
                0x00004c10       0x70 ./Generated_Code/heap_2.o
                0x00004c10                vPortFree
 .text.prvHeapInit
                0x00004c80       0x4c ./Generated_Code/heap_2.o
 .text.vListInitialise
                0x00004ccc       0x3c ./Generated_Code/list.o
                0x00004ccc                vListInitialise
 .text.vListInitialiseItem
                0x00004d08       0x14 ./Generated_Code/list.o
                0x00004d08                vListInitialiseItem
 .text.vListInsertEnd
                0x00004d1c       0x44 ./Generated_Code/list.o
                0x00004d1c                vListInsertEnd
 .text.vListInsert
                0x00004d60       0x6c ./Generated_Code/list.o
                0x00004d60                vListInsert
 .text.uxListRemove
                0x00004dcc       0x50 ./Generated_Code/list.o
                0x00004dcc                uxListRemove
 .text.pxPortInitialiseStack
                0x00004e1c       0x50 ./Generated_Code/port.o
                0x00004e1c                pxPortInitialiseStack
 .text.vPortInitTickTimer
                0x00004e6c       0x3c ./Generated_Code/port.o
                0x00004e6c                vPortInitTickTimer
 .text.vPortStartTickTimer
                0x00004ea8       0x14 ./Generated_Code/port.o
                0x00004ea8                vPortStartTickTimer
 .text.vPortStopTickTimer
                0x00004ebc       0x14 ./Generated_Code/port.o
                0x00004ebc                vPortStopTickTimer
 .text.xPortStartScheduler
                0x00004ed0       0x4c ./Generated_Code/port.o
                0x00004ed0                xPortStartScheduler
 .text.vPortEnterCritical
                0x00004f1c       0x20 ./Generated_Code/port.o
                0x00004f1c                vPortEnterCritical
 .text.vPortExitCritical
                0x00004f3c       0x20 ./Generated_Code/port.o
                0x00004f3c                vPortExitCritical
 .text.vPortYieldFromISR
                0x00004f5c       0x1c ./Generated_Code/port.o
                0x00004f5c                vPortYieldFromISR
 .text.vPortTickHandler
                0x00004f78       0x1c ./Generated_Code/port.o
                0x00004f78                vPortTickHandler
 .text.vPortStartFirstTask
                0x00004f94       0x1c ./Generated_Code/port.o
                0x00004f94                vPortStartFirstTask
 .text.vPortSVCHandler
                0x00004fb0       0x28 ./Generated_Code/port.o
                0x00004fb0                vPortSVCHandler
 .text.vPortPendSVHandler
                0x00004fd8       0x44 ./Generated_Code/port.o
                0x00004fd8                vPortPendSVHandler
 .text.xTaskGenericCreate
                0x0000501c      0x16c ./Generated_Code/tasks.o
                0x0000501c                xTaskGenericCreate
 .text.vTaskDelay
                0x00005188       0x64 ./Generated_Code/tasks.o
                0x00005188                vTaskDelay
 .text.vTaskStartScheduler
                0x000051ec       0x64 ./Generated_Code/tasks.o
                0x000051ec                vTaskStartScheduler
 .text.vTaskSuspendAll
                0x00005250       0x18 ./Generated_Code/tasks.o
                0x00005250                vTaskSuspendAll
 .text.xTaskResumeAll
                0x00005268      0x108 ./Generated_Code/tasks.o
                0x00005268                xTaskResumeAll
 .text.xTaskIncrementTick
                0x00005370      0x17c ./Generated_Code/tasks.o
                0x00005370                xTaskIncrementTick
 .text.vTaskSwitchContext
                0x000054ec       0xc4 ./Generated_Code/tasks.o
                0x000054ec                vTaskSwitchContext
 .text.prvIdleTask
                0x000055b0       0x24 ./Generated_Code/tasks.o
 .text.prvInitialiseTCBVariables
                0x000055d4       0xa4 ./Generated_Code/tasks.o
 .text.prvInitialiseTaskLists
                0x00005678       0x7c ./Generated_Code/tasks.o
 .text.prvCheckTasksWaitingTermination
                0x000056f4        0x8 ./Generated_Code/tasks.o
 .text.prvAddCurrentTaskToDelayedList
                0x000056fc       0x6c ./Generated_Code/tasks.o
 .text.prvAllocateTCBAndStack
                0x00005768       0x78 ./Generated_Code/tasks.o
 .text.prvResetNextTaskUnblockTime
                0x000057e0       0x44 ./Generated_Code/tasks.o
 .text.__aeabi_fadd
                0x00005824      0x2c8 c:/freescale/kds_2.0.0/toolchain/bin/../lib/gcc/arm-none-eabi/4.8.0\libgcc.a(addsf3.o)
                0x00005824                __aeabi_fadd
 .text.__aeabi_fmul
                0x00005aec      0x1dc c:/freescale/kds_2.0.0/toolchain/bin/../lib/gcc/arm-none-eabi/4.8.0\libgcc.a(mulsf3.o)
                0x00005aec                __aeabi_fmul
 .text.__aeabi_f2iz
                0x00005cc8       0x40 c:/freescale/kds_2.0.0/toolchain/bin/../lib/gcc/arm-none-eabi/4.8.0\libgcc.a(fixsfsi.o)
                0x00005cc8                __aeabi_f2iz
 .text.__aeabi_i2f
                0x00005d08       0x94 c:/freescale/kds_2.0.0/toolchain/bin/../lib/gcc/arm-none-eabi/4.8.0\libgcc.a(floatsisf.o)
                0x00005d08                __aeabi_i2f
 .text.__eqdf2  0x00005d9c       0x7c c:/freescale/kds_2.0.0/toolchain/bin/../lib/gcc/arm-none-eabi/4.8.0\libgcc.a(eqdf2.o)
                0x00005d9c                __nedf2
                0x00005d9c                __eqdf2
 .text.__gedf2  0x00005e18       0xcc c:/freescale/kds_2.0.0/toolchain/bin/../lib/gcc/arm-none-eabi/4.8.0\libgcc.a(gedf2.o)
                0x00005e18                __gedf2
                0x00005e18                __gtdf2
 .text.__ledf2  0x00005ee4       0xd0 c:/freescale/kds_2.0.0/toolchain/bin/../lib/gcc/arm-none-eabi/4.8.0\libgcc.a(ledf2.o)
                0x00005ee4                __ledf2
                0x00005ee4                __ltdf2
 .text.__aeabi_i2d
                0x00005fb4       0x6c c:/freescale/kds_2.0.0/toolchain/bin/../lib/gcc/arm-none-eabi/4.8.0\libgcc.a(floatsidf.o)
                0x00005fb4                __aeabi_i2d
 .text.memcpy   0x00006020       0x12 c:/freescale/kds_2.0.0/toolchain/bin/../lib/gcc/arm-none-eabi/4.8.0/../../../../arm-none-eabi/lib\libg_s.a(lib_a-memcpy.o)
                0x00006020                memcpy
 .text.memset   0x00006032       0x12 c:/freescale/kds_2.0.0/toolchain/bin/../lib/gcc/arm-none-eabi/4.8.0/../../../../arm-none-eabi/lib\libg_s.a(lib_a-memset.o)
                0x00006032                memset
 .text.sprintf  0x00006044       0x44 c:/freescale/kds_2.0.0/toolchain/bin/../lib/gcc/arm-none-eabi/4.8.0/../../../../arm-none-eabi/lib\libg_s.a(lib_a-sprintf.o)
                0x00006044                siprintf
                0x00006044                sprintf
 .text.strcmp   0x00006088       0x14 c:/freescale/kds_2.0.0/toolchain/bin/../lib/gcc/arm-none-eabi/4.8.0/../../../../arm-none-eabi/lib\libg_s.a(lib_a-strcmp.o)
                0x00006088                strcmp
 .text.strlen   0x0000609c        0xe c:/freescale/kds_2.0.0/toolchain/bin/../lib/gcc/arm-none-eabi/4.8.0/../../../../arm-none-eabi/lib\libg_s.a(lib_a-strlen.o)
                0x0000609c                strlen
 .text.strncmp  0x000060aa       0x2c c:/freescale/kds_2.0.0/toolchain/bin/../lib/gcc/arm-none-eabi/4.8.0/../../../../arm-none-eabi/lib\libg_s.a(lib_a-strncmp.o)
                0x000060aa                strncmp
 *fill*         0x000060d6        0x2 
 .text.__ssputc_r
                0x000060d8       0xb0 c:/freescale/kds_2.0.0/toolchain/bin/../lib/gcc/arm-none-eabi/4.8.0/../../../../arm-none-eabi/lib\libg_s.a(lib_a-svfprintf.o)
                0x000060d8                __ssputc_r
 .text._svfprintf_r
                0x00006188      0x1f8 c:/freescale/kds_2.0.0/toolchain/bin/../lib/gcc/arm-none-eabi/4.8.0/../../../../arm-none-eabi/lib\libg_s.a(lib_a-svfprintf.o)
                0x00006188                _svfiprintf_r
                0x00006188                _svfprintf_r
 .text._sbrk    0x00006380       0x38 c:/freescale/kds_2.0.0/toolchain/bin/../lib/gcc/arm-none-eabi/4.8.0/../../../../arm-none-eabi/lib\libg_s.a(lib_a-syscalls.o)
                0x00006380                _sbrk
 .text._printf_common
                0x000063b8       0xe0 c:/freescale/kds_2.0.0/toolchain/bin/../lib/gcc/arm-none-eabi/4.8.0/../../../../arm-none-eabi/lib\libg_s.a(lib_a-vfprintf_i.o)
                0x000063b8                _printf_common
 .text._printf_i
                0x00006498      0x230 c:/freescale/kds_2.0.0/toolchain/bin/../lib/gcc/arm-none-eabi/4.8.0/../../../../arm-none-eabi/lib\libg_s.a(lib_a-vfprintf_i.o)
                0x00006498                _printf_i
 .text.__errno  0x000066c8        0xc c:/freescale/kds_2.0.0/toolchain/bin/../lib/gcc/arm-none-eabi/4.8.0/../../../../arm-none-eabi/lib\libg_s.a(lib_a-errno.o)
                0x000066c8                __errno
 .text._free_r  0x000066d4       0x90 c:/freescale/kds_2.0.0/toolchain/bin/../lib/gcc/arm-none-eabi/4.8.0/../../../../arm-none-eabi/lib\libg_s.a(lib_a-freer.o)
                0x000066d4                _free_r
 .text._malloc_r
                0x00006764       0x98 c:/freescale/kds_2.0.0/toolchain/bin/../lib/gcc/arm-none-eabi/4.8.0/../../../../arm-none-eabi/lib\libg_s.a(lib_a-mallocr.o)
                0x00006764                _malloc_r
 .text.memchr   0x000067fc       0x18 c:/freescale/kds_2.0.0/toolchain/bin/../lib/gcc/arm-none-eabi/4.8.0/../../../../arm-none-eabi/lib\libg_s.a(lib_a-memchr.o)
                0x000067fc                memchr
 .text._realloc_r
                0x00006814       0x4c c:/freescale/kds_2.0.0/toolchain/bin/../lib/gcc/arm-none-eabi/4.8.0/../../../../arm-none-eabi/lib\libg_s.a(lib_a-reallocr.o)
                0x00006814                _realloc_r
 .text._sbrk_r  0x00006860       0x24 c:/freescale/kds_2.0.0/toolchain/bin/../lib/gcc/arm-none-eabi/4.8.0/../../../../arm-none-eabi/lib\libg_s.a(lib_a-sbrkr.o)
                0x00006860                _sbrk_r
 .text._malloc_usable_size_r
                0x00006884       0x14 c:/freescale/kds_2.0.0/toolchain/bin/../lib/gcc/arm-none-eabi/4.8.0/../../../../arm-none-eabi/lib\libg_s.a(lib_a-msizer.o)
                0x00006884                _malloc_usable_size_r
 *(.rodata)
 .rodata        0x00006898      0x5b8 ./Sources/Stepper_driver/l6480.o
 .rodata        0x00006e50      0x1d4 ./Sources/BLDC.o
 .rodata        0x00007024      0x120 ./Sources/DC.o
 .rodata        0x00007144       0x1c ./Sources/Shell.o
 .rodata        0x00007160        0x8 ./Sources/main.o
 .rodata        0x00007168      0x168 ./Generated_Code/CLS1.o
 .rodata        0x000072d0        0x8 ./Generated_Code/tasks.o
 *(.rodata*)
 .rodata.CmdParserTable
                0x000072d8       0x14 ./Sources/Shell.o
 .rodata.CLS1_stdio
                0x000072ec       0x10 ./Generated_Code/CLS1.o
 .rodata._ctype_
                0x000072fc      0x101 c:/freescale/kds_2.0.0/toolchain/bin/../lib/gcc/arm-none-eabi/4.8.0/../../../../arm-none-eabi/lib\libg_s.a(lib_a-ctype_.o)
                0x000072fc                _ctype_
 .rodata.str1.1
                0x000073fd        0x2 c:/freescale/kds_2.0.0/toolchain/bin/../lib/gcc/arm-none-eabi/4.8.0/../../../../arm-none-eabi/lib\libg_s.a(lib_a-impure.o)
 .rodata.str1.1
                0x000073ff       0x11 c:/freescale/kds_2.0.0/toolchain/bin/../lib/gcc/arm-none-eabi/4.8.0/../../../../arm-none-eabi/lib\libg_s.a(lib_a-svfprintf.o)
 .rodata.str1.1
                0x00007410       0x22 c:/freescale/kds_2.0.0/toolchain/bin/../lib/gcc/arm-none-eabi/4.8.0/../../../../arm-none-eabi/lib\libg_s.a(lib_a-vfprintf_i.o)
 *(.glue_7)
 .glue_7        0x00000000        0x0 linker stubs
 *(.glue_7t)
 .glue_7t       0x00000000        0x0 linker stubs
 *(.eh_frame)
 *fill*         0x00007432        0x2 
 .eh_frame      0x00007434        0x0 c:/freescale/kds_2.0.0/toolchain/bin/../lib/gcc/arm-none-eabi/4.8.0/crtbegin.o
 *(.init)
 .init          0x00007434        0x4 c:/freescale/kds_2.0.0/toolchain/bin/../lib/gcc/arm-none-eabi/4.8.0/crti.o
                0x00007434                _init
 .init          0x00007438        0x8 c:/freescale/kds_2.0.0/toolchain/bin/../lib/gcc/arm-none-eabi/4.8.0/crtn.o
 *(.fini)
 .fini          0x00007440        0x4 c:/freescale/kds_2.0.0/toolchain/bin/../lib/gcc/arm-none-eabi/4.8.0/crti.o
                0x00007440                _fini
 .fini          0x00007444        0x8 c:/freescale/kds_2.0.0/toolchain/bin/../lib/gcc/arm-none-eabi/4.8.0/crtn.o
                0x0000744c                . = ALIGN (0x4)
                0x0000744c                _etext = .

.vfp11_veneer   0x0000744c        0x0
 .vfp11_veneer  0x00000000        0x0 linker stubs

.v4_bx          0x0000744c        0x0
 .v4_bx         0x00000000        0x0 linker stubs

.iplt           0x0000744c        0x0
 .iplt          0x00000000        0x0 c:/freescale/kds_2.0.0/toolchain/bin/../lib/gcc/arm-none-eabi/4.8.0/crtbegin.o

.rel.dyn        0x0000744c        0x0
 .rel.iplt      0x00000000        0x0 c:/freescale/kds_2.0.0/toolchain/bin/../lib/gcc/arm-none-eabi/4.8.0/crtbegin.o

.ARM.extab
 *(.ARM.extab* .gnu.linkonce.armextab.*)

.ARM            0x0000744c        0x0
                0x0000744c                __exidx_start = .
 *(.ARM.exidx*)
                0x0000744c                __exidx_end = .

.ctors          0x0000744c        0x0
                0x0000744c                __CTOR_LIST__ = .
 *crtbegin.o(.ctors)
 *(EXCLUDE_FILE(*crtend.o) .ctors)
 *(SORT(.ctors.*))
 *(.ctors)
                0x0000744c                __CTOR_END__ = .

.dtors          0x0000744c        0x0
                0x0000744c                __DTOR_LIST__ = .
 *crtbegin.o(.dtors)
 *(EXCLUDE_FILE(*crtend.o) .dtors)
 *(SORT(.dtors.*))
 *(.dtors)
                0x0000744c                __DTOR_END__ = .

.preinit_array  0x0000744c        0x0
                0x0000744c                PROVIDE (__preinit_array_start, .)
 *(.preinit_array*)
                0x0000744c                PROVIDE (__preinit_array_end, .)

.init_array     0x0000744c        0x4
                0x0000744c                PROVIDE (__init_array_start, .)
 *(SORT(.init_array.*))
 *(.init_array*)
 .init_array    0x0000744c        0x4 c:/freescale/kds_2.0.0/toolchain/bin/../lib/gcc/arm-none-eabi/4.8.0/crtbegin.o
                0x00007450                PROVIDE (__init_array_end, .)

.fini_array     0x00007450        0x4
                0x00007450                PROVIDE (__fini_array_start, .)
 *(SORT(.fini_array.*))
 *(.fini_array*)
 .fini_array    0x00007450        0x4 c:/freescale/kds_2.0.0/toolchain/bin/../lib/gcc/arm-none-eabi/4.8.0/crtbegin.o
                0x00007454                PROVIDE (__fini_array_end, .)
                0x00007454                ___ROM_AT = .

.mtb            0x1ffff000        0x0
                0x1ffff000                . = ALIGN (0x8)
                0x1ffff000                _mtb_start = .
 *(.mtb_buf)
                0x1ffff000                . = ALIGN (0x8)
                0x1ffff000                _mtb_end = .

.data           0x1ffff000      0x2b4 load address 0x00007454
                0x1ffff000                . = ALIGN (0x4)
                0x1ffff000                _sdata = .
 *(.data)
 *(.data*)
 .data.CLS1_currStdIO
                0x1ffff000        0x4 ./Generated_Code/CLS1.o
 .data.xFreeBytesRemaining
                0x1ffff004        0x4 ./Generated_Code/heap_2.o
 .data.uxCriticalNesting
                0x1ffff008        0x4 ./Generated_Code/port.o
 .data.xNextTaskUnblockTime
                0x1ffff00c        0x4 ./Generated_Code/tasks.o
 .data.__ctype_ptr__
                0x1ffff010        0x4 c:/freescale/kds_2.0.0/toolchain/bin/../lib/gcc/arm-none-eabi/4.8.0/../../../../arm-none-eabi/lib\libg_s.a(lib_a-ctype_.o)
                0x1ffff010                __ctype_ptr__
 *fill*         0x1ffff014        0x4 
 .data.impure_data
                0x1ffff018      0x298 c:/freescale/kds_2.0.0/toolchain/bin/../lib/gcc/arm-none-eabi/4.8.0/../../../../arm-none-eabi/lib\libg_s.a(lib_a-impure.o)
 .data._impure_ptr
                0x1ffff2b0        0x4 c:/freescale/kds_2.0.0/toolchain/bin/../lib/gcc/arm-none-eabi/4.8.0/../../../../arm-none-eabi/lib\libg_s.a(lib_a-impure.o)
                0x1ffff2b0                _impure_ptr
                0x1ffff2b4                . = ALIGN (0x4)
                0x1ffff2b4                _edata = .
                0x000002b4                ___data_size = (_edata - _sdata)

.jcr            0x1ffff2b4        0x0 load address 0x00007708
 .jcr           0x1ffff2b4        0x0 c:/freescale/kds_2.0.0/toolchain/bin/../lib/gcc/arm-none-eabi/4.8.0/crtbegin.o

.tm_clone_table
                0x1ffff2b4        0x0 load address 0x00007708
 .tm_clone_table
                0x1ffff2b4        0x0 c:/freescale/kds_2.0.0/toolchain/bin/../lib/gcc/arm-none-eabi/4.8.0/crtbegin.o
 .tm_clone_table
                0x1ffff2b4        0x0 c:/freescale/kds_2.0.0/toolchain/bin/../lib/gcc/arm-none-eabi/4.8.0/crtend.o

.igot.plt       0x1ffff2b4        0x0 load address 0x00007708
 .igot.plt      0x00000000        0x0 c:/freescale/kds_2.0.0/toolchain/bin/../lib/gcc/arm-none-eabi/4.8.0/crtbegin.o
                0x1ffff2b4                . = ALIGN (0x4)

.bss            0x1ffff2b4     0x215c load address 0x00007708
                0x1ffff2b4                __START_BSS = .
                0x1ffff2b4                PROVIDE (__bss_start__, __START_BSS)
 *(.bss)
 *(.bss*)
 .bss.completed.6137
                0x1ffff2b4        0x1 c:/freescale/kds_2.0.0/toolchain/bin/../lib/gcc/arm-none-eabi/4.8.0/crtbegin.o
 *fill*         0x1ffff2b5        0x3 
 .bss.object.6142
                0x1ffff2b8       0x18 c:/freescale/kds_2.0.0/toolchain/bin/../lib/gcc/arm-none-eabi/4.8.0/crtbegin.o
 .bss.BLDC_enable
                0x1ffff2d0        0x4 ./Sources/BLDC.o
 .bss.BLDC_rpm  0x1ffff2d4        0x4 ./Sources/BLDC.o
 .bss.BLDC_PWM_ratio
                0x1ffff2d8        0x4 ./Sources/BLDC.o
 .bss.argv      0x1ffff2dc       0x28 ./Project_Settings/Startup_Code/startup.o
 .bss.SerFlag   0x1ffff304        0x2 ./Generated_Code/AS1.o
 .bss.BufferRead
                0x1ffff306        0x1 ./Generated_Code/AS1.o
 .bss.OutBuffer
                0x1ffff307        0x1 ./Generated_Code/AS1.o
 .bss.DeviceDataPrv__DEFAULT_RTOS_ALLOC
                0x1ffff308       0x20 ./Generated_Code/ASerialLdd1.o
 .bss.DeviceDataPrv__DEFAULT_RTOS_ALLOC
                0x1ffff328        0x4 ./Generated_Code/BitIoLdd1.o
 .bss.DeviceDataPrv__DEFAULT_RTOS_ALLOC
                0x1ffff32c        0x4 ./Generated_Code/BitIoLdd2.o
 .bss.DeviceDataPrv__DEFAULT_RTOS_ALLOC
                0x1ffff330        0x4 ./Generated_Code/BitIoLdd3.o
 .bss.DeviceDataPrv__DEFAULT_RTOS_ALLOC
                0x1ffff334        0x4 ./Generated_Code/BitIoLdd4.o
 .bss.DeviceDataPrv__DEFAULT_RTOS_ALLOC
                0x1ffff338        0x4 ./Generated_Code/BitIoLdd6.o
 .bss.SR_lock   0x1ffff33c        0x1 ./Generated_Code/Cpu.o
                0x1ffff33c                SR_lock
 *fill*         0x1ffff33d        0x3 
 .bss.DeviceDataPrv__DEFAULT_RTOS_ALLOC
                0x1ffff340        0x4 ./Generated_Code/ExtIntLdd1.o
 .bss.INT_PORTD__BAREBOARD_RTOS_ISRPARAM
                0x1ffff344        0x4 ./Generated_Code/ExtIntLdd1.o
 .bss.DeviceDataPrv__DEFAULT_RTOS_ALLOC
                0x1ffff348        0x4 ./Generated_Code/ExtIntLdd3.o
 .bss.INT_PORTA__BAREBOARD_RTOS_ISRPARAM
                0x1ffff34c        0x4 ./Generated_Code/ExtIntLdd3.o
 .bss.PE_LDD_DeviceDataList
                0x1ffff350       0x2c ./Generated_Code/PE_LDD.o
                0x1ffff350                PE_LDD_DeviceDataList
 .bss.DeviceDataPrv__DEFAULT_RTOS_ALLOC
                0x1ffff37c        0xc ./Generated_Code/PwmLdd2.o
 .bss.DeviceDataPrv__DEFAULT_RTOS_ALLOC
                0x1ffff388       0x1c ./Generated_Code/SMasterLdd1.o
 .bss.INT_SPI1__BAREBOARD_RTOS_ISRPARAM
                0x1ffff3a4        0x4 ./Generated_Code/SMasterLdd1.o
 .bss.SerFlag   0x1ffff3a8        0x1 ./Generated_Code/Stepperspi.o
 .bss.BufferRead
                0x1ffff3a9        0x1 ./Generated_Code/Stepperspi.o
 .bss.OutBuffer
                0x1ffff3aa        0x1 ./Generated_Code/Stepperspi.o
 *fill*         0x1ffff3ab        0x1 
 .bss.DeviceDataPrv__DEFAULT_RTOS_ALLOC
                0x1ffff3ac        0x8 ./Generated_Code/TU1.o
 .bss.ucHeap    0x1ffff3b4     0x1f40 ./Generated_Code/heap_2.o
 .bss.xStart    0x200012f4        0x8 ./Generated_Code/heap_2.o
 .bss.xEnd      0x200012fc        0x8 ./Generated_Code/heap_2.o
 .bss.xHeapHasBeenInitialised.6922
                0x20001304        0x4 ./Generated_Code/heap_2.o
 .bss.xJumpBuf  0x20001308       0x5c ./Generated_Code/port.o
 .bss.pxCurrentTCB
                0x20001364        0x4 ./Generated_Code/tasks.o
                0x20001364                pxCurrentTCB
 .bss.pxReadyTasksLists
                0x20001368       0x14 ./Generated_Code/tasks.o
 .bss.xDelayedTaskList1
                0x2000137c       0x14 ./Generated_Code/tasks.o
 .bss.xDelayedTaskList2
                0x20001390       0x14 ./Generated_Code/tasks.o
 .bss.pxDelayedTaskList
                0x200013a4        0x4 ./Generated_Code/tasks.o
 .bss.pxOverflowDelayedTaskList
                0x200013a8        0x4 ./Generated_Code/tasks.o
 .bss.xPendingReadyList
                0x200013ac       0x14 ./Generated_Code/tasks.o
 .bss.xSuspendedTaskList
                0x200013c0       0x14 ./Generated_Code/tasks.o
 .bss.uxCurrentNumberOfTasks
                0x200013d4        0x4 ./Generated_Code/tasks.o
 .bss.xTickCount
                0x200013d8        0x4 ./Generated_Code/tasks.o
 .bss.uxTopReadyPriority
                0x200013dc        0x4 ./Generated_Code/tasks.o
 .bss.xSchedulerRunning
                0x200013e0        0x4 ./Generated_Code/tasks.o
 .bss.uxPendedTicks
                0x200013e4        0x4 ./Generated_Code/tasks.o
 .bss.xYieldPending
                0x200013e8        0x4 ./Generated_Code/tasks.o
 .bss.xNumOfOverflows
                0x200013ec        0x4 ./Generated_Code/tasks.o
 .bss.uxTaskNumber
                0x200013f0        0x4 ./Generated_Code/tasks.o
 .bss.uxSchedulerSuspended
                0x200013f4        0x4 ./Generated_Code/tasks.o
 .bss.heap_end.5175
                0x200013f8        0x4 c:/freescale/kds_2.0.0/toolchain/bin/../lib/gcc/arm-none-eabi/4.8.0/../../../../arm-none-eabi/lib\libg_s.a(lib_a-syscalls.o)
 .bss.__malloc_free_list
                0x200013fc        0x4 c:/freescale/kds_2.0.0/toolchain/bin/../lib/gcc/arm-none-eabi/4.8.0/../../../../arm-none-eabi/lib\libg_s.a(lib_a-mallocr.o)
                0x200013fc                __malloc_free_list
 *(COMMON)
 COMMON         0x20001400        0x4 ./Generated_Code/AS1.o
                0x20001400                ASerialLdd1_DeviceDataPtr
 COMMON         0x20001404        0x1 ./Generated_Code/Cpu.o
                0x20001404                SR_reg
 *fill*         0x20001405        0x3 
 COMMON         0x20001408        0x4 ./Generated_Code/Stepperspi.o
                0x20001408                SMasterLdd1_DeviceDataPtr
 COMMON         0x2000140c        0x4 c:/freescale/kds_2.0.0/toolchain/bin/../lib/gcc/arm-none-eabi/4.8.0/../../../../arm-none-eabi/lib\libg_s.a(lib_a-reent.o)
                0x2000140c                errno
                0x20001410                . = ALIGN (0x4)
                0x20001410                __END_BSS = .
                0x20001410                PROVIDE (__bss_end__, __END_BSS)
                0x00007708                _romp_at = (___ROM_AT + SIZEOF (.data))

.romp           0x20001410       0x18 load address 0x00007708
                0x00007708                __S_romp = _romp_at
                0x20001410        0x4 LONG 0x7454 ___ROM_AT
                0x20001414        0x4 LONG 0x1ffff000 _sdata
                0x20001418        0x4 LONG 0x2b4 ___data_size
                0x2000141c        0x4 LONG 0x0
                0x20001420        0x4 LONG 0x0
                0x20001424        0x4 LONG 0x0

._user_heap_stack
                0x20001428      0x420 load address 0x00007720
                0x20001428                . = ALIGN (0x4)
                0x20001428                PROVIDE (end, .)
                0x20001428                PROVIDE (_end, .)
                0x20001428                __heap_addr = .
                0x20001428                __HeapBase = .
                0x20001448                . = (. + __heap_size)
 *fill*         0x20001428       0x20 
                0x20001448                __HeapLimit = .
                0x20001848                . = (. + __stack_size)
 *fill*         0x20001448      0x400 
                0x20001848                . = ALIGN (0x4)

.ARM.attributes
                0x00000000       0x2d
 *(.ARM.attributes)
 .ARM.attributes
                0x00000000       0x23 c:/freescale/kds_2.0.0/toolchain/bin/../lib/gcc/arm-none-eabi/4.8.0/crti.o
 .ARM.attributes
                0x00000023       0x31 c:/freescale/kds_2.0.0/toolchain/bin/../lib/gcc/arm-none-eabi/4.8.0/crtbegin.o
 .ARM.attributes
                0x00000054       0x32 ./Sources/Stepper_driver/l6480.o
 .ARM.attributes
                0x00000086       0x32 ./Sources/BLDC.o
 .ARM.attributes
                0x000000b8       0x32 ./Sources/DC.o
 .ARM.attributes
                0x000000ea       0x32 ./Sources/Error.o
 .ARM.attributes
                0x0000011c       0x32 ./Sources/Events.o
 .ARM.attributes
                0x0000014e       0x32 ./Sources/Shell.o
 .ARM.attributes
                0x00000180       0x32 ./Sources/main.o
 .ARM.attributes
                0x000001b2       0x32 ./Project_Settings/Startup_Code/startup.o
 .ARM.attributes
                0x000001e4       0x32 ./Generated_Code/AS1.o
 .ARM.attributes
                0x00000216       0x32 ./Generated_Code/ASerialLdd1.o
 .ARM.attributes
                0x00000248       0x32 ./Generated_Code/BitIoLdd1.o
 .ARM.attributes
                0x0000027a       0x32 ./Generated_Code/BitIoLdd2.o
 .ARM.attributes
                0x000002ac       0x32 ./Generated_Code/BitIoLdd3.o
 .ARM.attributes
                0x000002de       0x32 ./Generated_Code/BitIoLdd4.o
 .ARM.attributes
                0x00000310       0x32 ./Generated_Code/BitIoLdd6.o
 .ARM.attributes
                0x00000342       0x32 ./Generated_Code/CLS1.o
 .ARM.attributes
                0x00000374       0x32 ./Generated_Code/Cpu.o
 .ARM.attributes
                0x000003a6       0x32 ./Generated_Code/ExtIntLdd1.o
 .ARM.attributes
                0x000003d8       0x32 ./Generated_Code/ExtIntLdd3.o
 .ARM.attributes
                0x0000040a       0x32 ./Generated_Code/PE_LDD.o
 .ARM.attributes
                0x0000043c       0x32 ./Generated_Code/PwmLdd2.o
 .ARM.attributes
                0x0000046e       0x32 ./Generated_Code/SMasterLdd1.o
 .ARM.attributes
                0x000004a0       0x32 ./Generated_Code/STP_BSY.o
 .ARM.attributes
                0x000004d2       0x32 ./Generated_Code/STP_REF.o
 .ARM.attributes
                0x00000504       0x32 ./Generated_Code/Stepperspi.o
 .ARM.attributes
                0x00000536       0x32 ./Generated_Code/TU1.o
 .ARM.attributes
                0x00000568       0x32 ./Generated_Code/UTIL1.o
 .ARM.attributes
                0x0000059a       0x32 ./Generated_Code/Vectors.o
 .ARM.attributes
                0x000005cc       0x32 ./Generated_Code/WAIT1.o
 .ARM.attributes
                0x000005fe       0x32 ./Generated_Code/heap_2.o
 .ARM.attributes
                0x00000630       0x32 ./Generated_Code/list.o
 .ARM.attributes
                0x00000662       0x32 ./Generated_Code/port.o
 .ARM.attributes
                0x00000694       0x32 ./Generated_Code/tasks.o
 .ARM.attributes
                0x000006c6       0x23 c:/freescale/kds_2.0.0/toolchain/bin/../lib/gcc/arm-none-eabi/4.8.0\libgcc.a(_udivsi3.o)
 .ARM.attributes
                0x000006e9       0x23 c:/freescale/kds_2.0.0/toolchain/bin/../lib/gcc/arm-none-eabi/4.8.0\libgcc.a(_dvmd_tls.o)
 .ARM.attributes
                0x0000070c       0x23 c:/freescale/kds_2.0.0/toolchain/bin/../lib/gcc/arm-none-eabi/4.8.0\libgcc.a(_arm_cmpdf2.o)
 .ARM.attributes
                0x0000072f       0x31 c:/freescale/kds_2.0.0/toolchain/bin/../lib/gcc/arm-none-eabi/4.8.0\libgcc.a(addsf3.o)
 .ARM.attributes
                0x00000760       0x31 c:/freescale/kds_2.0.0/toolchain/bin/../lib/gcc/arm-none-eabi/4.8.0\libgcc.a(mulsf3.o)
 .ARM.attributes
                0x00000791       0x31 c:/freescale/kds_2.0.0/toolchain/bin/../lib/gcc/arm-none-eabi/4.8.0\libgcc.a(fixsfsi.o)
 .ARM.attributes
                0x000007c2       0x31 c:/freescale/kds_2.0.0/toolchain/bin/../lib/gcc/arm-none-eabi/4.8.0\libgcc.a(floatsisf.o)
 .ARM.attributes
                0x000007f3       0x31 c:/freescale/kds_2.0.0/toolchain/bin/../lib/gcc/arm-none-eabi/4.8.0\libgcc.a(eqdf2.o)
 .ARM.attributes
                0x00000824       0x31 c:/freescale/kds_2.0.0/toolchain/bin/../lib/gcc/arm-none-eabi/4.8.0\libgcc.a(gedf2.o)
 .ARM.attributes
                0x00000855       0x31 c:/freescale/kds_2.0.0/toolchain/bin/../lib/gcc/arm-none-eabi/4.8.0\libgcc.a(ledf2.o)
 .ARM.attributes
                0x00000886       0x31 c:/freescale/kds_2.0.0/toolchain/bin/../lib/gcc/arm-none-eabi/4.8.0\libgcc.a(floatsidf.o)
 .ARM.attributes
                0x000008b7       0x23 c:/freescale/kds_2.0.0/toolchain/bin/../lib/gcc/arm-none-eabi/4.8.0\libgcc.a(_thumb1_case_uqi.o)
 .ARM.attributes
                0x000008da       0x23 c:/freescale/kds_2.0.0/toolchain/bin/../lib/gcc/arm-none-eabi/4.8.0\libgcc.a(_clzsi2.o)
 .ARM.attributes
                0x000008fd       0x31 c:/freescale/kds_2.0.0/toolchain/bin/../lib/gcc/arm-none-eabi/4.8.0/../../../../arm-none-eabi/lib\libg_s.a(lib_a-ctype_.o)
 .ARM.attributes
                0x0000092e       0x31 c:/freescale/kds_2.0.0/toolchain/bin/../lib/gcc/arm-none-eabi/4.8.0/../../../../arm-none-eabi/lib\libg_s.a(lib_a-impure.o)
 .ARM.attributes
                0x0000095f       0x31 c:/freescale/kds_2.0.0/toolchain/bin/../lib/gcc/arm-none-eabi/4.8.0/../../../../arm-none-eabi/lib\libg_s.a(lib_a-memcpy.o)
 .ARM.attributes
                0x00000990       0x31 c:/freescale/kds_2.0.0/toolchain/bin/../lib/gcc/arm-none-eabi/4.8.0/../../../../arm-none-eabi/lib\libg_s.a(lib_a-memset.o)
 .ARM.attributes
                0x000009c1       0x21 c:/freescale/kds_2.0.0/toolchain/bin/../lib/gcc/arm-none-eabi/4.8.0/../../../../arm-none-eabi/lib\libg_s.a(lib_a-setjmp.o)
 .ARM.attributes
                0x000009e2       0x31 c:/freescale/kds_2.0.0/toolchain/bin/../lib/gcc/arm-none-eabi/4.8.0/../../../../arm-none-eabi/lib\libg_s.a(lib_a-sprintf.o)
 .ARM.attributes
                0x00000a13       0x31 c:/freescale/kds_2.0.0/toolchain/bin/../lib/gcc/arm-none-eabi/4.8.0/../../../../arm-none-eabi/lib\libg_s.a(lib_a-strcmp.o)
 .ARM.attributes
                0x00000a44       0x31 c:/freescale/kds_2.0.0/toolchain/bin/../lib/gcc/arm-none-eabi/4.8.0/../../../../arm-none-eabi/lib\libg_s.a(lib_a-strlen.o)
 .ARM.attributes
                0x00000a75       0x31 c:/freescale/kds_2.0.0/toolchain/bin/../lib/gcc/arm-none-eabi/4.8.0/../../../../arm-none-eabi/lib\libg_s.a(lib_a-strncmp.o)
 .ARM.attributes
                0x00000aa6       0x31 c:/freescale/kds_2.0.0/toolchain/bin/../lib/gcc/arm-none-eabi/4.8.0/../../../../arm-none-eabi/lib\libg_s.a(lib_a-svfprintf.o)
 .ARM.attributes
                0x00000ad7       0x31 c:/freescale/kds_2.0.0/toolchain/bin/../lib/gcc/arm-none-eabi/4.8.0/../../../../arm-none-eabi/lib\libg_s.a(lib_a-syscalls.o)
 .ARM.attributes
                0x00000b08       0x31 c:/freescale/kds_2.0.0/toolchain/bin/../lib/gcc/arm-none-eabi/4.8.0/../../../../arm-none-eabi/lib\libg_s.a(lib_a-vfprintf_i.o)
 .ARM.attributes
                0x00000b39       0x31 c:/freescale/kds_2.0.0/toolchain/bin/../lib/gcc/arm-none-eabi/4.8.0/../../../../arm-none-eabi/lib\libg_s.a(lib_a-errno.o)
 .ARM.attributes
                0x00000b6a       0x31 c:/freescale/kds_2.0.0/toolchain/bin/../lib/gcc/arm-none-eabi/4.8.0/../../../../arm-none-eabi/lib\libg_s.a(lib_a-freer.o)
 .ARM.attributes
                0x00000b9b       0x31 c:/freescale/kds_2.0.0/toolchain/bin/../lib/gcc/arm-none-eabi/4.8.0/../../../../arm-none-eabi/lib\libg_s.a(lib_a-mallocr.o)
 .ARM.attributes
                0x00000bcc       0x31 c:/freescale/kds_2.0.0/toolchain/bin/../lib/gcc/arm-none-eabi/4.8.0/../../../../arm-none-eabi/lib\libg_s.a(lib_a-memchr.o)
 .ARM.attributes
                0x00000bfd       0x31 c:/freescale/kds_2.0.0/toolchain/bin/../lib/gcc/arm-none-eabi/4.8.0/../../../../arm-none-eabi/lib\libg_s.a(lib_a-reallocr.o)
 .ARM.attributes
                0x00000c2e       0x31 c:/freescale/kds_2.0.0/toolchain/bin/../lib/gcc/arm-none-eabi/4.8.0/../../../../arm-none-eabi/lib\libg_s.a(lib_a-sbrkr.o)
 .ARM.attributes
                0x00000c5f       0x31 c:/freescale/kds_2.0.0/toolchain/bin/../lib/gcc/arm-none-eabi/4.8.0/../../../../arm-none-eabi/lib\libg_s.a(lib_a-msizer.o)
 .ARM.attributes
                0x00000c90       0x31 c:/freescale/kds_2.0.0/toolchain/bin/../lib/gcc/arm-none-eabi/4.8.0/../../../../arm-none-eabi/lib\libg_s.a(lib_a-reent.o)
 .ARM.attributes
                0x00000cc1       0x31 c:/freescale/kds_2.0.0/toolchain/bin/../lib/gcc/arm-none-eabi/4.8.0/crtend.o
 .ARM.attributes
                0x00000cf2       0x23 c:/freescale/kds_2.0.0/toolchain/bin/../lib/gcc/arm-none-eabi/4.8.0/crtn.o
OUTPUT(Shell.elf elf32-littlearm)

.comment        0x00000000       0x2a
 .comment       0x00000000       0x2a c:/freescale/kds_2.0.0/toolchain/bin/../lib/gcc/arm-none-eabi/4.8.0/crtbegin.o
                                 0x2b (size before relaxing)
 .comment       0x00000000       0x2b ./Sources/Stepper_driver/l6480.o
 .comment       0x00000000       0x2b ./Sources/BLDC.o
 .comment       0x00000000       0x2b ./Sources/DC.o
 .comment       0x00000000       0x2b ./Sources/Error.o
 .comment       0x00000000       0x2b ./Sources/Events.o
 .comment       0x00000000       0x2b ./Sources/Shell.o
 .comment       0x00000000       0x2b ./Sources/main.o
 .comment       0x00000000       0x2b ./Project_Settings/Startup_Code/startup.o
 .comment       0x00000000       0x2b ./Generated_Code/AS1.o
 .comment       0x00000000       0x2b ./Generated_Code/ASerialLdd1.o
 .comment       0x00000000       0x2b ./Generated_Code/BitIoLdd1.o
 .comment       0x00000000       0x2b ./Generated_Code/BitIoLdd2.o
 .comment       0x00000000       0x2b ./Generated_Code/BitIoLdd3.o
 .comment       0x00000000       0x2b ./Generated_Code/BitIoLdd4.o
 .comment       0x00000000       0x2b ./Generated_Code/BitIoLdd6.o
 .comment       0x00000000       0x2b ./Generated_Code/CLS1.o
 .comment       0x00000000       0x2b ./Generated_Code/Cpu.o
 .comment       0x00000000       0x2b ./Generated_Code/ExtIntLdd1.o
 .comment       0x00000000       0x2b ./Generated_Code/ExtIntLdd3.o
 .comment       0x00000000       0x2b ./Generated_Code/PE_LDD.o
 .comment       0x00000000       0x2b ./Generated_Code/PwmLdd2.o
 .comment       0x00000000       0x2b ./Generated_Code/SMasterLdd1.o
 .comment       0x00000000       0x2b ./Generated_Code/STP_BSY.o
 .comment       0x00000000       0x2b ./Generated_Code/STP_REF.o
 .comment       0x00000000       0x2b ./Generated_Code/Stepperspi.o
 .comment       0x00000000       0x2b ./Generated_Code/TU1.o
 .comment       0x00000000       0x2b ./Generated_Code/UTIL1.o
 .comment       0x00000000       0x2b ./Generated_Code/Vectors.o
 .comment       0x00000000       0x2b ./Generated_Code/WAIT1.o
 .comment       0x00000000       0x2b ./Generated_Code/heap_2.o
 .comment       0x00000000       0x2b ./Generated_Code/list.o
 .comment       0x00000000       0x2b ./Generated_Code/port.o
 .comment       0x00000000       0x2b ./Generated_Code/tasks.o
 .comment       0x00000000       0x2b c:/freescale/kds_2.0.0/toolchain/bin/../lib/gcc/arm-none-eabi/4.8.0\libgcc.a(addsf3.o)
 .comment       0x00000000       0x2b c:/freescale/kds_2.0.0/toolchain/bin/../lib/gcc/arm-none-eabi/4.8.0\libgcc.a(mulsf3.o)
 .comment       0x00000000       0x2b c:/freescale/kds_2.0.0/toolchain/bin/../lib/gcc/arm-none-eabi/4.8.0\libgcc.a(fixsfsi.o)
 .comment       0x00000000       0x2b c:/freescale/kds_2.0.0/toolchain/bin/../lib/gcc/arm-none-eabi/4.8.0\libgcc.a(floatsisf.o)
 .comment       0x00000000       0x2b c:/freescale/kds_2.0.0/toolchain/bin/../lib/gcc/arm-none-eabi/4.8.0\libgcc.a(eqdf2.o)
 .comment       0x00000000       0x2b c:/freescale/kds_2.0.0/toolchain/bin/../lib/gcc/arm-none-eabi/4.8.0\libgcc.a(gedf2.o)
 .comment       0x00000000       0x2b c:/freescale/kds_2.0.0/toolchain/bin/../lib/gcc/arm-none-eabi/4.8.0\libgcc.a(ledf2.o)
 .comment       0x00000000       0x2b c:/freescale/kds_2.0.0/toolchain/bin/../lib/gcc/arm-none-eabi/4.8.0\libgcc.a(floatsidf.o)
 .comment       0x00000000       0x2b c:/freescale/kds_2.0.0/toolchain/bin/../lib/gcc/arm-none-eabi/4.8.0/../../../../arm-none-eabi/lib\libg_s.a(lib_a-ctype_.o)
 .comment       0x00000000       0x2b c:/freescale/kds_2.0.0/toolchain/bin/../lib/gcc/arm-none-eabi/4.8.0/../../../../arm-none-eabi/lib\libg_s.a(lib_a-impure.o)
 .comment       0x00000000       0x2b c:/freescale/kds_2.0.0/toolchain/bin/../lib/gcc/arm-none-eabi/4.8.0/../../../../arm-none-eabi/lib\libg_s.a(lib_a-memcpy.o)
 .comment       0x00000000       0x2b c:/freescale/kds_2.0.0/toolchain/bin/../lib/gcc/arm-none-eabi/4.8.0/../../../../arm-none-eabi/lib\libg_s.a(lib_a-memset.o)
 .comment       0x00000000       0x2b c:/freescale/kds_2.0.0/toolchain/bin/../lib/gcc/arm-none-eabi/4.8.0/../../../../arm-none-eabi/lib\libg_s.a(lib_a-sprintf.o)
 .comment       0x00000000       0x2b c:/freescale/kds_2.0.0/toolchain/bin/../lib/gcc/arm-none-eabi/4.8.0/../../../../arm-none-eabi/lib\libg_s.a(lib_a-strcmp.o)
 .comment       0x00000000       0x2b c:/freescale/kds_2.0.0/toolchain/bin/../lib/gcc/arm-none-eabi/4.8.0/../../../../arm-none-eabi/lib\libg_s.a(lib_a-strlen.o)
 .comment       0x00000000       0x2b c:/freescale/kds_2.0.0/toolchain/bin/../lib/gcc/arm-none-eabi/4.8.0/../../../../arm-none-eabi/lib\libg_s.a(lib_a-strncmp.o)
 .comment       0x00000000       0x2b c:/freescale/kds_2.0.0/toolchain/bin/../lib/gcc/arm-none-eabi/4.8.0/../../../../arm-none-eabi/lib\libg_s.a(lib_a-svfprintf.o)
 .comment       0x00000000       0x2b c:/freescale/kds_2.0.0/toolchain/bin/../lib/gcc/arm-none-eabi/4.8.0/../../../../arm-none-eabi/lib\libg_s.a(lib_a-syscalls.o)
 .comment       0x00000000       0x2b c:/freescale/kds_2.0.0/toolchain/bin/../lib/gcc/arm-none-eabi/4.8.0/../../../../arm-none-eabi/lib\libg_s.a(lib_a-vfprintf_i.o)
 .comment       0x00000000       0x2b c:/freescale/kds_2.0.0/toolchain/bin/../lib/gcc/arm-none-eabi/4.8.0/../../../../arm-none-eabi/lib\libg_s.a(lib_a-errno.o)
 .comment       0x00000000       0x2b c:/freescale/kds_2.0.0/toolchain/bin/../lib/gcc/arm-none-eabi/4.8.0/../../../../arm-none-eabi/lib\libg_s.a(lib_a-freer.o)
 .comment       0x00000000       0x2b c:/freescale/kds_2.0.0/toolchain/bin/../lib/gcc/arm-none-eabi/4.8.0/../../../../arm-none-eabi/lib\libg_s.a(lib_a-mallocr.o)
 .comment       0x00000000       0x2b c:/freescale/kds_2.0.0/toolchain/bin/../lib/gcc/arm-none-eabi/4.8.0/../../../../arm-none-eabi/lib\libg_s.a(lib_a-memchr.o)
 .comment       0x00000000       0x2b c:/freescale/kds_2.0.0/toolchain/bin/../lib/gcc/arm-none-eabi/4.8.0/../../../../arm-none-eabi/lib\libg_s.a(lib_a-reallocr.o)
 .comment       0x00000000       0x2b c:/freescale/kds_2.0.0/toolchain/bin/../lib/gcc/arm-none-eabi/4.8.0/../../../../arm-none-eabi/lib\libg_s.a(lib_a-sbrkr.o)
 .comment       0x00000000       0x2b c:/freescale/kds_2.0.0/toolchain/bin/../lib/gcc/arm-none-eabi/4.8.0/../../../../arm-none-eabi/lib\libg_s.a(lib_a-msizer.o)
 .comment       0x00000000       0x2b c:/freescale/kds_2.0.0/toolchain/bin/../lib/gcc/arm-none-eabi/4.8.0/../../../../arm-none-eabi/lib\libg_s.a(lib_a-reent.o)
 .comment       0x00000000       0x2b c:/freescale/kds_2.0.0/toolchain/bin/../lib/gcc/arm-none-eabi/4.8.0/crtend.o

.debug_info     0x00000000     0xbe32
 .debug_info    0x00000000     0x335e ./Sources/Stepper_driver/l6480.o
 .debug_info    0x0000335e      0x3ed ./Sources/BLDC.o
 .debug_info    0x0000374b      0x2f8 ./Sources/DC.o
 .debug_info    0x00003a43       0xf6 ./Sources/Error.o
 .debug_info    0x00003b39      0x219 ./Sources/Events.o
 .debug_info    0x00003d52      0x23c ./Sources/Shell.o
 .debug_info    0x00003f8e      0x176 ./Sources/main.o
 .debug_info    0x00004104      0x308 ./Project_Settings/Startup_Code/startup.o
 .debug_info    0x0000440c      0x216 ./Generated_Code/AS1.o
 .debug_info    0x00004622      0x734 ./Generated_Code/ASerialLdd1.o
 .debug_info    0x00004d56      0x35c ./Generated_Code/BitIoLdd1.o
 .debug_info    0x000050b2      0x35c ./Generated_Code/BitIoLdd2.o
 .debug_info    0x0000540e      0x35c ./Generated_Code/BitIoLdd3.o
 .debug_info    0x0000576a      0x36a ./Generated_Code/BitIoLdd4.o
 .debug_info    0x00005ad4      0x36a ./Generated_Code/BitIoLdd6.o
 .debug_info    0x00005e3e      0x90f ./Generated_Code/CLS1.o
 .debug_info    0x0000674d      0x8de ./Generated_Code/Cpu.o
 .debug_info    0x0000702b      0x37a ./Generated_Code/ExtIntLdd1.o
 .debug_info    0x000073a5      0x37a ./Generated_Code/ExtIntLdd3.o
 .debug_info    0x0000771f      0x23b ./Generated_Code/PE_LDD.o
 .debug_info    0x0000795a      0x2be ./Generated_Code/PwmLdd2.o
 .debug_info    0x00007c18      0x67a ./Generated_Code/SMasterLdd1.o
 .debug_info    0x00008292       0xb2 ./Generated_Code/STP_BSY.o
 .debug_info    0x00008344       0xb2 ./Generated_Code/STP_REF.o
 .debug_info    0x000083f6      0x236 ./Generated_Code/Stepperspi.o
 .debug_info    0x0000862c      0x689 ./Generated_Code/TU1.o
 .debug_info    0x00008cb5     0x1594 ./Generated_Code/UTIL1.o
 .debug_info    0x0000a249      0x103 ./Generated_Code/Vectors.o
 .debug_info    0x0000a34c      0x132 ./Generated_Code/WAIT1.o
 .debug_info    0x0000a47e      0x2c8 ./Generated_Code/heap_2.o
 .debug_info    0x0000a746      0x29d ./Generated_Code/list.o
 .debug_info    0x0000a9e3      0x26a ./Generated_Code/port.o
 .debug_info    0x0000ac4d     0x11e5 ./Generated_Code/tasks.o

.debug_abbrev   0x00000000     0x291b
 .debug_abbrev  0x00000000      0x2db ./Sources/Stepper_driver/l6480.o
 .debug_abbrev  0x000002db      0x1a3 ./Sources/BLDC.o
 .debug_abbrev  0x0000047e      0x14b ./Sources/DC.o
 .debug_abbrev  0x000005c9       0xac ./Sources/Error.o
 .debug_abbrev  0x00000675       0xff ./Sources/Events.o
 .debug_abbrev  0x00000774      0x12c ./Sources/Shell.o
 .debug_abbrev  0x000008a0       0xda ./Sources/main.o
 .debug_abbrev  0x0000097a      0x148 ./Project_Settings/Startup_Code/startup.o
 .debug_abbrev  0x00000ac2      0x131 ./Generated_Code/AS1.o
 .debug_abbrev  0x00000bf3      0x1a0 ./Generated_Code/ASerialLdd1.o
 .debug_abbrev  0x00000d93      0x127 ./Generated_Code/BitIoLdd1.o
 .debug_abbrev  0x00000eba      0x127 ./Generated_Code/BitIoLdd2.o
 .debug_abbrev  0x00000fe1      0x127 ./Generated_Code/BitIoLdd3.o
 .debug_abbrev  0x00001108      0x136 ./Generated_Code/BitIoLdd4.o
 .debug_abbrev  0x0000123e      0x136 ./Generated_Code/BitIoLdd6.o
 .debug_abbrev  0x00001374      0x1d3 ./Generated_Code/CLS1.o
 .debug_abbrev  0x00001547      0x170 ./Generated_Code/Cpu.o
 .debug_abbrev  0x000016b7      0x15d ./Generated_Code/ExtIntLdd1.o
 .debug_abbrev  0x00001814      0x15d ./Generated_Code/ExtIntLdd3.o
 .debug_abbrev  0x00001971      0x10d ./Generated_Code/PE_LDD.o
 .debug_abbrev  0x00001a7e      0x122 ./Generated_Code/PwmLdd2.o
 .debug_abbrev  0x00001ba0      0x197 ./Generated_Code/SMasterLdd1.o
 .debug_abbrev  0x00001d37       0x68 ./Generated_Code/STP_BSY.o
 .debug_abbrev  0x00001d9f       0x68 ./Generated_Code/STP_REF.o
 .debug_abbrev  0x00001e07      0x131 ./Generated_Code/Stepperspi.o
 .debug_abbrev  0x00001f38      0x198 ./Generated_Code/TU1.o
 .debug_abbrev  0x000020d0      0x184 ./Generated_Code/UTIL1.o
 .debug_abbrev  0x00002254       0xa4 ./Generated_Code/Vectors.o
 .debug_abbrev  0x000022f8       0xb1 ./Generated_Code/WAIT1.o
 .debug_abbrev  0x000023a9      0x155 ./Generated_Code/heap_2.o
 .debug_abbrev  0x000024fe       0xc1 ./Generated_Code/list.o
 .debug_abbrev  0x000025bf      0x10c ./Generated_Code/port.o
 .debug_abbrev  0x000026cb      0x250 ./Generated_Code/tasks.o

.debug_aranges  0x00000000     0x11c8
 .debug_aranges
                0x00000000      0x5d8 ./Sources/Stepper_driver/l6480.o
 .debug_aranges
                0x000005d8       0x70 ./Sources/BLDC.o
 .debug_aranges
                0x00000648       0x50 ./Sources/DC.o
 .debug_aranges
                0x00000698       0x20 ./Sources/Error.o
 .debug_aranges
                0x000006b8       0x98 ./Sources/Events.o
 .debug_aranges
                0x00000750       0x30 ./Sources/Shell.o
 .debug_aranges
                0x00000780       0x30 ./Sources/main.o
 .debug_aranges
                0x000007b0       0x60 ./Project_Settings/Startup_Code/startup.o
 .debug_aranges
                0x00000810       0x50 ./Generated_Code/AS1.o
 .debug_aranges
                0x00000860       0x60 ./Generated_Code/ASerialLdd1.o
 .debug_aranges
                0x000008c0       0x40 ./Generated_Code/BitIoLdd1.o
 .debug_aranges
                0x00000900       0x40 ./Generated_Code/BitIoLdd2.o
 .debug_aranges
                0x00000940       0x40 ./Generated_Code/BitIoLdd3.o
 .debug_aranges
                0x00000980       0x40 ./Generated_Code/BitIoLdd4.o
 .debug_aranges
                0x000009c0       0x40 ./Generated_Code/BitIoLdd6.o
 .debug_aranges
                0x00000a00      0x100 ./Generated_Code/CLS1.o
 .debug_aranges
                0x00000b00       0x48 ./Generated_Code/Cpu.o
 .debug_aranges
                0x00000b48       0x30 ./Generated_Code/ExtIntLdd1.o
 .debug_aranges
                0x00000b78       0x30 ./Generated_Code/ExtIntLdd3.o
 .debug_aranges
                0x00000ba8       0x30 ./Generated_Code/PE_LDD.o
 .debug_aranges
                0x00000bd8       0x40 ./Generated_Code/PwmLdd2.o
 .debug_aranges
                0x00000c18       0x38 ./Generated_Code/SMasterLdd1.o
 .debug_aranges
                0x00000c50       0x20 ./Generated_Code/STP_BSY.o
 .debug_aranges
                0x00000c70       0x20 ./Generated_Code/STP_REF.o
 .debug_aranges
                0x00000c90       0x48 ./Generated_Code/Stepperspi.o
 .debug_aranges
                0x00000cd8       0x48 ./Generated_Code/TU1.o
 .debug_aranges
                0x00000d20      0x1b8 ./Generated_Code/UTIL1.o
 .debug_aranges
                0x00000ed8       0x18 ./Generated_Code/Vectors.o
 .debug_aranges
                0x00000ef0       0x40 ./Generated_Code/WAIT1.o
 .debug_aranges
                0x00000f30       0x40 ./Generated_Code/heap_2.o
 .debug_aranges
                0x00000f70       0x40 ./Generated_Code/list.o
 .debug_aranges
                0x00000fb0       0x90 ./Generated_Code/port.o
 .debug_aranges
                0x00001040      0x188 ./Generated_Code/tasks.o

.debug_ranges   0x00000000      0xfb0
 .debug_ranges  0x00000000      0x5c8 ./Sources/Stepper_driver/l6480.o
 .debug_ranges  0x000005c8       0x60 ./Sources/BLDC.o
 .debug_ranges  0x00000628       0x40 ./Sources/DC.o
 .debug_ranges  0x00000668       0x10 ./Sources/Error.o
 .debug_ranges  0x00000678       0x88 ./Sources/Events.o
 .debug_ranges  0x00000700       0x20 ./Sources/Shell.o
 .debug_ranges  0x00000720       0x20 ./Sources/main.o
 .debug_ranges  0x00000740       0x50 ./Project_Settings/Startup_Code/startup.o
 .debug_ranges  0x00000790       0x40 ./Generated_Code/AS1.o
 .debug_ranges  0x000007d0       0x50 ./Generated_Code/ASerialLdd1.o
 .debug_ranges  0x00000820       0x30 ./Generated_Code/BitIoLdd1.o
 .debug_ranges  0x00000850       0x30 ./Generated_Code/BitIoLdd2.o
 .debug_ranges  0x00000880       0x30 ./Generated_Code/BitIoLdd3.o
 .debug_ranges  0x000008b0       0x30 ./Generated_Code/BitIoLdd4.o
 .debug_ranges  0x000008e0       0x30 ./Generated_Code/BitIoLdd6.o
 .debug_ranges  0x00000910       0xf0 ./Generated_Code/CLS1.o
 .debug_ranges  0x00000a00       0x38 ./Generated_Code/Cpu.o
 .debug_ranges  0x00000a38       0x20 ./Generated_Code/ExtIntLdd1.o
 .debug_ranges  0x00000a58       0x20 ./Generated_Code/ExtIntLdd3.o
 .debug_ranges  0x00000a78       0x20 ./Generated_Code/PE_LDD.o
 .debug_ranges  0x00000a98       0x30 ./Generated_Code/PwmLdd2.o
 .debug_ranges  0x00000ac8       0x28 ./Generated_Code/SMasterLdd1.o
 .debug_ranges  0x00000af0       0x10 ./Generated_Code/STP_BSY.o
 .debug_ranges  0x00000b00       0x10 ./Generated_Code/STP_REF.o
 .debug_ranges  0x00000b10       0x38 ./Generated_Code/Stepperspi.o
 .debug_ranges  0x00000b48       0x38 ./Generated_Code/TU1.o
 .debug_ranges  0x00000b80      0x1a8 ./Generated_Code/UTIL1.o
 .debug_ranges  0x00000d28       0x30 ./Generated_Code/WAIT1.o
 .debug_ranges  0x00000d58       0x30 ./Generated_Code/heap_2.o
 .debug_ranges  0x00000d88       0x30 ./Generated_Code/list.o
 .debug_ranges  0x00000db8       0x80 ./Generated_Code/port.o
 .debug_ranges  0x00000e38      0x178 ./Generated_Code/tasks.o

.debug_macro    0x00000000    0x13a3d
 .debug_macro   0x00000000      0x228 ./Sources/Stepper_driver/l6480.o
 .debug_macro   0x00000228      0x808 ./Sources/Stepper_driver/l6480.o
 .debug_macro   0x00000a30      0x214 ./Sources/Stepper_driver/l6480.o
 .debug_macro   0x00000c44     0x15b5 ./Sources/Stepper_driver/l6480.o
 .debug_macro   0x000021f9      0x14e ./Sources/Stepper_driver/l6480.o
 .debug_macro   0x00002347       0x64 ./Sources/Stepper_driver/l6480.o
 .debug_macro   0x000023ab     0x5f60 ./Sources/Stepper_driver/l6480.o
 .debug_macro   0x0000830b       0xa6 ./Sources/Stepper_driver/l6480.o
 .debug_macro   0x000083b1       0x94 ./Sources/Stepper_driver/l6480.o
 .debug_macro   0x00008445      0x642 ./Sources/Stepper_driver/l6480.o
 .debug_macro   0x00008a87       0x3c ./Sources/Stepper_driver/l6480.o
 .debug_macro   0x00008ac3       0x17 ./Sources/Stepper_driver/l6480.o
 .debug_macro   0x00008ada       0x10 ./Sources/Stepper_driver/l6480.o
 .debug_macro   0x00008aea      0x166 ./Sources/Stepper_driver/l6480.o
 .debug_macro   0x00008c50       0x97 ./Sources/Stepper_driver/l6480.o
 .debug_macro   0x00008ce7      0x588 ./Sources/Stepper_driver/l6480.o
 .debug_macro   0x0000926f      0x131 ./Sources/Stepper_driver/l6480.o
 .debug_macro   0x000093a0      0x4e9 ./Sources/Stepper_driver/l6480.o
 .debug_macro   0x00009889       0x2e ./Sources/Stepper_driver/l6480.o
 .debug_macro   0x000098b7      0x24c ./Sources/Stepper_driver/l6480.o
 .debug_macro   0x00009b03       0x52 ./Sources/Stepper_driver/l6480.o
 .debug_macro   0x00009b55       0xce ./Sources/Stepper_driver/l6480.o
 .debug_macro   0x00009c23       0x10 ./Sources/Stepper_driver/l6480.o
 .debug_macro   0x00009c33       0x1f ./Sources/Stepper_driver/l6480.o
 .debug_macro   0x00009c52       0xc0 ./Sources/Stepper_driver/l6480.o
 .debug_macro   0x00009d12       0x70 ./Sources/Stepper_driver/l6480.o
 .debug_macro   0x00009d82      0x337 ./Sources/Stepper_driver/l6480.o
 .debug_macro   0x0000a0b9       0x31 ./Sources/Stepper_driver/l6480.o
 .debug_macro   0x0000a0ea       0x2e ./Sources/Stepper_driver/l6480.o
 .debug_macro   0x0000a118       0x2e ./Sources/Stepper_driver/l6480.o
 .debug_macro   0x0000a146       0x95 ./Sources/Stepper_driver/l6480.o
 .debug_macro   0x0000a1db       0x3a ./Sources/Stepper_driver/l6480.o
 .debug_macro   0x0000a215       0x52 ./Sources/Stepper_driver/l6480.o
 .debug_macro   0x0000a267       0x43 ./Sources/Stepper_driver/l6480.o
 .debug_macro   0x0000a2aa      0x16d ./Sources/Stepper_driver/l6480.o
 .debug_macro   0x0000a417       0x35 ./Sources/Stepper_driver/l6480.o
 .debug_macro   0x0000a44c       0x19 ./Sources/Stepper_driver/l6480.o
 .debug_macro   0x0000a465      0x347 ./Sources/BLDC.o
 .debug_macro   0x0000a7ac      0x802 ./Sources/BLDC.o
 .debug_macro   0x0000afae      0x1d7 ./Sources/BLDC.o
 .debug_macro   0x0000b185       0x74 ./Sources/BLDC.o
 .debug_macro   0x0000b1f9       0x36 ./Sources/BLDC.o
 .debug_macro   0x0000b22f       0x25 ./Sources/BLDC.o
 .debug_macro   0x0000b254       0xb0 ./Sources/BLDC.o
 .debug_macro   0x0000b304       0x7f ./Sources/BLDC.o
 .debug_macro   0x0000b383       0x97 ./Sources/BLDC.o
 .debug_macro   0x0000b41a       0x19 ./Sources/BLDC.o
 .debug_macro   0x0000b433      0x281 ./Sources/BLDC.o
 .debug_macro   0x0000b6b4       0x37 ./Sources/BLDC.o
 .debug_macro   0x0000b6eb       0x40 ./Sources/BLDC.o
 .debug_macro   0x0000b72b       0x20 ./Sources/BLDC.o
 .debug_macro   0x0000b74b       0x2e ./Sources/BLDC.o
 .debug_macro   0x0000b779       0x47 ./Sources/BLDC.o
 .debug_macro   0x0000b7c0       0x46 ./Sources/BLDC.o
 .debug_macro   0x0000b806       0x20 ./Sources/BLDC.o
 .debug_macro   0x0000b826       0x47 ./Sources/BLDC.o
 .debug_macro   0x0000b86d       0x46 ./Sources/BLDC.o
 .debug_macro   0x0000b8b3       0x20 ./Sources/BLDC.o
 .debug_macro   0x0000b8d3       0x47 ./Sources/BLDC.o
 .debug_macro   0x0000b91a       0x16 ./Sources/BLDC.o
 .debug_macro   0x0000b930       0x10 ./Sources/BLDC.o
 .debug_macro   0x0000b940       0x10 ./Sources/BLDC.o
 .debug_macro   0x0000b950       0x22 ./Sources/BLDC.o
 .debug_macro   0x0000b972       0x91 ./Sources/BLDC.o
 .debug_macro   0x0000ba03       0x16 ./Sources/BLDC.o
 .debug_macro   0x0000ba19      0x14a ./Sources/BLDC.o
 .debug_macro   0x0000bb63      0x374 ./Sources/DC.o
 .debug_macro   0x0000bed7       0x46 ./Sources/DC.o
 .debug_macro   0x0000bf1d       0x20 ./Sources/DC.o
 .debug_macro   0x0000bf3d       0x46 ./Sources/DC.o
 .debug_macro   0x0000bf83       0x20 ./Sources/DC.o
 .debug_macro   0x0000bfa3       0x76 ./Sources/DC.o
 .debug_macro   0x0000c019      0x1cd ./Sources/Error.o
 .debug_macro   0x0000c1e6      0x12b ./Sources/Error.o
 .debug_macro   0x0000c311      0x3e4 ./Sources/Events.o
 .debug_macro   0x0000c6f5       0xa0 ./Sources/Events.o
 .debug_macro   0x0000c795       0x40 ./Sources/Events.o
 .debug_macro   0x0000c7d5       0x46 ./Sources/Events.o
 .debug_macro   0x0000c81b      0x1dd ./Sources/Events.o
 .debug_macro   0x0000c9f8       0x2e ./Sources/Events.o
 .debug_macro   0x0000ca26       0x65 ./Sources/Events.o
 .debug_macro   0x0000ca8b       0x11 ./Sources/Events.o
 .debug_macro   0x0000ca9c      0x648 ./Sources/Events.o
 .debug_macro   0x0000d0e4       0x2e ./Sources/Events.o
 .debug_macro   0x0000d112       0x34 ./Sources/Events.o
 .debug_macro   0x0000d146       0x10 ./Sources/Events.o
 .debug_macro   0x0000d156      0x2d6 ./Sources/Shell.o
 .debug_macro   0x0000d42c      0x58e ./Sources/Shell.o
 .debug_macro   0x0000d9ba      0x3f7 ./Sources/main.o
 .debug_macro   0x0000ddb1       0x34 ./Sources/main.o
 .debug_macro   0x0000dde5       0xee ./Project_Settings/Startup_Code/startup.o
 .debug_macro   0x0000ded3       0x19 ./Project_Settings/Startup_Code/startup.o
 .debug_macro   0x0000deec       0x89 ./Project_Settings/Startup_Code/startup.o
 .debug_macro   0x0000df75       0x10 ./Project_Settings/Startup_Code/startup.o
 .debug_macro   0x0000df85       0x89 ./Project_Settings/Startup_Code/startup.o
 .debug_macro   0x0000e00e       0x1c ./Project_Settings/Startup_Code/startup.o
 .debug_macro   0x0000e02a       0xc1 ./Generated_Code/AS1.o
 .debug_macro   0x0000e0eb       0x5f ./Generated_Code/AS1.o
 .debug_macro   0x0000e14a      0x114 ./Generated_Code/ASerialLdd1.o
 .debug_macro   0x0000e25e     0x15af ./Generated_Code/ASerialLdd1.o
 .debug_macro   0x0000f80d       0x17 ./Generated_Code/ASerialLdd1.o
 .debug_macro   0x0000f824      0x31c ./Generated_Code/ASerialLdd1.o
 .debug_macro   0x0000fb40      0x84c ./Generated_Code/ASerialLdd1.o
 .debug_macro   0x0001038c       0xf5 ./Generated_Code/BitIoLdd1.o
 .debug_macro   0x00010481       0xf5 ./Generated_Code/BitIoLdd2.o
 .debug_macro   0x00010576       0xf5 ./Generated_Code/BitIoLdd3.o
 .debug_macro   0x0001066b       0x40 ./Generated_Code/BitIoLdd3.o
 .debug_macro   0x000106ab       0xf5 ./Generated_Code/BitIoLdd4.o
 .debug_macro   0x000107a0       0x40 ./Generated_Code/BitIoLdd4.o
 .debug_macro   0x000107e0       0xf5 ./Generated_Code/BitIoLdd6.o
 .debug_macro   0x000108d5       0x40 ./Generated_Code/BitIoLdd6.o
 .debug_macro   0x00010915      0x3fd ./Generated_Code/CLS1.o
 .debug_macro   0x00010d12       0x8e ./Generated_Code/CLS1.o
 .debug_macro   0x00010da0      0x3f8 ./Generated_Code/Cpu.o
 .debug_macro   0x00011198       0x3c ./Generated_Code/Cpu.o
 .debug_macro   0x000111d4      0x10e ./Generated_Code/ExtIntLdd1.o
 .debug_macro   0x000112e2      0x10e ./Generated_Code/ExtIntLdd3.o
 .debug_macro   0x000113f0      0x372 ./Generated_Code/PE_LDD.o
 .debug_macro   0x00011762      0x10a ./Generated_Code/PwmLdd2.o
 .debug_macro   0x0001186c      0x114 ./Generated_Code/SMasterLdd1.o
 .debug_macro   0x00011980      0x3d0 ./Generated_Code/STP_BSY.o
 .debug_macro   0x00011d50      0x3d0 ./Generated_Code/STP_REF.o
 .debug_macro   0x00012120      0x41e ./Generated_Code/Stepperspi.o
 .debug_macro   0x0001253e      0x103 ./Generated_Code/TU1.o
 .debug_macro   0x00012641      0x140 ./Generated_Code/UTIL1.o
 .debug_macro   0x00012781       0xef ./Generated_Code/UTIL1.o
 .debug_macro   0x00012870      0x3fc ./Generated_Code/Vectors.o
 .debug_macro   0x00012c6c       0xdd ./Generated_Code/WAIT1.o
 .debug_macro   0x00012d49      0x41b ./Generated_Code/heap_2.o
 .debug_macro   0x00013164       0x10 ./Generated_Code/heap_2.o
 .debug_macro   0x00013174      0x152 ./Generated_Code/list.o
 .debug_macro   0x000132c6      0x21c ./Generated_Code/port.o
 .debug_macro   0x000134e2       0xc8 ./Generated_Code/port.o
 .debug_macro   0x000135aa      0x47d ./Generated_Code/tasks.o
 .debug_macro   0x00013a27       0x16 ./Generated_Code/tasks.o

.debug_line     0x00000000     0xb9c4
 .debug_line    0x00000000     0x16cf ./Sources/Stepper_driver/l6480.o
 .debug_line    0x000016cf      0x62e ./Sources/BLDC.o
 .debug_line    0x00001cfd      0x5e1 ./Sources/DC.o
 .debug_line    0x000022de      0x3db ./Sources/Error.o
 .debug_line    0x000026b9      0x6bf ./Sources/Events.o
 .debug_line    0x00002d78      0x532 ./Sources/Shell.o
 .debug_line    0x000032aa      0x645 ./Sources/main.o
 .debug_line    0x000038ef      0x322 ./Project_Settings/Startup_Code/startup.o
 .debug_line    0x00003c11      0x208 ./Generated_Code/AS1.o
 .debug_line    0x00003e19      0x383 ./Generated_Code/ASerialLdd1.o
 .debug_line    0x0000419c      0x2cc ./Generated_Code/BitIoLdd1.o
 .debug_line    0x00004468      0x2cc ./Generated_Code/BitIoLdd2.o
 .debug_line    0x00004734      0x2cc ./Generated_Code/BitIoLdd3.o
 .debug_line    0x00004a00      0x2cd ./Generated_Code/BitIoLdd4.o
 .debug_line    0x00004ccd      0x2cd ./Generated_Code/BitIoLdd6.o
 .debug_line    0x00004f9a      0x915 ./Generated_Code/CLS1.o
 .debug_line    0x000058af      0x82f ./Generated_Code/Cpu.o
 .debug_line    0x000060de      0x2ca ./Generated_Code/ExtIntLdd1.o
 .debug_line    0x000063a8      0x2ca ./Generated_Code/ExtIntLdd3.o
 .debug_line    0x00006672      0x599 ./Generated_Code/PE_LDD.o
 .debug_line    0x00006c0b      0x2ea ./Generated_Code/PwmLdd2.o
 .debug_line    0x00006ef5      0x2ff ./Generated_Code/SMasterLdd1.o
 .debug_line    0x000071f4      0x5f8 ./Generated_Code/STP_BSY.o
 .debug_line    0x000077ec      0x5f8 ./Generated_Code/STP_REF.o
 .debug_line    0x00007de4      0x69b ./Generated_Code/Stepperspi.o
 .debug_line    0x0000847f      0x318 ./Generated_Code/TU1.o
 .debug_line    0x00008797      0xb27 ./Generated_Code/UTIL1.o
 .debug_line    0x000092be      0x78c ./Generated_Code/Vectors.o
 .debug_line    0x00009a4a      0x27f ./Generated_Code/WAIT1.o
 .debug_line    0x00009cc9      0x6db ./Generated_Code/heap_2.o
 .debug_line    0x0000a3a4      0x30c ./Generated_Code/list.o
 .debug_line    0x0000a6b0      0x41b ./Generated_Code/port.o
 .debug_line    0x0000aacb      0xef9 ./Generated_Code/tasks.o

.debug_str      0x00000000    0x510a7
 .debug_str     0x00000000    0x3b5cd ./Sources/Stepper_driver/l6480.o
                              0x3bbfa (size before relaxing)
 .debug_str     0x0003b5cd     0x70ad ./Sources/BLDC.o
                              0x36c59 (size before relaxing)
 .debug_str     0x0004267a      0x6e5 ./Sources/DC.o
                              0x3722d (size before relaxing)
 .debug_str     0x00042d5f       0x1e ./Sources/Error.o
                              0x2d3f7 (size before relaxing)
 .debug_str     0x00042d7d      0x72f ./Sources/Events.o
                              0x3fb9a (size before relaxing)
 .debug_str     0x000434ac       0x5d ./Sources/Shell.o
                              0x35f74 (size before relaxing)
 .debug_str     0x00043509       0x23 ./Sources/main.o
                              0x4138b (size before relaxing)
 .debug_str     0x0004352c      0x207 ./Project_Settings/Startup_Code/startup.o
                               0x3fed (size before relaxing)
 .debug_str     0x00043733      0x1c5 ./Generated_Code/AS1.o
                              0x29db1 (size before relaxing)
 .debug_str     0x000438f8     0x9d1a ./Generated_Code/ASerialLdd1.o
                              0x372d9 (size before relaxing)
 .debug_str     0x0004d612       0xe4 ./Generated_Code/BitIoLdd1.o
                              0x2de80 (size before relaxing)
 .debug_str     0x0004d6f6       0xa0 ./Generated_Code/BitIoLdd2.o
                              0x2de80 (size before relaxing)
 .debug_str     0x0004d796       0xa0 ./Generated_Code/BitIoLdd3.o
                              0x2de7a (size before relaxing)
 .debug_str     0x0004d836       0xa0 ./Generated_Code/BitIoLdd4.o
                              0x2de80 (size before relaxing)
 .debug_str     0x0004d8d6       0xa0 ./Generated_Code/BitIoLdd6.o
                              0x2de80 (size before relaxing)
 .debug_str     0x0004d976      0x6e6 ./Generated_Code/CLS1.o
                              0x4003a (size before relaxing)
 .debug_str     0x0004e05c      0x212 ./Generated_Code/Cpu.o
                              0x3fbfc (size before relaxing)
 .debug_str     0x0004e26e       0xaa ./Generated_Code/ExtIntLdd1.o
                              0x3137f (size before relaxing)
 .debug_str     0x0004e318       0xaa ./Generated_Code/ExtIntLdd3.o
                              0x3137f (size before relaxing)
 .debug_str     0x0004e3c2      0x17e ./Generated_Code/PE_LDD.o
                              0x3fa19 (size before relaxing)
 .debug_str     0x0004e540       0xca ./Generated_Code/PwmLdd2.o
                              0x2f126 (size before relaxing)
 .debug_str     0x0004e60a      0x1d4 ./Generated_Code/SMasterLdd1.o
                              0x32e31 (size before relaxing)
 .debug_str     0x0004e7de       0x33 ./Generated_Code/STP_BSY.o
                              0x3f8b0 (size before relaxing)
 .debug_str     0x0004e811       0x33 ./Generated_Code/STP_REF.o
                              0x3f8b0 (size before relaxing)
 .debug_str     0x0004e844      0x155 ./Generated_Code/Stepperspi.o
                              0x3fa8d (size before relaxing)
 .debug_str     0x0004e999      0x1d0 ./Generated_Code/TU1.o
                              0x2f1da (size before relaxing)
 .debug_str     0x0004eb69      0x667 ./Generated_Code/UTIL1.o
                              0x2bd1f (size before relaxing)
 .debug_str     0x0004f1d0       0x1c ./Generated_Code/Vectors.o
                              0x3f8c1 (size before relaxing)
 .debug_str     0x0004f1ec       0x84 ./Generated_Code/WAIT1.o
                              0x2d1b9 (size before relaxing)
 .debug_str     0x0004f270      0x39e ./Generated_Code/heap_2.o
                              0x3fca8 (size before relaxing)
 .debug_str     0x0004f60e      0x124 ./Generated_Code/list.o
                               0xe09c (size before relaxing)
 .debug_str     0x0004f732      0x9e7 ./Generated_Code/port.o
                              0x2db57 (size before relaxing)
 .debug_str     0x00050119      0xf8e ./Generated_Code/tasks.o
                              0x40a3e (size before relaxing)

.debug_frame    0x00000000     0x3b70
 .debug_frame   0x00000000     0x16ec ./Sources/Stepper_driver/l6480.o
 .debug_frame   0x000016ec      0x164 ./Sources/BLDC.o
 .debug_frame   0x00001850       0xe8 ./Sources/DC.o
 .debug_frame   0x00001938       0x30 ./Sources/Error.o
 .debug_frame   0x00001968      0x1dc ./Sources/Events.o
 .debug_frame   0x00001b44       0x6c ./Sources/Shell.o
 .debug_frame   0x00001bb0       0x70 ./Sources/main.o
 .debug_frame   0x00001c20      0x120 ./Project_Settings/Startup_Code/startup.o
 .debug_frame   0x00001d40       0xe0 ./Generated_Code/AS1.o
 .debug_frame   0x00001e20      0x138 ./Generated_Code/ASerialLdd1.o
 .debug_frame   0x00001f58       0xb0 ./Generated_Code/BitIoLdd1.o
 .debug_frame   0x00002008       0xb0 ./Generated_Code/BitIoLdd2.o
 .debug_frame   0x000020b8       0xb0 ./Generated_Code/BitIoLdd3.o
 .debug_frame   0x00002168       0xb0 ./Generated_Code/BitIoLdd4.o
 .debug_frame   0x00002218       0xb0 ./Generated_Code/BitIoLdd6.o
 .debug_frame   0x000022c8      0x398 ./Generated_Code/CLS1.o
 .debug_frame   0x00002660       0xb8 ./Generated_Code/Cpu.o
 .debug_frame   0x00002718       0x70 ./Generated_Code/ExtIntLdd1.o
 .debug_frame   0x00002788       0x70 ./Generated_Code/ExtIntLdd3.o
 .debug_frame   0x000027f8       0x6c ./Generated_Code/PE_LDD.o
 .debug_frame   0x00002864       0xb0 ./Generated_Code/PwmLdd2.o
 .debug_frame   0x00002914       0x90 ./Generated_Code/SMasterLdd1.o
 .debug_frame   0x000029a4       0x30 ./Generated_Code/STP_BSY.o
 .debug_frame   0x000029d4       0x30 ./Generated_Code/STP_REF.o
 .debug_frame   0x00002a04       0xc8 ./Generated_Code/Stepperspi.o
 .debug_frame   0x00002acc       0xd0 ./Generated_Code/TU1.o
 .debug_frame   0x00002b9c      0x690 ./Generated_Code/UTIL1.o