Archive member included because of file (symbol)

c:/freescale/kds_2.0.0/toolchain/bin/../lib/gcc/arm-none-eabi/4.8.0\libgcc.a(_udivsi3.o)
                              ./Sources/Stepper_driver/l6480.o (__aeabi_uidiv)
c:/freescale/kds_2.0.0/toolchain/bin/../lib/gcc/arm-none-eabi/4.8.0\libgcc.a(_divsi3.o)
                              ./Sources/Stepper_driver/l6480.o (__aeabi_idiv)
c:/freescale/kds_2.0.0/toolchain/bin/../lib/gcc/arm-none-eabi/4.8.0\libgcc.a(_dvmd_tls.o)
                              c:/freescale/kds_2.0.0/toolchain/bin/../lib/gcc/arm-none-eabi/4.8.0\libgcc.a(_udivsi3.o) (__aeabi_idiv0)
c:/freescale/kds_2.0.0/toolchain/bin/../lib/gcc/arm-none-eabi/4.8.0\libgcc.a(_arm_cmpdf2.o)
                              ./Sources/BLDC.o (__aeabi_dcmplt)
c:/freescale/kds_2.0.0/toolchain/bin/../lib/gcc/arm-none-eabi/4.8.0\libgcc.a(_arm_cmpsf2.o)
                              ./Generated_Code/PwmLdd2.o (__aeabi_fcmpgt)
c:/freescale/kds_2.0.0/toolchain/bin/../lib/gcc/arm-none-eabi/4.8.0\libgcc.a(_fixunssfsi.o)
                              ./Generated_Code/PwmLdd2.o (__aeabi_f2uiz)
c:/freescale/kds_2.0.0/toolchain/bin/../lib/gcc/arm-none-eabi/4.8.0\libgcc.a(addsf3.o)
                              ./Sources/BLDC.o (__aeabi_fadd)
c:/freescale/kds_2.0.0/toolchain/bin/../lib/gcc/arm-none-eabi/4.8.0\libgcc.a(eqsf2.o)
                              c:/freescale/kds_2.0.0/toolchain/bin/../lib/gcc/arm-none-eabi/4.8.0\libgcc.a(_arm_cmpsf2.o) (__eqsf2)
c:/freescale/kds_2.0.0/toolchain/bin/../lib/gcc/arm-none-eabi/4.8.0\libgcc.a(gesf2.o)
                              c:/freescale/kds_2.0.0/toolchain/bin/../lib/gcc/arm-none-eabi/4.8.0\libgcc.a(_arm_cmpsf2.o) (__gesf2)
c:/freescale/kds_2.0.0/toolchain/bin/../lib/gcc/arm-none-eabi/4.8.0\libgcc.a(lesf2.o)
                              c:/freescale/kds_2.0.0/toolchain/bin/../lib/gcc/arm-none-eabi/4.8.0\libgcc.a(_arm_cmpsf2.o) (__lesf2)
c:/freescale/kds_2.0.0/toolchain/bin/../lib/gcc/arm-none-eabi/4.8.0\libgcc.a(mulsf3.o)
                              ./Sources/BLDC.o (__aeabi_fmul)
c:/freescale/kds_2.0.0/toolchain/bin/../lib/gcc/arm-none-eabi/4.8.0\libgcc.a(subsf3.o)
                              c:/freescale/kds_2.0.0/toolchain/bin/../lib/gcc/arm-none-eabi/4.8.0\libgcc.a(_fixunssfsi.o) (__aeabi_fsub)
c:/freescale/kds_2.0.0/toolchain/bin/../lib/gcc/arm-none-eabi/4.8.0\libgcc.a(fixsfsi.o)
                              ./Sources/BLDC.o (__aeabi_f2iz)
c:/freescale/kds_2.0.0/toolchain/bin/../lib/gcc/arm-none-eabi/4.8.0\libgcc.a(floatsisf.o)
                              ./Sources/BLDC.o (__aeabi_i2f)
c:/freescale/kds_2.0.0/toolchain/bin/../lib/gcc/arm-none-eabi/4.8.0\libgcc.a(eqdf2.o)
                              c:/freescale/kds_2.0.0/toolchain/bin/../lib/gcc/arm-none-eabi/4.8.0\libgcc.a(_arm_cmpdf2.o) (__eqdf2)
c:/freescale/kds_2.0.0/toolchain/bin/../lib/gcc/arm-none-eabi/4.8.0\libgcc.a(gedf2.o)
                              c:/freescale/kds_2.0.0/toolchain/bin/../lib/gcc/arm-none-eabi/4.8.0\libgcc.a(_arm_cmpdf2.o) (__gedf2)
c:/freescale/kds_2.0.0/toolchain/bin/../lib/gcc/arm-none-eabi/4.8.0\libgcc.a(ledf2.o)
                              c:/freescale/kds_2.0.0/toolchain/bin/../lib/gcc/arm-none-eabi/4.8.0\libgcc.a(_arm_cmpdf2.o) (__ledf2)
c:/freescale/kds_2.0.0/toolchain/bin/../lib/gcc/arm-none-eabi/4.8.0\libgcc.a(floatsidf.o)
                              ./Sources/BLDC.o (__aeabi_i2d)
c:/freescale/kds_2.0.0/toolchain/bin/../lib/gcc/arm-none-eabi/4.8.0\libgcc.a(_thumb1_case_uqi.o)
                              c:/freescale/kds_2.0.0/toolchain/bin/../lib/gcc/arm-none-eabi/4.8.0\libgcc.a(mulsf3.o) (__gnu_thumb1_case_uqi)
c:/freescale/kds_2.0.0/toolchain/bin/../lib/gcc/arm-none-eabi/4.8.0\libgcc.a(_clzsi2.o)
                              c:/freescale/kds_2.0.0/toolchain/bin/../lib/gcc/arm-none-eabi/4.8.0\libgcc.a(addsf3.o) (__clzsi2)
c:/freescale/kds_2.0.0/toolchain/bin/../lib/gcc/arm-none-eabi/4.8.0/../../../../arm-none-eabi/lib\libg_s.a(lib_a-atexit.o)
                              c:/freescale/kds_2.0.0/toolchain/bin/../lib/gcc/arm-none-eabi/4.8.0/../../../../arm-none-eabi/lib/crt0.o (atexit)
c:/freescale/kds_2.0.0/toolchain/bin/../lib/gcc/arm-none-eabi/4.8.0/../../../../arm-none-eabi/lib\libg_s.a(lib_a-ctype_.o)
                              ./Generated_Code/CLS1.o (__ctype_ptr__)
c:/freescale/kds_2.0.0/toolchain/bin/../lib/gcc/arm-none-eabi/4.8.0/../../../../arm-none-eabi/lib\libg_s.a(lib_a-exit.o)
                              c:/freescale/kds_2.0.0/toolchain/bin/../lib/gcc/arm-none-eabi/4.8.0/../../../../arm-none-eabi/lib/crt0.o (exit)
c:/freescale/kds_2.0.0/toolchain/bin/../lib/gcc/arm-none-eabi/4.8.0/../../../../arm-none-eabi/lib\libg_s.a(lib_a-fini.o)
                              c:/freescale/kds_2.0.0/toolchain/bin/../lib/gcc/arm-none-eabi/4.8.0/../../../../arm-none-eabi/lib\libg_s.a(lib_a-exit.o) (__libc_fini_array)
c:/freescale/kds_2.0.0/toolchain/bin/../lib/gcc/arm-none-eabi/4.8.0/../../../../arm-none-eabi/lib\libg_s.a(lib_a-impure.o)
[...]
Memory Configuration

Name             Origin             Length             Attributes
m_interrupts     0x00000000         0x000000c0         xr
m_text           0x00000410         0x0001fbf0         xr
m_data           0x1ffff000         0x00004000         rw
m_cfmprotrom     0x00000400         0x00000010         xr
*default*        0x00000000         0xffffffff

Linker script and memory map

LOAD c:/freescale/kds_2.0.0/toolchain/bin/../lib/gcc/arm-none-eabi/4.8.0/crti.o
LOAD c:/freescale/kds_2.0.0/toolchain/bin/../lib/gcc/arm-none-eabi/4.8.0/crtbegin.o
LOAD c:/freescale/kds_2.0.0/toolchain/bin/../lib/gcc/arm-none-eabi/4.8.0/../../../../arm-none-eabi/lib/crt0.o
LOAD ./Sources/Stepper_driver/l6480.o
LOAD ./Sources/BLDC.o
LOAD ./Sources/DC.o
LOAD ./Sources/Error.o
LOAD ./Sources/Events.o
LOAD ./Sources/Shell.o
LOAD ./Sources/main.o
LOAD ./Project_Settings/Startup_Code/startup.o
LOAD ./Generated_Code/AS1.o
LOAD ./Generated_Code/ASerialLdd1.o
LOAD ./Generated_Code/BitIoLdd1.o
LOAD ./Generated_Code/BitIoLdd2.o
LOAD ./Generated_Code/BitIoLdd3.o
LOAD ./Generated_Code/BitIoLdd4.o
LOAD ./Generated_Code/BitIoLdd6.o
LOAD ./Generated_Code/CLS1.o
LOAD ./Generated_Code/CS1.o
LOAD ./Generated_Code/Cpu.o
LOAD ./Generated_Code/DC_DIR.o
LOAD ./Generated_Code/DC_EN.o
LOAD ./Generated_Code/ExtIntLdd3.o
LOAD ./Generated_Code/FRTOS1.o
LOAD ./Generated_Code/LED_blue.o
LOAD ./Generated_Code/LED_green.o
LOAD ./Generated_Code/LED_red.o
LOAD ./Generated_Code/LEDpin1.o
LOAD ./Generated_Code/LEDpin2.o
LOAD ./Generated_Code/LEDpin3.o
LOAD ./Generated_Code/PE_LDD.o
LOAD ./Generated_Code/PWM1.o
LOAD ./Generated_Code/PwmLdd2.o
LOAD ./Generated_Code/SMasterLdd1.o
LOAD ./Generated_Code/STP_REF.o
LOAD ./Generated_Code/Stepperspi.o
LOAD ./Generated_Code/TU1.o
LOAD ./Generated_Code/UTIL1.o
LOAD ./Generated_Code/Vectors.o
LOAD ./Generated_Code/WAIT1.o
LOAD ./Generated_Code/croutine.o
LOAD ./Generated_Code/event_groups.o
LOAD ./Generated_Code/heap_1.o
LOAD ./Generated_Code/heap_2.o
LOAD ./Generated_Code/heap_3.o
LOAD ./Generated_Code/heap_4.o
LOAD ./Generated_Code/heap_5.o
LOAD ./Generated_Code/list.o
LOAD ./Generated_Code/port.o
LOAD ./Generated_Code/queue.o
LOAD ./Generated_Code/tasks.o
LOAD ./Generated_Code/timers.o
LOAD c:/freescale/kds_2.0.0/toolchain/bin/../lib/gcc/arm-none-eabi/4.8.0/../../../../arm-none-eabi/lib\libstdc++.a
LOAD c:/freescale/kds_2.0.0/toolchain/bin/../lib/gcc/arm-none-eabi/4.8.0/../../../../arm-none-eabi/lib\libm.a
START GROUP
LOAD c:/freescale/kds_2.0.0/toolchain/bin/../lib/gcc/arm-none-eabi/4.8.0\libgcc.a
LOAD c:/freescale/kds_2.0.0/toolchain/bin/../lib/gcc/arm-none-eabi/4.8.0/../../../../arm-none-eabi/lib\libg_s.a
LOAD c:/freescale/kds_2.0.0/toolchain/bin/../lib/gcc/arm-none-eabi/4.8.0/../../../../arm-none-eabi/lib\libc_s.a
END GROUP
LOAD c:/freescale/kds_2.0.0/toolchain/bin/../lib/gcc/arm-none-eabi/4.8.0/crtend.o
LOAD c:/freescale/kds_2.0.0/toolchain/bin/../lib/gcc/arm-none-eabi/4.8.0/crtn.o
                0x20003000                _estack = 0x20003000
                0x20003000                __SP_INIT = _estack
                0x00000020                __heap_size = 0x20
                0x00000400                __stack_size = 0x400

.interrupts     0x00000000       0xc0
                0x00000000                __vector_table = .
                0x00000000                . = ALIGN (0x4)
 *(.vectortable)
 .vectortable   0x00000000       0xc0 ./Generated_Code/Vectors.o
                0x00000000                __vect_table
                0x000000c0                . = ALIGN (0x4)

.cfmprotect     0x00000400       0x10
                0x00000400                . = ALIGN (0x4)
 *(.cfmconfig)
 .cfmconfig     0x00000400       0x10 ./Generated_Code/Cpu.o
                0x00000400                _cfm
                0x00000410                . = ALIGN (0x4)

.text           0x00000410     0x6d60
                0x00000410                . = ALIGN (0x4)
 *(.text)
 .text          0x00000410       0x9c c:/freescale/kds_2.0.0/toolchain/bin/../lib/gcc/arm-none-eabi/4.8.0\libgcc.a(_udivsi3.o)
                0x00000410                __aeabi_uidiv
                0x00000410                __udivsi3
                0x00000498                __aeabi_uidivmod
 .text          0x000004ac        0x4 c:/freescale/kds_2.0.0/toolchain/bin/../lib/gcc/arm-none-eabi/4.8.0\libgcc.a(_dvmd_tls.o)
                0x000004ac                __aeabi_idiv0
                0x000004ac                __aeabi_ldiv0
 .text          0x000004b0       0x7c c:/freescale/kds_2.0.0/toolchain/bin/../lib/gcc/arm-none-eabi/4.8.0\libgcc.a(_arm_cmpdf2.o)
                0x000004b0                __aeabi_cdrcmple
                0x000004c0                __aeabi_cdcmple
                0x000004c0                __aeabi_cdcmpeq
                0x000004d0                __aeabi_dcmpeq
                0x000004dc                __aeabi_dcmplt
                0x000004f0                __aeabi_dcmple
                0x00000504                __aeabi_dcmpgt
                0x00000518                __aeabi_dcmpge
 .text          0x0000052c       0x14 c:/freescale/kds_2.0.0/toolchain/bin/../lib/gcc/arm-none-eabi/4.8.0\libgcc.a(_thumb1_case_uqi.o)
                0x0000052c                __gnu_thumb1_case_uqi
 .text          0x00000540       0x3c c:/freescale/kds_2.0.0/toolchain/bin/../lib/gcc/arm-none-eabi/4.8.0\libgcc.a(_clzsi2.o)
                0x00000540                __clzsi2
 .text          0x0000057c       0x34 c:/freescale/kds_2.0.0/toolchain/bin/../lib/gcc/arm-none-eabi/4.8.0/../../../../arm-none-eabi/lib\libg_s.a(lib_a-setjmp.o)
                0x0000057c                setjmp
                0x00000594                longjmp
 *(.text*)
 .text.deregister_tm_clones
                0x000005b0       0x24 c:/freescale/kds_2.0.0/toolchain/bin/../lib/gcc/arm-none-eabi/4.8.0/crtbegin.o
 .text.register_tm_clones
                0x000005d4       0x28 c:/freescale/kds_2.0.0/toolchain/bin/../lib/gcc/arm-none-eabi/4.8.0/crtbegin.o
 .text.__do_global_dtors_aux
                0x000005fc       0x30 c:/freescale/kds_2.0.0/toolchain/bin/../lib/gcc/arm-none-eabi/4.8.0/crtbegin.o
 .text.frame_dummy
                0x0000062c       0x3c c:/freescale/kds_2.0.0/toolchain/bin/../lib/gcc/arm-none-eabi/4.8.0/crtbegin.o
 .text.spi_write
                0x00000668       0x1c ./Sources/Stepper_driver/l6480.o
                0x00000668                spi_write
 .text.spi_read
                0x00000684       0x24 ./Sources/Stepper_driver/l6480.o
                0x00000684                spi_read
 .text.l6480_send_cmd
                0x000006a8       0xac ./Sources/Stepper_driver/l6480.o
                0x000006a8                l6480_send_cmd
 .text.l6480_set_kval_hold
                0x00000754       0x2c ./Sources/Stepper_driver/l6480.o
                0x00000754                l6480_set_kval_hold
 .text.l6480_set_kval_run
                0x00000780       0x2c ./Sources/Stepper_driver/l6480.o
                0x00000780                l6480_set_kval_run
 .text.l6480_set_kval_acc
                0x000007ac       0x2c ./Sources/Stepper_driver/l6480.o
                0x000007ac                l6480_set_kval_acc
 .text.l6480_set_kval_dec
                0x000007d8       0x2c ./Sources/Stepper_driver/l6480.o
                0x000007d8                l6480_set_kval_dec
 .text.l6480_set_ocd_th
                0x00000804       0x4c ./Sources/Stepper_driver/l6480.o
                0x00000804                l6480_set_ocd_th
 .text.l6480_set_ocd_th_millivolt
                0x00000850       0x64 ./Sources/Stepper_driver/l6480.o
                0x00000850                l6480_set_ocd_th_millivolt
 .text.l6480_set_stall_th
                0x000008b4       0x4c ./Sources/Stepper_driver/l6480.o
                0x000008b4                l6480_set_stall_th
 .text.l6480_set_stall_th_millivolt
                0x00000900       0x64 ./Sources/Stepper_driver/l6480.o
                0x00000900                l6480_set_stall_th_millivolt
 .text.l6480_set_gatecfg1_tboost_nanosecond
                0x00000964      0x120 ./Sources/Stepper_driver/l6480.o
                0x00000964                l6480_set_gatecfg1_tboost_nanosecond
 .text.l6480_set_gatecfg1_igate_milliampere
                0x00000a84       0xf8 ./Sources/Stepper_driver/l6480.o
                0x00000a84                l6480_set_gatecfg1_igate_milliampere
 .text.l6480_set_gatecfg1_tcc_nanosecond
                0x00000b7c       0x74 ./Sources/Stepper_driver/l6480.o
                0x00000b7c                l6480_set_gatecfg1_tcc_nanosecond
 .text.l6480_set_gatecfg2_tblank_nanosecond
                0x00000bf0       0x84 ./Sources/Stepper_driver/l6480.o
                0x00000bf0                l6480_set_gatecfg2_tblank_nanosecond
 .text.l6480_set_gatecfg2_tdt_nanosecond
                0x00000c74       0x84 ./Sources/Stepper_driver/l6480.o
                0x00000c74                l6480_set_gatecfg2_tdt_nanosecond
 .text.l6480_cmd_run_millisteps_s
                0x00000cf8       0x74 ./Sources/Stepper_driver/l6480.o
                0x00000cf8                l6480_cmd_run_millisteps_s
 .text.l6480_cmd_move
                0x00000d6c       0x5c ./Sources/Stepper_driver/l6480.o
                0x00000d6c                l6480_cmd_move
 .text.l6480_cmd_goto
                0x00000dc8       0x5c ./Sources/Stepper_driver/l6480.o
                0x00000dc8                l6480_cmd_goto
 .text.l6480_cmd_goto_dir
                0x00000e24       0x70 ./Sources/Stepper_driver/l6480.o
                0x00000e24                l6480_cmd_goto_dir
 .text.l6480_cmd_gountil_millisteps_s
                0x00000e94       0x8c ./Sources/Stepper_driver/l6480.o
                0x00000e94                l6480_cmd_gountil_millisteps_s
 .text.l6480_cmd_releasesw
                0x00000f20       0x4c ./Sources/Stepper_driver/l6480.o
                0x00000f20                l6480_cmd_releasesw
 .text.l6480_cmd_gohome
                0x00000f6c       0x18 ./Sources/Stepper_driver/l6480.o
                0x00000f6c                l6480_cmd_gohome
 .text.l6480_cmd_resetpos
                0x00000f84       0x18 ./Sources/Stepper_driver/l6480.o
                0x00000f84                l6480_cmd_resetpos
 .text.l6480_cmd_resetdevice
                0x00000f9c       0x18 ./Sources/Stepper_driver/l6480.o
                0x00000f9c                l6480_cmd_resetdevice
 .text.l6480_cmd_softstop
                0x00000fb4       0x18 ./Sources/Stepper_driver/l6480.o
                0x00000fb4                l6480_cmd_softstop
 .text.l6480_cmd_hardstop
                0x00000fcc       0x18 ./Sources/Stepper_driver/l6480.o
                0x00000fcc                l6480_cmd_hardstop
 .text.l6480_cmd_getstatus
                0x00000fe4       0x20 ./Sources/Stepper_driver/l6480.o
                0x00000fe4                l6480_cmd_getstatus
 .text.PrintStatus
                0x00001004      0x380 ./Sources/Stepper_driver/l6480.o
 .text.PrintHelp
                0x00001384      0x118 ./Sources/Stepper_driver/l6480.o
 .text.ParseCmdRunParameter
                0x0000149c       0xd8 ./Sources/Stepper_driver/l6480.o
 .text.ParseCmdGotoParameter
                0x00001574       0xfc ./Sources/Stepper_driver/l6480.o
 .text.ParseCmdMoveParameter
                0x00001670       0xd8 ./Sources/Stepper_driver/l6480.o
 .text.ParseCmdSoftStopParameter
                0x00001748       0x34 ./Sources/Stepper_driver/l6480.o
 .text.ParseCmdHardStopParameter
                0x0000177c       0x34 ./Sources/Stepper_driver/l6480.o
 .text.ParseCmdResetParameter
                0x000017b0       0x80 ./Sources/Stepper_driver/l6480.o
 .text.ParseCmdInitPositionParameter
                0x00001830      0x118 ./Sources/Stepper_driver/l6480.o
 .text.ParseCmdHomeParameter
                0x00001948       0x78 ./Sources/Stepper_driver/l6480.o
 .text.l6480_ParseCommand
                0x000019c0      0x384 ./Sources/Stepper_driver/l6480.o
                0x000019c0                l6480_ParseCommand
 .text.PrintStatus
                0x00001d44       0xac ./Sources/BLDC.o
 .text.PrintHelp
                0x00001df0       0xb0 ./Sources/BLDC.o
 .text.BLDC_ParseCommand
                0x00001ea0      0x1e4 ./Sources/BLDC.o
                0x00001ea0                BLDC_ParseCommand
 .text.BLDC_get_enable
                0x00002084       0x14 ./Sources/BLDC.o
                0x00002084                BLDC_get_enable
 .text.BLDC_set_enable
                0x00002098       0x54 ./Sources/BLDC.o
 .text.BLDC_set_rpm
                0x000020ec       0x2c ./Sources/BLDC.o
 .text.BLDC_init
                0x00002118       0x98 ./Sources/BLDC.o
 .text.get_pwm_ratio
                0x000021b0       0x3c ./Sources/BLDC.o
 .text.BLDC_reset
                0x000021ec       0x14 ./Sources/BLDC.o
 .text.BLDC_update_task
                0x00002200       0x2c ./Sources/BLDC.o
                0x00002200                BLDC_update_task
 .text.PrintStatus
                0x0000222c       0xa4 ./Sources/DC.o
 .text.PrintHelp
                0x000022d0       0x78 ./Sources/DC.o
 .text.DC_ParseCommand
                0x00002348      0x140 ./Sources/DC.o
                0x00002348                DC_ParseCommand
 .text.DC_get_dir
                0x00002488       0x1c ./Sources/DC.o
                0x00002488                DC_get_dir
 .text.DC_set_dir
                0x000024a4       0x3c ./Sources/DC.o
                0x000024a4                DC_set_dir
 .text.DC_get_en
                0x000024e0       0x1c ./Sources/DC.o
                0x000024e0                DC_get_en
 .text.DC_set_en
                0x000024fc       0x3c ./Sources/DC.o
                0x000024fc                DC_set_en
 .text.set_status
                0x00002538       0xcc ./Sources/Error.o
                0x00002538                set_status
 .text.Cpu_OnNMIINT
                0x00002604        0x8 ./Sources/Events.o
                0x00002604                Cpu_OnNMIINT
 .text.FRTOS1_vApplicationStackOverflowHook
                0x0000260c       0x10 ./Sources/Events.o
                0x0000260c                FRTOS1_vApplicationStackOverflowHook
 .text.FRTOS1_vApplicationTickHook
                0x0000261c        0x8 ./Sources/Events.o
                0x0000261c                FRTOS1_vApplicationTickHook
 .text.FRTOS1_vApplicationIdleHook
                0x00002624        0x8 ./Sources/Events.o
                0x00002624                FRTOS1_vApplicationIdleHook
 .text.FRTOS1_vApplicationMallocFailedHook
                0x0000262c        0x8 ./Sources/Events.o
                0x0000262c                FRTOS1_vApplicationMallocFailedHook
 .text.CLS1_OnBeforeIterateCmd
                0x00002634       0x10 ./Sources/Events.o
                0x00002634                CLS1_OnBeforeIterateCmd
 .text.CLS1_OnAfterIterateCmd
                0x00002644       0x10 ./Sources/Events.o
                0x00002644                CLS1_OnAfterIterateCmd
 .text.Stepperspi_OnRxChar
                0x00002654        0x8 ./Sources/Events.o
                0x00002654                Stepperspi_OnRxChar
 .text.Stepperspi_OnTxChar
                0x0000265c        0x8 ./Sources/Events.o
                0x0000265c                Stepperspi_OnTxChar
 .text.STP_REF_OnInterrupt
                0x00002664        0x8 ./Sources/Events.o
                0x00002664                STP_REF_OnInterrupt
 .text.ShellTask
                0x0000266c       0x44 ./Sources/Shell.o
 .text.SHELL_Init
                0x000026b0       0x5c ./Sources/Shell.o
                0x000026b0                SHELL_Init
 .text.main     0x0000270c       0x4c ./Sources/main.o
                0x0000270c                main
 .text.__flush_cache
                0x00002758       0x10 ./Project_Settings/Startup_Code/startup.o
                0x00002758                __flush_cache
 .text.__copy_rom_section
                0x00002768       0xd8 ./Project_Settings/Startup_Code/startup.o
                0x00002768                __copy_rom_section
 .text.__copy_rom_sections_to_ram
                0x00002840       0xc0 ./Project_Settings/Startup_Code/startup.o
                0x00002840                __copy_rom_sections_to_ram
 .text.zero_fill_bss
                0x00002900       0xac ./Project_Settings/Startup_Code/startup.o
 .text.__init_registers
                0x000029ac        0x8 ./Project_Settings/Startup_Code/startup.o
                0x000029ac                __init_registers
 .text.__init_user
                0x000029b4        0x8 ./Project_Settings/Startup_Code/startup.o
                0x000029b4                __init_user
 .text.__thumb_startup
                0x000029bc       0x48 ./Project_Settings/Startup_Code/startup.o
                0x000029bc                __thumb_startup
 .text.HWEnDi   0x00002a04       0x20 ./Generated_Code/AS1.o
 .text.AS1_RecvChar
                0x00002a24       0x8c ./Generated_Code/AS1.o
                0x00002a24                AS1_RecvChar
 .text.AS1_SendChar
                0x00002ab0       0x68 ./Generated_Code/AS1.o
                0x00002ab0                AS1_SendChar
 .text.AS1_GetCharsInRxBuf
                0x00002b18       0x24 ./Generated_Code/AS1.o
                0x00002b18                AS1_GetCharsInRxBuf
 .text.AS1_Init
                0x00002b3c       0x28 ./Generated_Code/AS1.o
                0x00002b3c                AS1_Init
 .text.ASerialLdd1_OnBreak
                0x00002b64       0x20 ./Generated_Code/AS1.o
                0x00002b64                ASerialLdd1_OnBreak
 .text.ASerialLdd1_Init
                0x00002b84      0x168 ./Generated_Code/ASerialLdd1.o
                0x00002b84                ASerialLdd1_Init
 .text.ASerialLdd1_ReceiveBlock
                0x00002cec       0x48 ./Generated_Code/ASerialLdd1.o
                0x00002cec                ASerialLdd1_ReceiveBlock
 .text.ASerialLdd1_SendBlock
                0x00002d34       0x58 ./Generated_Code/ASerialLdd1.o
                0x00002d34                ASerialLdd1_SendBlock
 .text.ASerialLdd1_GetReceivedDataNum
                0x00002d8c       0x18 ./Generated_Code/ASerialLdd1.o
                0x00002d8c                ASerialLdd1_GetReceivedDataNum
 .text.InterruptRx
                0x00002da4       0x50 ./Generated_Code/ASerialLdd1.o
 .text.InterruptTx
                0x00002df4       0x5c ./Generated_Code/ASerialLdd1.o
 .text.ASerialLdd1_Main
                0x00002e50       0xdc ./Generated_Code/ASerialLdd1.o
                0x00002e50                ASerialLdd1_Main
 .text.ASerialLdd1_GetError
                0x00002f2c       0x28 ./Generated_Code/ASerialLdd1.o
                0x00002f2c                ASerialLdd1_GetError
 .text.BitIoLdd1_Init
                0x00002f54       0x64 ./Generated_Code/BitIoLdd1.o
                0x00002f54                BitIoLdd1_Init
 .text.BitIoLdd1_ClrVal
                0x00002fb8       0x1c ./Generated_Code/BitIoLdd1.o
                0x00002fb8                BitIoLdd1_ClrVal
 .text.BitIoLdd1_SetVal
                0x00002fd4       0x1c ./Generated_Code/BitIoLdd1.o
                0x00002fd4                BitIoLdd1_SetVal
 .text.BitIoLdd2_Init
                0x00002ff0       0x64 ./Generated_Code/BitIoLdd2.o
                0x00002ff0                BitIoLdd2_Init
 .text.BitIoLdd2_ClrVal
                0x00003054       0x1c ./Generated_Code/BitIoLdd2.o
                0x00003054                BitIoLdd2_ClrVal
 .text.BitIoLdd2_SetVal
                0x00003070       0x1c ./Generated_Code/BitIoLdd2.o
                0x00003070                BitIoLdd2_SetVal
 .text.BitIoLdd3_Init
                0x0000308c       0x60 ./Generated_Code/BitIoLdd3.o
                0x0000308c                BitIoLdd3_Init
 .text.BitIoLdd3_ClrVal
                0x000030ec       0x18 ./Generated_Code/BitIoLdd3.o
                0x000030ec                BitIoLdd3_ClrVal
 .text.BitIoLdd3_SetVal
                0x00003104       0x18 ./Generated_Code/BitIoLdd3.o
                0x00003104                BitIoLdd3_SetVal
 .text.BitIoLdd4_Init
                0x0000311c       0x68 ./Generated_Code/BitIoLdd4.o
                0x0000311c                BitIoLdd4_Init
 .text.BitIoLdd4_GetVal
                0x00003184       0x28 ./Generated_Code/BitIoLdd4.o
                0x00003184                BitIoLdd4_GetVal
 .text.BitIoLdd4_PutVal
                0x000031ac       0x34 ./Generated_Code/BitIoLdd4.o
                0x000031ac                BitIoLdd4_PutVal
 .text.BitIoLdd6_Init
                0x000031e0       0x68 ./Generated_Code/BitIoLdd6.o
                0x000031e0                BitIoLdd6_Init
 .text.BitIoLdd6_GetVal
                0x00003248       0x28 ./Generated_Code/BitIoLdd6.o
                0x00003248                BitIoLdd6_GetVal
 .text.BitIoLdd6_PutVal
                0x00003270       0x34 ./Generated_Code/BitIoLdd6.o
                0x00003270                BitIoLdd6_PutVal
 .text.CLS1_SendStr
                0x000032a4       0x28 ./Generated_Code/CLS1.o
                0x000032a4                CLS1_SendStr
 .text.CLS1_ParseCommand
                0x000032cc      0x12c ./Generated_Code/CLS1.o
                0x000032cc                CLS1_ParseCommand
 .text.CLS1_PrintPrompt
                0x000033f8       0x20 ./Generated_Code/CLS1.o
                0x000033f8                CLS1_PrintPrompt
 .text.CLS1_ReadLine
                0x00003418      0x18c ./Generated_Code/CLS1.o
                0x00003418                CLS1_ReadLine
 .text.CLS1_PrintStatus
                0x000035a4       0xb0 ./Generated_Code/CLS1.o
                0x000035a4                CLS1_PrintStatus
 .text.CLS1_PrintCommandFailed
                0x00003654       0x78 ./Generated_Code/CLS1.o
                0x00003654                CLS1_PrintCommandFailed
 .text.CLS1_IterateTable
                0x000036cc       0x68 ./Generated_Code/CLS1.o
                0x000036cc                CLS1_IterateTable
 .text.CLS1_ParseWithCommandTable
                0x00003734       0xb0 ./Generated_Code/CLS1.o
                0x00003734                CLS1_ParseWithCommandTable
 .text.CLS1_GetStdio
                0x000037e4       0x14 ./Generated_Code/CLS1.o
                0x000037e4                CLS1_GetStdio
 .text.CLS1_ReadAndParseWithCommandTable
                0x000037f8       0xf4 ./Generated_Code/CLS1.o
                0x000037f8                CLS1_ReadAndParseWithCommandTable
 .text.SendSeparatedStrings
                0x000038ec       0x7c ./Generated_Code/CLS1.o
 .text.CLS1_SendHelpStr
                0x00003968       0x28 ./Generated_Code/CLS1.o
                0x00003968                CLS1_SendHelpStr
 .text.CLS1_SendStatusStr
                0x00003990       0x28 ./Generated_Code/CLS1.o
                0x00003990                CLS1_SendStatusStr
 .text.CLS1_ReadChar
                0x000039b8       0x30 ./Generated_Code/CLS1.o
                0x000039b8                CLS1_ReadChar
 .text.CLS1_SendChar
                0x000039e8       0x40 ./Generated_Code/CLS1.o
                0x000039e8                CLS1_SendChar
 .text.CLS1_KeyPressed
                0x00003a28       0x24 ./Generated_Code/CLS1.o
                0x00003a28                CLS1_KeyPressed
 .text.CLS1_Init
                0x00003a4c        0x8 ./Generated_Code/CLS1.o
                0x00003a4c                CLS1_Init
 .text.Cpu_INT_NMIInterrupt
                0x00003a54        0xc ./Generated_Code/Cpu.o
                0x00003a54                Cpu_INT_NMIInterrupt
 .text.Cpu_Interrupt
                0x00003a60        0xc ./Generated_Code/Cpu.o
                0x00003a60                Cpu_Interrupt
 .text.__init_hardware
                0x00003a6c      0x110 ./Generated_Code/Cpu.o
                0x00003a6c                __init_hardware
 .text.PE_low_level_init
                0x00003b7c      0x160 ./Generated_Code/Cpu.o
                0x00003b7c                PE_low_level_init
 .text.ExtIntLdd3_Init
                0x00003cdc       0x94 ./Generated_Code/ExtIntLdd3.o
                0x00003cdc                ExtIntLdd3_Init
 .text.ExtIntLdd3_Interrupt
                0x00003d70       0x34 ./Generated_Code/ExtIntLdd3.o
                0x00003d70                ExtIntLdd3_Interrupt
 .text.PwmLdd2_Init
                0x00003da4       0x58 ./Generated_Code/PwmLdd2.o
                0x00003da4                PwmLdd2_Init
 .text.PwmLdd2_SetRatio16
                0x00003dfc       0x2c ./Generated_Code/PwmLdd2.o
                0x00003dfc                PwmLdd2_SetRatio16
 .text.SetRatio
                0x00003e28       0x68 ./Generated_Code/PwmLdd2.o
 .text.SMasterLdd1_Init
                0x00003e90      0x11c ./Generated_Code/SMasterLdd1.o
                0x00003e90                SMasterLdd1_Init
 .text.SMasterLdd1_ReceiveBlock
                0x00003fac       0x68 ./Generated_Code/SMasterLdd1.o
                0x00003fac                SMasterLdd1_ReceiveBlock
 .text.SMasterLdd1_SendBlock
                0x00004014       0x54 ./Generated_Code/SMasterLdd1.o
                0x00004014                SMasterLdd1_SendBlock
 .text.SMasterLdd1_Interrupt
                0x00004068       0xe0 ./Generated_Code/SMasterLdd1.o
                0x00004068                SMasterLdd1_Interrupt
 .text.ExtIntLdd3_OnInterrupt
                0x00004148       0x14 ./Generated_Code/STP_REF.o
                0x00004148                ExtIntLdd3_OnInterrupt
 .text.Stepperspi_SendChar
                0x0000415c       0xa8 ./Generated_Code/Stepperspi.o
                0x0000415c                Stepperspi_SendChar
 .text.Stepperspi_Init
                0x00004204       0x38 ./Generated_Code/Stepperspi.o
                0x00004204                Stepperspi_Init
 .text.SMasterLdd1_OnBlockReceived
                0x0000423c       0x58 ./Generated_Code/Stepperspi.o
                0x0000423c                SMasterLdd1_OnBlockReceived
 .text.SMasterLdd1_OnBlockSent
                0x00004294       0x24 ./Generated_Code/Stepperspi.o
                0x00004294                SMasterLdd1_OnBlockSent
 .text.TU1_Init
                0x000042b8       0xd8 ./Generated_Code/TU1.o
                0x000042b8                TU1_Init
 .text.TU1_GetPeriodTicks
                0x00004390       0x3c ./Generated_Code/TU1.o
                0x00004390                TU1_GetPeriodTicks
 .text.TU1_SetOffsetTicks
                0x000043cc       0x44 ./Generated_Code/TU1.o
                0x000043cc                TU1_SetOffsetTicks
 .text.UTIL1_xatoi
                0x00004410      0x1f0 ./Generated_Code/UTIL1.o
                0x00004410                UTIL1_xatoi
 .text.UTIL1_ScanDecimal32uNumber
                0x00004600       0xa8 ./Generated_Code/UTIL1.o
                0x00004600                UTIL1_ScanDecimal32uNumber
 .text.UTIL1_ScanDecimal32sNumber
                0x000046a8       0x9c ./Generated_Code/UTIL1.o
                0x000046a8                UTIL1_ScanDecimal32sNumber
 .text.WAIT1_Wait10Cycles
                0x00004744        0x8 ./Generated_Code/WAIT1.o
                0x00004744                WAIT1_Wait10Cycles
 .text.WAIT1_Wait100Cycles
                0x0000474c       0x18 ./Generated_Code/WAIT1.o
                0x0000474c                WAIT1_Wait100Cycles
 .text.WAIT1_WaitCycles
                0x00004764       0x44 ./Generated_Code/WAIT1.o
                0x00004764                WAIT1_WaitCycles
 .text.WAIT1_WaitLongCycles
                0x000047a8       0x3c ./Generated_Code/WAIT1.o
                0x000047a8                WAIT1_WaitLongCycles
 .text.WAIT1_Waitms
                0x000047e4       0x38 ./Generated_Code/WAIT1.o
                0x000047e4                WAIT1_Waitms
 .text.pvPortMalloc
                0x0000481c      0x124 ./Generated_Code/heap_2.o
                0x0000481c                pvPortMalloc
 .text.vPortFree
                0x00004940       0x70 ./Generated_Code/heap_2.o
                0x00004940                vPortFree
 .text.prvHeapInit
                0x000049b0       0x4c ./Generated_Code/heap_2.o
 .text.vListInitialise
                0x000049fc       0x3c ./Generated_Code/list.o
                0x000049fc                vListInitialise
 .text.vListInitialiseItem
                0x00004a38       0x14 ./Generated_Code/list.o
                0x00004a38                vListInitialiseItem
 .text.vListInsertEnd
                0x00004a4c       0x44 ./Generated_Code/list.o
                0x00004a4c                vListInsertEnd
 .text.vListInsert
                0x00004a90       0x6c ./Generated_Code/list.o
                0x00004a90                vListInsert
 .text.uxListRemove
                0x00004afc       0x50 ./Generated_Code/list.o
                0x00004afc                uxListRemove
 .text.pxPortInitialiseStack
                0x00004b4c       0x50 ./Generated_Code/port.o
                0x00004b4c                pxPortInitialiseStack
 .text.vPortInitTickTimer
                0x00004b9c       0x3c ./Generated_Code/port.o
                0x00004b9c                vPortInitTickTimer
 .text.vPortStartTickTimer
                0x00004bd8       0x14 ./Generated_Code/port.o
                0x00004bd8                vPortStartTickTimer
 .text.vPortStopTickTimer
                0x00004bec       0x14 ./Generated_Code/port.o
                0x00004bec                vPortStopTickTimer
 .text.xPortStartScheduler
                0x00004c00       0x4c ./Generated_Code/port.o
                0x00004c00                xPortStartScheduler
 .text.vPortEnterCritical
                0x00004c4c       0x20 ./Generated_Code/port.o
                0x00004c4c                vPortEnterCritical
 .text.vPortExitCritical
                0x00004c6c       0x20 ./Generated_Code/port.o
                0x00004c6c                vPortExitCritical
 .text.vPortYieldFromISR
                0x00004c8c       0x1c ./Generated_Code/port.o
                0x00004c8c                vPortYieldFromISR
 .text.vPortTickHandler
                0x00004ca8       0x1c ./Generated_Code/port.o
                0x00004ca8                vPortTickHandler
 .text.vPortStartFirstTask
                0x00004cc4       0x1c ./Generated_Code/port.o
                0x00004cc4                vPortStartFirstTask
 .text.vPortSVCHandler
                0x00004ce0       0x28 ./Generated_Code/port.o
                0x00004ce0                vPortSVCHandler
 .text.vPortPendSVHandler
                0x00004d08       0x44 ./Generated_Code/port.o
                0x00004d08                vPortPendSVHandler
 .text.xTaskGenericCreate
                0x00004d4c      0x16c ./Generated_Code/tasks.o
                0x00004d4c                xTaskGenericCreate
 .text.vTaskDelay
                0x00004eb8       0x64 ./Generated_Code/tasks.o
                0x00004eb8                vTaskDelay
 .text.vTaskStartScheduler
                0x00004f1c       0x64 ./Generated_Code/tasks.o
                0x00004f1c                vTaskStartScheduler
 .text.vTaskSuspendAll
                0x00004f80       0x18 ./Generated_Code/tasks.o
                0x00004f80                vTaskSuspendAll
 .text.xTaskResumeAll
                0x00004f98      0x108 ./Generated_Code/tasks.o
                0x00004f98                xTaskResumeAll
 .text.xTaskIncrementTick
                0x000050a0      0x17c ./Generated_Code/tasks.o
                0x000050a0                xTaskIncrementTick
 .text.vTaskSwitchContext
                0x0000521c       0xc4 ./Generated_Code/tasks.o
                0x0000521c                vTaskSwitchContext
 .text.prvIdleTask
                0x000052e0       0x24 ./Generated_Code/tasks.o
 .text.prvInitialiseTCBVariables
                0x00005304       0xa4 ./Generated_Code/tasks.o
 .text.prvInitialiseTaskLists
                0x000053a8       0x7c ./Generated_Code/tasks.o
 .text.prvCheckTasksWaitingTermination
                0x00005424        0x8 ./Generated_Code/tasks.o
 .text.prvAddCurrentTaskToDelayedList
                0x0000542c       0x6c ./Generated_Code/tasks.o
 .text.prvAllocateTCBAndStack
                0x00005498       0x78 ./Generated_Code/tasks.o
 .text.prvResetNextTaskUnblockTime
                0x00005510       0x44 ./Generated_Code/tasks.o
 .text.__aeabi_fadd
                0x00005554      0x2c8 c:/freescale/kds_2.0.0/toolchain/bin/../lib/gcc/arm-none-eabi/4.8.0\libgcc.a(addsf3.o)
                0x00005554                __aeabi_fadd
 .text.__aeabi_fmul
                0x0000581c      0x1dc c:/freescale/kds_2.0.0/toolchain/bin/../lib/gcc/arm-none-eabi/4.8.0\libgcc.a(mulsf3.o)
                0x0000581c                __aeabi_fmul
 .text.__aeabi_f2iz
                0x000059f8       0x40 c:/freescale/kds_2.0.0/toolchain/bin/../lib/gcc/arm-none-eabi/4.8.0\libgcc.a(fixsfsi.o)
                0x000059f8                __aeabi_f2iz
 .text.__aeabi_i2f
                0x00005a38       0x94 c:/freescale/kds_2.0.0/toolchain/bin/../lib/gcc/arm-none-eabi/4.8.0\libgcc.a(floatsisf.o)
                0x00005a38                __aeabi_i2f
 .text.__eqdf2  0x00005acc       0x7c c:/freescale/kds_2.0.0/toolchain/bin/../lib/gcc/arm-none-eabi/4.8.0\libgcc.a(eqdf2.o)
                0x00005acc                __nedf2
                0x00005acc                __eqdf2
 .text.__gedf2  0x00005b48       0xcc c:/freescale/kds_2.0.0/toolchain/bin/../lib/gcc/arm-none-eabi/4.8.0\libgcc.a(gedf2.o)
                0x00005b48                __gedf2
                0x00005b48                __gtdf2
 .text.__ledf2  0x00005c14       0xd0 c:/freescale/kds_2.0.0/toolchain/bin/../lib/gcc/arm-none-eabi/4.8.0\libgcc.a(ledf2.o)
                0x00005c14                __ledf2
                0x00005c14                __ltdf2
 .text.__aeabi_i2d
                0x00005ce4       0x6c c:/freescale/kds_2.0.0/toolchain/bin/../lib/gcc/arm-none-eabi/4.8.0\libgcc.a(floatsidf.o)
                0x00005ce4                __aeabi_i2d
 .text.memcpy   0x00005d50       0x12 c:/freescale/kds_2.0.0/toolchain/bin/../lib/gcc/arm-none-eabi/4.8.0/../../../../arm-none-eabi/lib\libg_s.a(lib_a-memcpy.o)
                0x00005d50                memcpy
 .text.memset   0x00005d62       0x12 c:/freescale/kds_2.0.0/toolchain/bin/../lib/gcc/arm-none-eabi/4.8.0/../../../../arm-none-eabi/lib\libg_s.a(lib_a-memset.o)
                0x00005d62                memset
 .text.sprintf  0x00005d74       0x44 c:/freescale/kds_2.0.0/toolchain/bin/../lib/gcc/arm-none-eabi/4.8.0/../../../../arm-none-eabi/lib\libg_s.a(lib_a-sprintf.o)
                0x00005d74                siprintf
                0x00005d74                sprintf
 .text.strcmp   0x00005db8       0x14 c:/freescale/kds_2.0.0/toolchain/bin/../lib/gcc/arm-none-eabi/4.8.0/../../../../arm-none-eabi/lib\libg_s.a(lib_a-strcmp.o)
                0x00005db8                strcmp
 .text.strlen   0x00005dcc        0xe c:/freescale/kds_2.0.0/toolchain/bin/../lib/gcc/arm-none-eabi/4.8.0/../../../../arm-none-eabi/lib\libg_s.a(lib_a-strlen.o)
                0x00005dcc                strlen
 .text.strncmp  0x00005dda       0x2c c:/freescale/kds_2.0.0/toolchain/bin/../lib/gcc/arm-none-eabi/4.8.0/../../../../arm-none-eabi/lib\libg_s.a(lib_a-strncmp.o)
                0x00005dda                strncmp
 *fill*         0x00005e06        0x2 
 .text.__ssputc_r
                0x00005e08       0xb0 c:/freescale/kds_2.0.0/toolchain/bin/../lib/gcc/arm-none-eabi/4.8.0/../../../../arm-none-eabi/lib\libg_s.a(lib_a-svfprintf.o)
                0x00005e08                __ssputc_r
 .text._svfprintf_r
                0x00005eb8      0x1f8 c:/freescale/kds_2.0.0/toolchain/bin/../lib/gcc/arm-none-eabi/4.8.0/../../../../arm-none-eabi/lib\libg_s.a(lib_a-svfprintf.o)
                0x00005eb8                _svfiprintf_r
                0x00005eb8                _svfprintf_r
 .text._sbrk    0x000060b0       0x38 c:/freescale/kds_2.0.0/toolchain/bin/../lib/gcc/arm-none-eabi/4.8.0/../../../../arm-none-eabi/lib\libg_s.a(lib_a-syscalls.o)
                0x000060b0                _sbrk
 .text._printf_common
                0x000060e8       0xe0 c:/freescale/kds_2.0.0/toolchain/bin/../lib/gcc/arm-none-eabi/4.8.0/../../../../arm-none-eabi/lib\libg_s.a(lib_a-vfprintf_i.o)
                0x000060e8                _printf_common
 .text._printf_i
                0x000061c8      0x230 c:/freescale/kds_2.0.0/toolchain/bin/../lib/gcc/arm-none-eabi/4.8.0/../../../../arm-none-eabi/lib\libg_s.a(lib_a-vfprintf_i.o)
                0x000061c8                _printf_i
 .text.__errno  0x000063f8        0xc c:/freescale/kds_2.0.0/toolchain/bin/../lib/gcc/arm-none-eabi/4.8.0/../../../../arm-none-eabi/lib\libg_s.a(lib_a-errno.o)
                0x000063f8                __errno
 .text._free_r  0x00006404       0x90 c:/freescale/kds_2.0.0/toolchain/bin/../lib/gcc/arm-none-eabi/4.8.0/../../../../arm-none-eabi/lib\libg_s.a(lib_a-freer.o)
                0x00006404                _free_r
 .text._malloc_r
                0x00006494       0x98 c:/freescale/kds_2.0.0/toolchain/bin/../lib/gcc/arm-none-eabi/4.8.0/../../../../arm-none-eabi/lib\libg_s.a(lib_a-mallocr.o)
                0x00006494                _malloc_r
 .text.memchr   0x0000652c       0x18 c:/freescale/kds_2.0.0/toolchain/bin/../lib/gcc/arm-none-eabi/4.8.0/../../../../arm-none-eabi/lib\libg_s.a(lib_a-memchr.o)
                0x0000652c                memchr
 .text._realloc_r
                0x00006544       0x4c c:/freescale/kds_2.0.0/toolchain/bin/../lib/gcc/arm-none-eabi/4.8.0/../../../../arm-none-eabi/lib\libg_s.a(lib_a-reallocr.o)
                0x00006544                _realloc_r
 .text._sbrk_r  0x00006590       0x24 c:/freescale/kds_2.0.0/toolchain/bin/../lib/gcc/arm-none-eabi/4.8.0/../../../../arm-none-eabi/lib\libg_s.a(lib_a-sbrkr.o)
                0x00006590                _sbrk_r
 .text._malloc_usable_size_r
                0x000065b4       0x14 c:/freescale/kds_2.0.0/toolchain/bin/../lib/gcc/arm-none-eabi/4.8.0/../../../../arm-none-eabi/lib\libg_s.a(lib_a-msizer.o)
                0x000065b4                _malloc_usable_size_r
 *(.rodata)
 .rodata        0x000065c8      0x5b8 ./Sources/Stepper_driver/l6480.o
 .rodata        0x00006b80      0x1d4 ./Sources/BLDC.o
 .rodata        0x00006d54      0x120 ./Sources/DC.o
 .rodata        0x00006e74       0x10 ./Sources/Shell.o
 .rodata        0x00006e84        0x8 ./Sources/main.o
 .rodata        0x00006e8c      0x168 ./Generated_Code/CLS1.o
 .rodata        0x00006ff4        0x8 ./Generated_Code/tasks.o
 *(.rodata*)
 .rodata.CmdParserTable
                0x00006ffc       0x14 ./Sources/Shell.o
 .rodata.CLS1_stdio
                0x00007010       0x10 ./Generated_Code/CLS1.o
 .rodata._ctype_
                0x00007020      0x101 c:/freescale/kds_2.0.0/toolchain/bin/../lib/gcc/arm-none-eabi/4.8.0/../../../../arm-none-eabi/lib\libg_s.a(lib_a-ctype_.o)
                0x00007020                _ctype_
 .rodata.str1.1
                0x00007121        0x2 c:/freescale/kds_2.0.0/toolchain/bin/../lib/gcc/arm-none-eabi/4.8.0/../../../../arm-none-eabi/lib\libg_s.a(lib_a-impure.o)
 .rodata.str1.1
                0x00007123       0x11 c:/freescale/kds_2.0.0/toolchain/bin/../lib/gcc/arm-none-eabi/4.8.0/../../../../arm-none-eabi/lib\libg_s.a(lib_a-svfprintf.o)
 .rodata.str1.1
                0x00007134       0x22 c:/freescale/kds_2.0.0/toolchain/bin/../lib/gcc/arm-none-eabi/4.8.0/../../../../arm-none-eabi/lib\libg_s.a(lib_a-vfprintf_i.o)
 *(.glue_7)
 .glue_7        0x00000000        0x0 linker stubs
 *(.glue_7t)
 .glue_7t       0x00000000        0x0 linker stubs
 *(.eh_frame)
 *fill*         0x00007156        0x2 
 .eh_frame      0x00007158        0x0 c:/freescale/kds_2.0.0/toolchain/bin/../lib/gcc/arm-none-eabi/4.8.0/crtbegin.o
 *(.init)
 .init          0x00007158        0x4 c:/freescale/kds_2.0.0/toolchain/bin/../lib/gcc/arm-none-eabi/4.8.0/crti.o
                0x00007158                _init
 .init          0x0000715c        0x8 c:/freescale/kds_2.0.0/toolchain/bin/../lib/gcc/arm-none-eabi/4.8.0/crtn.o
 *(.fini)
 .fini          0x00007164        0x4 c:/freescale/kds_2.0.0/toolchain/bin/../lib/gcc/arm-none-eabi/4.8.0/crti.o
                0x00007164                _fini
 .fini          0x00007168        0x8 c:/freescale/kds_2.0.0/toolchain/bin/../lib/gcc/arm-none-eabi/4.8.0/crtn.o
                0x00007170                . = ALIGN (0x4)
                0x00007170                _etext = .

.vfp11_veneer   0x00007170        0x0
 .vfp11_veneer  0x00000000        0x0 linker stubs

.v4_bx          0x00007170        0x0
 .v4_bx         0x00000000        0x0 linker stubs

.iplt           0x00007170        0x0
 .iplt          0x00000000        0x0 c:/freescale/kds_2.0.0/toolchain/bin/../lib/gcc/arm-none-eabi/4.8.0/crtbegin.o

.rel.dyn        0x00007170        0x0
 .rel.iplt      0x00000000        0x0 c:/freescale/kds_2.0.0/toolchain/bin/../lib/gcc/arm-none-eabi/4.8.0/crtbegin.o

.ARM.extab
 *(.ARM.extab* .gnu.linkonce.armextab.*)

.ARM            0x00007170        0x0
                0x00007170                __exidx_start = .
 *(.ARM.exidx*)
                0x00007170                __exidx_end = .

.ctors          0x00007170        0x0
                0x00007170                __CTOR_LIST__ = .
 *crtbegin.o(.ctors)
 *(EXCLUDE_FILE(*crtend.o) .ctors)
 *(SORT(.ctors.*))
 *(.ctors)
                0x00007170                __CTOR_END__ = .

.dtors          0x00007170        0x0
                0x00007170                __DTOR_LIST__ = .
 *crtbegin.o(.dtors)
 *(EXCLUDE_FILE(*crtend.o) .dtors)
 *(SORT(.dtors.*))
 *(.dtors)
                0x00007170                __DTOR_END__ = .

.preinit_array  0x00007170        0x0
                0x00007170                PROVIDE (__preinit_array_start, .)
 *(.preinit_array*)
                0x00007170                PROVIDE (__preinit_array_end, .)

.init_array     0x00007170        0x4
                0x00007170                PROVIDE (__init_array_start, .)
 *(SORT(.init_array.*))
 *(.init_array*)
 .init_array    0x00007170        0x4 c:/freescale/kds_2.0.0/toolchain/bin/../lib/gcc/arm-none-eabi/4.8.0/crtbegin.o
                0x00007174                PROVIDE (__init_array_end, .)

.fini_array     0x00007174        0x4
                0x00007174                PROVIDE (__fini_array_start, .)
 *(SORT(.fini_array.*))
 *(.fini_array*)
 .fini_array    0x00007174        0x4 c:/freescale/kds_2.0.0/toolchain/bin/../lib/gcc/arm-none-eabi/4.8.0/crtbegin.o
                0x00007178                PROVIDE (__fini_array_end, .)
                0x00007178                ___ROM_AT = .

.mtb            0x1ffff000        0x0
                0x1ffff000                . = ALIGN (0x8)
                0x1ffff000                _mtb_start = .
 *(.mtb_buf)
                0x1ffff000                . = ALIGN (0x8)
                0x1ffff000                _mtb_end = .

.data           0x1ffff000      0x2b4 load address 0x00007178
                0x1ffff000                . = ALIGN (0x4)
                0x1ffff000                _sdata = .
 *(.data)
 *(.data*)
 .data.CLS1_currStdIO
                0x1ffff000        0x4 ./Generated_Code/CLS1.o
 .data.xFreeBytesRemaining
                0x1ffff004        0x4 ./Generated_Code/heap_2.o
 .data.uxCriticalNesting
                0x1ffff008        0x4 ./Generated_Code/port.o
 .data.xNextTaskUnblockTime
                0x1ffff00c        0x4 ./Generated_Code/tasks.o
 .data.__ctype_ptr__
                0x1ffff010        0x4 c:/freescale/kds_2.0.0/toolchain/bin/../lib/gcc/arm-none-eabi/4.8.0/../../../../arm-none-eabi/lib\libg_s.a(lib_a-ctype_.o)
                0x1ffff010                __ctype_ptr__
 *fill*         0x1ffff014        0x4 
 .data.impure_data
                0x1ffff018      0x298 c:/freescale/kds_2.0.0/toolchain/bin/../lib/gcc/arm-none-eabi/4.8.0/../../../../arm-none-eabi/lib\libg_s.a(lib_a-impure.o)
 .data._impure_ptr
                0x1ffff2b0        0x4 c:/freescale/kds_2.0.0/toolchain/bin/../lib/gcc/arm-none-eabi/4.8.0/../../../../arm-none-eabi/lib\libg_s.a(lib_a-impure.o)
                0x1ffff2b0                _impure_ptr
                0x1ffff2b4                . = ALIGN (0x4)
                0x1ffff2b4                _edata = .
                0x000002b4                ___data_size = (_edata - _sdata)

.jcr            0x1ffff2b4        0x0 load address 0x0000742c
 .jcr           0x1ffff2b4        0x0 c:/freescale/kds_2.0.0/toolchain/bin/../lib/gcc/arm-none-eabi/4.8.0/crtbegin.o

.tm_clone_table
                0x1ffff2b4        0x0 load address 0x0000742c
 .tm_clone_table
                0x1ffff2b4        0x0 c:/freescale/kds_2.0.0/toolchain/bin/../lib/gcc/arm-none-eabi/4.8.0/crtbegin.o
 .tm_clone_table
                0x1ffff2b4        0x0 c:/freescale/kds_2.0.0/toolchain/bin/../lib/gcc/arm-none-eabi/4.8.0/crtend.o

.igot.plt       0x1ffff2b4        0x0 load address 0x0000742c
 .igot.plt      0x00000000        0x0 c:/freescale/kds_2.0.0/toolchain/bin/../lib/gcc/arm-none-eabi/4.8.0/crtbegin.o
                0x1ffff2b4                . = ALIGN (0x4)

.bss            0x1ffff2b4      0xa10 load address 0x0000742c
                0x1ffff2b4                __START_BSS = .
                0x1ffff2b4                PROVIDE (__bss_start__, __START_BSS)
 *(.bss)
 *(.bss*)
 .bss.completed.6137
                0x1ffff2b4        0x1 c:/freescale/kds_2.0.0/toolchain/bin/../lib/gcc/arm-none-eabi/4.8.0/crtbegin.o
 *fill*         0x1ffff2b5        0x3 
 .bss.object.6142
                0x1ffff2b8       0x18 c:/freescale/kds_2.0.0/toolchain/bin/../lib/gcc/arm-none-eabi/4.8.0/crtbegin.o
 .bss.BLDC_enable
                0x1ffff2d0        0x4 ./Sources/BLDC.o
 .bss.BLDC_rpm  0x1ffff2d4        0x4 ./Sources/BLDC.o
 .bss.BLDC_PWM_ratio
                0x1ffff2d8        0x4 ./Sources/BLDC.o
 .bss.argv      0x1ffff2dc       0x28 ./Project_Settings/Startup_Code/startup.o
 .bss.SerFlag   0x1ffff304        0x2 ./Generated_Code/AS1.o
 .bss.BufferRead
                0x1ffff306        0x1 ./Generated_Code/AS1.o
 .bss.OutBuffer
                0x1ffff307        0x1 ./Generated_Code/AS1.o
 .bss.DeviceDataPrv__DEFAULT_RTOS_ALLOC
                0x1ffff308       0x20 ./Generated_Code/ASerialLdd1.o
 .bss.DeviceDataPrv__DEFAULT_RTOS_ALLOC
                0x1ffff328        0x4 ./Generated_Code/BitIoLdd1.o
 .bss.DeviceDataPrv__DEFAULT_RTOS_ALLOC
                0x1ffff32c        0x4 ./Generated_Code/BitIoLdd2.o
 .bss.DeviceDataPrv__DEFAULT_RTOS_ALLOC
                0x1ffff330        0x4 ./Generated_Code/BitIoLdd3.o
 .bss.DeviceDataPrv__DEFAULT_RTOS_ALLOC
                0x1ffff334        0x4 ./Generated_Code/BitIoLdd4.o
 .bss.DeviceDataPrv__DEFAULT_RTOS_ALLOC
                0x1ffff338        0x4 ./Generated_Code/BitIoLdd6.o
 .bss.SR_lock   0x1ffff33c        0x1 ./Generated_Code/Cpu.o
                0x1ffff33c                SR_lock
 *fill*         0x1ffff33d        0x3 
 .bss.DeviceDataPrv__DEFAULT_RTOS_ALLOC
                0x1ffff340        0x4 ./Generated_Code/ExtIntLdd3.o
 .bss.INT_PORTA__BAREBOARD_RTOS_ISRPARAM
                0x1ffff344        0x4 ./Generated_Code/ExtIntLdd3.o
 .bss.PE_LDD_DeviceDataList
                0x1ffff348       0x28 ./Generated_Code/PE_LDD.o
                0x1ffff348                PE_LDD_DeviceDataList
 .bss.DeviceDataPrv__DEFAULT_RTOS_ALLOC
                0x1ffff370        0xc ./Generated_Code/PwmLdd2.o
 .bss.DeviceDataPrv__DEFAULT_RTOS_ALLOC
                0x1ffff37c       0x1c ./Generated_Code/SMasterLdd1.o
 .bss.INT_SPI1__BAREBOARD_RTOS_ISRPARAM
                0x1ffff398        0x4 ./Generated_Code/SMasterLdd1.o
 .bss.SerFlag   0x1ffff39c        0x1 ./Generated_Code/Stepperspi.o
 .bss.BufferRead
                0x1ffff39d        0x1 ./Generated_Code/Stepperspi.o
 .bss.OutBuffer
                0x1ffff39e        0x1 ./Generated_Code/Stepperspi.o
 *fill*         0x1ffff39f        0x1 
 .bss.DeviceDataPrv__DEFAULT_RTOS_ALLOC
                0x1ffff3a0        0x8 ./Generated_Code/TU1.o
 .bss.ucHeap    0x1ffff3a8      0x800 ./Generated_Code/heap_2.o
 .bss.xStart    0x1ffffba8        0x8 ./Generated_Code/heap_2.o
 .bss.xEnd      0x1ffffbb0        0x8 ./Generated_Code/heap_2.o
 .bss.xHeapHasBeenInitialised.6912
                0x1ffffbb8        0x4 ./Generated_Code/heap_2.o
 .bss.xJumpBuf  0x1ffffbbc       0x5c ./Generated_Code/port.o
 .bss.pxCurrentTCB
                0x1ffffc18        0x4 ./Generated_Code/tasks.o
                0x1ffffc18                pxCurrentTCB
 .bss.pxReadyTasksLists
                0x1ffffc1c       0x14 ./Generated_Code/tasks.o
 .bss.xDelayedTaskList1
                0x1ffffc30       0x14 ./Generated_Code/tasks.o
 .bss.xDelayedTaskList2
                0x1ffffc44       0x14 ./Generated_Code/tasks.o
 .bss.pxDelayedTaskList
                0x1ffffc58        0x4 ./Generated_Code/tasks.o
 .bss.pxOverflowDelayedTaskList
                0x1ffffc5c        0x4 ./Generated_Code/tasks.o
 .bss.xPendingReadyList
                0x1ffffc60       0x14 ./Generated_Code/tasks.o
 .bss.xSuspendedTaskList
                0x1ffffc74       0x14 ./Generated_Code/tasks.o
 .bss.uxCurrentNumberOfTasks
                0x1ffffc88        0x4 ./Generated_Code/tasks.o
 .bss.xTickCount
                0x1ffffc8c        0x4 ./Generated_Code/tasks.o
 .bss.uxTopReadyPriority
                0x1ffffc90        0x4 ./Generated_Code/tasks.o
 .bss.xSchedulerRunning
                0x1ffffc94        0x4 ./Generated_Code/tasks.o
 .bss.uxPendedTicks
                0x1ffffc98        0x4 ./Generated_Code/tasks.o
 .bss.xYieldPending
                0x1ffffc9c        0x4 ./Generated_Code/tasks.o
 .bss.xNumOfOverflows
                0x1ffffca0        0x4 ./Generated_Code/tasks.o
 .bss.uxTaskNumber
                0x1ffffca4        0x4 ./Generated_Code/tasks.o
 .bss.uxSchedulerSuspended
                0x1ffffca8        0x4 ./Generated_Code/tasks.o
 .bss.heap_end.5175
                0x1ffffcac        0x4 c:/freescale/kds_2.0.0/toolchain/bin/../lib/gcc/arm-none-eabi/4.8.0/../../../../arm-none-eabi/lib\libg_s.a(lib_a-syscalls.o)
 .bss.__malloc_free_list
                0x1ffffcb0        0x4 c:/freescale/kds_2.0.0/toolchain/bin/../lib/gcc/arm-none-eabi/4.8.0/../../../../arm-none-eabi/lib\libg_s.a(lib_a-mallocr.o)
                0x1ffffcb0                __malloc_free_list
 *(COMMON)
 COMMON         0x1ffffcb4        0x4 ./Generated_Code/AS1.o
                0x1ffffcb4                ASerialLdd1_DeviceDataPtr
 COMMON         0x1ffffcb8        0x1 ./Generated_Code/Cpu.o
                0x1ffffcb8                SR_reg
 *fill*         0x1ffffcb9        0x3 
 COMMON         0x1ffffcbc        0x4 ./Generated_Code/Stepperspi.o
                0x1ffffcbc                SMasterLdd1_DeviceDataPtr
 COMMON         0x1ffffcc0        0x4 c:/freescale/kds_2.0.0/toolchain/bin/../lib/gcc/arm-none-eabi/4.8.0/../../../../arm-none-eabi/lib\libg_s.a(lib_a-reent.o)
                0x1ffffcc0                errno
                0x1ffffcc4                . = ALIGN (0x4)
                0x1ffffcc4                __END_BSS = .
                0x1ffffcc4                PROVIDE (__bss_end__, __END_BSS)
                0x0000742c                _romp_at = (___ROM_AT + SIZEOF (.data))

.romp           0x1ffffcc4       0x18 load address 0x0000742c
                0x0000742c                __S_romp = _romp_at
                0x1ffffcc4        0x4 LONG 0x7178 ___ROM_AT
                0x1ffffcc8        0x4 LONG 0x1ffff000 _sdata
                0x1ffffccc        0x4 LONG 0x2b4 ___data_size
                0x1ffffcd0        0x4 LONG 0x0
                0x1ffffcd4        0x4 LONG 0x0
                0x1ffffcd8        0x4 LONG 0x0

._user_heap_stack
                0x1ffffcdc      0x420 load address 0x00007444
                0x1ffffcdc                . = ALIGN (0x4)
                0x1ffffcdc                PROVIDE (end, .)
                0x1ffffcdc                PROVIDE (_end, .)
                0x1ffffcdc                __heap_addr = .
                0x1ffffcdc                __HeapBase = .
                0x1ffffcfc                . = (. + __heap_size)
 *fill*         0x1ffffcdc       0x20 
                0x1ffffcfc                __HeapLimit = .
                0x200000fc                . = (. + __stack_size)
 *fill*         0x1ffffcfc      0x400 
                0x200000fc                . = ALIGN (0x4)

.ARM.attributes
                0x00000000       0x2d
 *(.ARM.attributes)
 .ARM.attributes
                0x00000000       0x23 c:/freescale/kds_2.0.0/toolchain/bin/../lib/gcc/arm-none-eabi/4.8.0/crti.o
 .ARM.attributes
                0x00000023       0x31 c:/freescale/kds_2.0.0/toolchain/bin/../lib/gcc/arm-none-eabi/4.8.0/crtbegin.o
 .ARM.attributes
                0x00000054       0x32 ./Sources/Stepper_driver/l6480.o
 .ARM.attributes
                0x00000086       0x32 ./Sources/BLDC.o
 .ARM.attributes
                0x000000b8       0x32 ./Sources/DC.o
 .ARM.attributes
                0x000000ea       0x32 ./Sources/Error.o
 .ARM.attributes
                0x0000011c       0x32 ./Sources/Events.o
 .ARM.attributes
                0x0000014e       0x32 ./Sources/Shell.o
 .ARM.attributes
                0x00000180       0x32 ./Sources/main.o
 .ARM.attributes
                0x000001b2       0x32 ./Project_Settings/Startup_Code/startup.o
 .ARM.attributes
                0x000001e4       0x32 ./Generated_Code/AS1.o
 .ARM.attributes
                0x00000216       0x32 ./Generated_Code/ASerialLdd1.o
 .ARM.attributes
                0x00000248       0x32 ./Generated_Code/BitIoLdd1.o
 .ARM.attributes
                0x0000027a       0x32 ./Generated_Code/BitIoLdd2.o
 .ARM.attributes
                0x000002ac       0x32 ./Generated_Code/BitIoLdd3.o
 .ARM.attributes
                0x000002de       0x32 ./Generated_Code/BitIoLdd4.o
 .ARM.attributes
                0x00000310       0x32 ./Generated_Code/BitIoLdd6.o
 .ARM.attributes
                0x00000342       0x32 ./Generated_Code/CLS1.o
 .ARM.attributes
                0x00000374       0x32 ./Generated_Code/Cpu.o
 .ARM.attributes
                0x000003a6       0x32 ./Generated_Code/ExtIntLdd3.o
 .ARM.attributes
                0x000003d8       0x32 ./Generated_Code/PE_LDD.o
 .ARM.attributes
                0x0000040a       0x32 ./Generated_Code/PwmLdd2.o
 .ARM.attributes
                0x0000043c       0x32 ./Generated_Code/SMasterLdd1.o
 .ARM.attributes
                0x0000046e       0x32 ./Generated_Code/STP_REF.o
 .ARM.attributes
                0x000004a0       0x32 ./Generated_Code/Stepperspi.o
 .ARM.attributes
                0x000004d2       0x32 ./Generated_Code/TU1.o
 .ARM.attributes
                0x00000504       0x32 ./Generated_Code/UTIL1.o
 .ARM.attributes
                0x00000536       0x32 ./Generated_Code/Vectors.o
 .ARM.attributes
                0x00000568       0x32 ./Generated_Code/WAIT1.o
 .ARM.attributes
                0x0000059a       0x32 ./Generated_Code/heap_2.o
 .ARM.attributes
                0x000005cc       0x32 ./Generated_Code/list.o
 .ARM.attributes
                0x000005fe       0x32 ./Generated_Code/port.o
 .ARM.attributes
                0x00000630       0x32 ./Generated_Code/tasks.o
 .ARM.attributes
                0x00000662       0x23 c:/freescale/kds_2.0.0/toolchain/bin/../lib/gcc/arm-none-eabi/4.8.0\libgcc.a(_udivsi3.o)
 .ARM.attributes
                0x00000685       0x23 c:/freescale/kds_2.0.0/toolchain/bin/../lib/gcc/arm-none-eabi/4.8.0\libgcc.a(_dvmd_tls.o)
 .ARM.attributes
                0x000006a8       0x23 c:/freescale/kds_2.0.0/toolchain/bin/../lib/gcc/arm-none-eabi/4.8.0\libgcc.a(_arm_cmpdf2.o)
 .ARM.attributes
                0x000006cb       0x31 c:/freescale/kds_2.0.0/toolchain/bin/../lib/gcc/arm-none-eabi/4.8.0\libgcc.a(addsf3.o)
 .ARM.attributes
                0x000006fc       0x31 c:/freescale/kds_2.0.0/toolchain/bin/../lib/gcc/arm-none-eabi/4.8.0\libgcc.a(mulsf3.o)
 .ARM.attributes
                0x0000072d       0x31 c:/freescale/kds_2.0.0/toolchain/bin/../lib/gcc/arm-none-eabi/4.8.0\libgcc.a(fixsfsi.o)
 .ARM.attributes
                0x0000075e       0x31 c:/freescale/kds_2.0.0/toolchain/bin/../lib/gcc/arm-none-eabi/4.8.0\libgcc.a(floatsisf.o)
 .ARM.attributes
                0x0000078f       0x31 c:/freescale/kds_2.0.0/toolchain/bin/../lib/gcc/arm-none-eabi/4.8.0\libgcc.a(eqdf2.o)
 .ARM.attributes
                0x000007c0       0x31 c:/freescale/kds_2.0.0/toolchain/bin/../lib/gcc/arm-none-eabi/4.8.0\libgcc.a(gedf2.o)
 .ARM.attributes
                0x000007f1       0x31 c:/freescale/kds_2.0.0/toolchain/bin/../lib/gcc/arm-none-eabi/4.8.0\libgcc.a(ledf2.o)
 .ARM.attributes
                0x00000822       0x31 c:/freescale/kds_2.0.0/toolchain/bin/../lib/gcc/arm-none-eabi/4.8.0\libgcc.a(floatsidf.o)
 .ARM.attributes
                0x00000853       0x23 c:/freescale/kds_2.0.0/toolchain/bin/../lib/gcc/arm-none-eabi/4.8.0\libgcc.a(_thumb1_case_uqi.o)
 .ARM.attributes
                0x00000876       0x23 c:/freescale/kds_2.0.0/toolchain/bin/../lib/gcc/arm-none-eabi/4.8.0\libgcc.a(_clzsi2.o)
 .ARM.attributes
                0x00000899       0x31 c:/freescale/kds_2.0.0/toolchain/bin/../lib/gcc/arm-none-eabi/4.8.0/../../../../arm-none-eabi/lib\libg_s.a(lib_a-ctype_.o)
 .ARM.attributes
                0x000008ca       0x31 c:/freescale/kds_2.0.0/toolchain/bin/../lib/gcc/arm-none-eabi/4.8.0/../../../../arm-none-eabi/lib\libg_s.a(lib_a-impure.o)
 .ARM.attributes
                0x000008fb       0x31 c:/freescale/kds_2.0.0/toolchain/bin/../lib/gcc/arm-none-eabi/4.8.0/../../../../arm-none-eabi/lib\libg_s.a(lib_a-memcpy.o)
 .ARM.attributes
                0x0000092c       0x31 c:/freescale/kds_2.0.0/toolchain/bin/../lib/gcc/arm-none-eabi/4.8.0/../../../../arm-none-eabi/lib\libg_s.a(lib_a-memset.o)
 .ARM.attributes
                0x0000095d       0x21 c:/freescale/kds_2.0.0/toolchain/bin/../lib/gcc/arm-none-eabi/4.8.0/../../../../arm-none-eabi/lib\libg_s.a(lib_a-setjmp.o)
 .ARM.attributes
                0x0000097e       0x31 c:/freescale/kds_2.0.0/toolchain/bin/../lib/gcc/arm-none-eabi/4.8.0/../../../../arm-none-eabi/lib\libg_s.a(lib_a-sprintf.o)
 .ARM.attributes
                0x000009af       0x31 c:/freescale/kds_2.0.0/toolchain/bin/../lib/gcc/arm-none-eabi/4.8.0/../../../../arm-none-eabi/lib\libg_s.a(lib_a-strcmp.o)
 .ARM.attributes
                0x000009e0       0x31 c:/freescale/kds_2.0.0/toolchain/bin/../lib/gcc/arm-none-eabi/4.8.0/../../../../arm-none-eabi/lib\libg_s.a(lib_a-strlen.o)
 .ARM.attributes
                0x00000a11       0x31 c:/freescale/kds_2.0.0/toolchain/bin/../lib/gcc/arm-none-eabi/4.8.0/../../../../arm-none-eabi/lib\libg_s.a(lib_a-strncmp.o)
 .ARM.attributes
                0x00000a42       0x31 c:/freescale/kds_2.0.0/toolchain/bin/../lib/gcc/arm-none-eabi/4.8.0/../../../../arm-none-eabi/lib\libg_s.a(lib_a-svfprintf.o)
 .ARM.attributes
                0x00000a73       0x31 c:/freescale/kds_2.0.0/toolchain/bin/../lib/gcc/arm-none-eabi/4.8.0/../../../../arm-none-eabi/lib\libg_s.a(lib_a-syscalls.o)
 .ARM.attributes
                0x00000aa4       0x31 c:/freescale/kds_2.0.0/toolchain/bin/../lib/gcc/arm-none-eabi/4.8.0/../../../../arm-none-eabi/lib\libg_s.a(lib_a-vfprintf_i.o)
 .ARM.attributes
                0x00000ad5       0x31 c:/freescale/kds_2.0.0/toolchain/bin/../lib/gcc/arm-none-eabi/4.8.0/../../../../arm-none-eabi/lib\libg_s.a(lib_a-errno.o)
 .ARM.attributes
                0x00000b06       0x31 c:/freescale/kds_2.0.0/toolchain/bin/../lib/gcc/arm-none-eabi/4.8.0/../../../../arm-none-eabi/lib\libg_s.a(lib_a-freer.o)
 .ARM.attributes
                0x00000b37       0x31 c:/freescale/kds_2.0.0/toolchain/bin/../lib/gcc/arm-none-eabi/4.8.0/../../../../arm-none-eabi/lib\libg_s.a(lib_a-mallocr.o)
 .ARM.attributes
                0x00000b68       0x31 c:/freescale/kds_2.0.0/toolchain/bin/../lib/gcc/arm-none-eabi/4.8.0/../../../../arm-none-eabi/lib\libg_s.a(lib_a-memchr.o)
 .ARM.attributes
                0x00000b99       0x31 c:/freescale/kds_2.0.0/toolchain/bin/../lib/gcc/arm-none-eabi/4.8.0/../../../../arm-none-eabi/lib\libg_s.a(lib_a-reallocr.o)
 .ARM.attributes
                0x00000bca       0x31 c:/freescale/kds_2.0.0/toolchain/bin/../lib/gcc/arm-none-eabi/4.8.0/../../../../arm-none-eabi/lib\libg_s.a(lib_a-sbrkr.o)
 .ARM.attributes
                0x00000bfb       0x31 c:/freescale/kds_2.0.0/toolchain/bin/../lib/gcc/arm-none-eabi/4.8.0/../../../../arm-none-eabi/lib\libg_s.a(lib_a-msizer.o)
 .ARM.attributes
                0x00000c2c       0x31 c:/freescale/kds_2.0.0/toolchain/bin/../lib/gcc/arm-none-eabi/4.8.0/../../../../arm-none-eabi/lib\libg_s.a(lib_a-reent.o)
 .ARM.attributes
                0x00000c5d       0x31 c:/freescale/kds_2.0.0/toolchain/bin/../lib/gcc/arm-none-eabi/4.8.0/crtend.o
 .ARM.attributes
                0x00000c8e       0x23 c:/freescale/kds_2.0.0/toolchain/bin/../lib/gcc/arm-none-eabi/4.8.0/crtn.o
OUTPUT(Shell.elf elf32-littlearm)

.comment        0x00000000       0x2a
 .comment       0x00000000       0x2a c:/freescale/kds_2.0.0/toolchain/bin/../lib/gcc/arm-none-eabi/4.8.0/crtbegin.o
                                 0x2b (size before relaxing)
 .comment       0x00000000       0x2b ./Sources/Stepper_driver/l6480.o
 .comment       0x00000000       0x2b ./Sources/BLDC.o
 .comment       0x00000000       0x2b ./Sources/DC.o
 .comment       0x00000000       0x2b ./Sources/Error.o
 .comment       0x00000000       0x2b ./Sources/Events.o
 .comment       0x00000000       0x2b ./Sources/Shell.o
 .comment       0x00000000       0x2b ./Sources/main.o
 .comment       0x00000000       0x2b ./Project_Settings/Startup_Code/startup.o
 .comment       0x00000000       0x2b ./Generated_Code/AS1.o
 .comment       0x00000000       0x2b ./Generated_Code/ASerialLdd1.o
 .comment       0x00000000       0x2b ./Generated_Code/BitIoLdd1.o
 .comment       0x00000000       0x2b ./Generated_Code/BitIoLdd2.o
 .comment       0x00000000       0x2b ./Generated_Code/BitIoLdd3.o
 .comment       0x00000000       0x2b ./Generated_Code/BitIoLdd4.o
 .comment       0x00000000       0x2b ./Generated_Code/BitIoLdd6.o
 .comment       0x00000000       0x2b ./Generated_Code/CLS1.o
 .comment       0x00000000       0x2b ./Generated_Code/Cpu.o
 .comment       0x00000000       0x2b ./Generated_Code/ExtIntLdd3.o
 .comment       0x00000000       0x2b ./Generated_Code/PE_LDD.o
 .comment       0x00000000       0x2b ./Generated_Code/PwmLdd2.o
 .comment       0x00000000       0x2b ./Generated_Code/SMasterLdd1.o
 .comment       0x00000000       0x2b ./Generated_Code/STP_REF.o
 .comment       0x00000000       0x2b ./Generated_Code/Stepperspi.o
 .comment       0x00000000       0x2b ./Generated_Code/TU1.o
 .comment       0x00000000       0x2b ./Generated_Code/UTIL1.o
 .comment       0x00000000       0x2b ./Generated_Code/Vectors.o
 .comment       0x00000000       0x2b ./Generated_Code/WAIT1.o
 .comment       0x00000000       0x2b ./Generated_Code/heap_2.o
 .comment       0x00000000       0x2b ./Generated_Code/list.o
 .comment       0x00000000       0x2b ./Generated_Code/port.o
 .comment       0x00000000       0x2b ./Generated_Code/tasks.o
 .comment       0x00000000       0x2b c:/freescale/kds_2.0.0/toolchain/bin/../lib/gcc/arm-none-eabi/4.8.0\libgcc.a(addsf3.o)
 .comment       0x00000000       0x2b c:/freescale/kds_2.0.0/toolchain/bin/../lib/gcc/arm-none-eabi/4.8.0\libgcc.a(mulsf3.o)
 .comment       0x00000000       0x2b c:/freescale/kds_2.0.0/toolchain/bin/../lib/gcc/arm-none-eabi/4.8.0\libgcc.a(fixsfsi.o)
 .comment       0x00000000       0x2b c:/freescale/kds_2.0.0/toolchain/bin/../lib/gcc/arm-none-eabi/4.8.0\libgcc.a(floatsisf.o)
 .comment       0x00000000       0x2b c:/freescale/kds_2.0.0/toolchain/bin/../lib/gcc/arm-none-eabi/4.8.0\libgcc.a(eqdf2.o)
 .comment       0x00000000       0x2b c:/freescale/kds_2.0.0/toolchain/bin/../lib/gcc/arm-none-eabi/4.8.0\libgcc.a(gedf2.o)
 .comment       0x00000000       0x2b c:/freescale/kds_2.0.0/toolchain/bin/../lib/gcc/arm-none-eabi/4.8.0\libgcc.a(ledf2.o)
 .comment       0x00000000       0x2b c:/freescale/kds_2.0.0/toolchain/bin/../lib/gcc/arm-none-eabi/4.8.0\libgcc.a(floatsidf.o)
 .comment       0x00000000       0x2b c:/freescale/kds_2.0.0/toolchain/bin/../lib/gcc/arm-none-eabi/4.8.0/../../../../arm-none-eabi/lib\libg_s.a(lib_a-ctype_.o)
 .comment       0x00000000       0x2b c:/freescale/kds_2.0.0/toolchain/bin/../lib/gcc/arm-none-eabi/4.8.0/../../../../arm-none-eabi/lib\libg_s.a(lib_a-impure.o)
 .comment       0x00000000       0x2b c:/freescale/kds_2.0.0/toolchain/bin/../lib/gcc/arm-none-eabi/4.8.0/../../../../arm-none-eabi/lib\libg_s.a(lib_a-memcpy.o)
 .comment       0x00000000       0x2b c:/freescale/kds_2.0.0/toolchain/bin/../lib/gcc/arm-none-eabi/4.8.0/../../../../arm-none-eabi/lib\libg_s.a(lib_a-memset.o)
 .comment       0x00000000       0x2b c:/freescale/kds_2.0.0/toolchain/bin/../lib/gcc/arm-none-eabi/4.8.0/../../../../arm-none-eabi/lib\libg_s.a(lib_a-sprintf.o)
 .comment       0x00000000       0x2b c:/freescale/kds_2.0.0/toolchain/bin/../lib/gcc/arm-none-eabi/4.8.0/../../../../arm-none-eabi/lib\libg_s.a(lib_a-strcmp.o)
 .comment       0x00000000       0x2b c:/freescale/kds_2.0.0/toolchain/bin/../lib/gcc/arm-none-eabi/4.8.0/../../../../arm-none-eabi/lib\libg_s.a(lib_a-strlen.o)
 .comment       0x00000000       0x2b c:/freescale/kds_2.0.0/toolchain/bin/../lib/gcc/arm-none-eabi/4.8.0/../../../../arm-none-eabi/lib\libg_s.a(lib_a-strncmp.o)
 .comment       0x00000000       0x2b c:/freescale/kds_2.0.0/toolchain/bin/../lib/gcc/arm-none-eabi/4.8.0/../../../../arm-none-eabi/lib\libg_s.a(lib_a-svfprintf.o)
 .comment       0x00000000       0x2b c:/freescale/kds_2.0.0/toolchain/bin/../lib/gcc/arm-none-eabi/4.8.0/../../../../arm-none-eabi/lib\libg_s.a(lib_a-syscalls.o)
 .comment       0x00000000       0x2b c:/freescale/kds_2.0.0/toolchain/bin/../lib/gcc/arm-none-eabi/4.8.0/../../../../arm-none-eabi/lib\libg_s.a(lib_a-vfprintf_i.o)
 .comment       0x00000000       0x2b c:/freescale/kds_2.0.0/toolchain/bin/../lib/gcc/arm-none-eabi/4.8.0/../../../../arm-none-eabi/lib\libg_s.a(lib_a-errno.o)
 .comment       0x00000000       0x2b c:/freescale/kds_2.0.0/toolchain/bin/../lib/gcc/arm-none-eabi/4.8.0/../../../../arm-none-eabi/lib\libg_s.a(lib_a-freer.o)
 .comment       0x00000000       0x2b c:/freescale/kds_2.0.0/toolchain/bin/../lib/gcc/arm-none-eabi/4.8.0/../../../../arm-none-eabi/lib\libg_s.a(lib_a-mallocr.o)
 .comment       0x00000000       0x2b c:/freescale/kds_2.0.0/toolchain/bin/../lib/gcc/arm-none-eabi/4.8.0/../../../../arm-none-eabi/lib\libg_s.a(lib_a-memchr.o)
 .comment       0x00000000       0x2b c:/freescale/kds_2.0.0/toolchain/bin/../lib/gcc/arm-none-eabi/4.8.0/../../../../arm-none-eabi/lib\libg_s.a(lib_a-reallocr.o)
 .comment       0x00000000       0x2b c:/freescale/kds_2.0.0/toolchain/bin/../lib/gcc/arm-none-eabi/4.8.0/../../../../arm-none-eabi/lib\libg_s.a(lib_a-sbrkr.o)
 .comment       0x00000000       0x2b c:/freescale/kds_2.0.0/toolchain/bin/../lib/gcc/arm-none-eabi/4.8.0/../../../../arm-none-eabi/lib\libg_s.a(lib_a-msizer.o)
 .comment       0x00000000       0x2b c:/freescale/kds_2.0.0/toolchain/bin/../lib/gcc/arm-none-eabi/4.8.0/../../../../arm-none-eabi/lib\libg_s.a(lib_a-reent.o)
 .comment       0x00000000       0x2b c:/freescale/kds_2.0.0/toolchain/bin/../lib/gcc/arm-none-eabi/4.8.0/crtend.o

.debug_info     0x00000000     0xb9cb
 .debug_info    0x00000000     0x3331 ./Sources/Stepper_driver/l6480.o
 .debug_info    0x00003331      0x3ed ./Sources/BLDC.o
 .debug_info    0x0000371e      0x2f8 ./Sources/DC.o
 .debug_info    0x00003a16       0xf6 ./Sources/Error.o
 .debug_info    0x00003b0c      0x21c ./Sources/Events.o
 .debug_info    0x00003d28      0x22b ./Sources/Shell.o
 .debug_info    0x00003f53      0x176 ./Sources/main.o
 .debug_info    0x000040c9      0x308 ./Project_Settings/Startup_Code/startup.o
 .debug_info    0x000043d1      0x216 ./Generated_Code/AS1.o
 .debug_info    0x000045e7      0x734 ./Generated_Code/ASerialLdd1.o
 .debug_info    0x00004d1b      0x35c ./Generated_Code/BitIoLdd1.o
 .debug_info    0x00005077      0x35c ./Generated_Code/BitIoLdd2.o
 .debug_info    0x000053d3      0x35c ./Generated_Code/BitIoLdd3.o
 .debug_info    0x0000572f      0x36a ./Generated_Code/BitIoLdd4.o
 .debug_info    0x00005a99      0x36a ./Generated_Code/BitIoLdd6.o
 .debug_info    0x00005e03      0x90f ./Generated_Code/CLS1.o
 .debug_info    0x00006712      0x8de ./Generated_Code/Cpu.o
 .debug_info    0x00006ff0      0x37a ./Generated_Code/ExtIntLdd3.o
 .debug_info    0x0000736a      0x23b ./Generated_Code/PE_LDD.o
 .debug_info    0x000075a5      0x2be ./Generated_Code/PwmLdd2.o
 .debug_info    0x00007863      0x67a ./Generated_Code/SMasterLdd1.o
 .debug_info    0x00007edd       0xb2 ./Generated_Code/STP_REF.o
 .debug_info    0x00007f8f      0x236 ./Generated_Code/Stepperspi.o
 .debug_info    0x000081c5      0x689 ./Generated_Code/TU1.o
 .debug_info    0x0000884e     0x1594 ./Generated_Code/UTIL1.o
 .debug_info    0x00009de2      0x103 ./Generated_Code/Vectors.o
 .debug_info    0x00009ee5      0x132 ./Generated_Code/WAIT1.o
 .debug_info    0x0000a017      0x2c8 ./Generated_Code/heap_2.o
 .debug_info    0x0000a2df      0x29d ./Generated_Code/list.o
 .debug_info    0x0000a57c      0x26a ./Generated_Code/port.o
 .debug_info    0x0000a7e6     0x11e5 ./Generated_Code/tasks.o

.debug_abbrev   0x00000000     0x272c
 .debug_abbrev  0x00000000      0x2dd ./Sources/Stepper_driver/l6480.o
 .debug_abbrev  0x000002dd      0x1a3 ./Sources/BLDC.o
 .debug_abbrev  0x00000480      0x14b ./Sources/DC.o
 .debug_abbrev  0x000005cb       0xac ./Sources/Error.o
 .debug_abbrev  0x00000677       0xe9 ./Sources/Events.o
 .debug_abbrev  0x00000760      0x116 ./Sources/Shell.o
 .debug_abbrev  0x00000876       0xda ./Sources/main.o
 .debug_abbrev  0x00000950      0x148 ./Project_Settings/Startup_Code/startup.o
 .debug_abbrev  0x00000a98      0x131 ./Generated_Code/AS1.o
 .debug_abbrev  0x00000bc9      0x1a0 ./Generated_Code/ASerialLdd1.o
 .debug_abbrev  0x00000d69      0x127 ./Generated_Code/BitIoLdd1.o
 .debug_abbrev  0x00000e90      0x127 ./Generated_Code/BitIoLdd2.o
 .debug_abbrev  0x00000fb7      0x127 ./Generated_Code/BitIoLdd3.o
 .debug_abbrev  0x000010de      0x136 ./Generated_Code/BitIoLdd4.o
 .debug_abbrev  0x00001214      0x136 ./Generated_Code/BitIoLdd6.o
 .debug_abbrev  0x0000134a      0x1d3 ./Generated_Code/CLS1.o
 .debug_abbrev  0x0000151d      0x170 ./Generated_Code/Cpu.o
 .debug_abbrev  0x0000168d      0x15d ./Generated_Code/ExtIntLdd3.o
 .debug_abbrev  0x000017ea      0x10d ./Generated_Code/PE_LDD.o
 .debug_abbrev  0x000018f7      0x122 ./Generated_Code/PwmLdd2.o
 .debug_abbrev  0x00001a19      0x197 ./Generated_Code/SMasterLdd1.o
 .debug_abbrev  0x00001bb0       0x68 ./Generated_Code/STP_REF.o
 .debug_abbrev  0x00001c18      0x131 ./Generated_Code/Stepperspi.o
 .debug_abbrev  0x00001d49      0x198 ./Generated_Code/TU1.o
 .debug_abbrev  0x00001ee1      0x184 ./Generated_Code/UTIL1.o
 .debug_abbrev  0x00002065       0xa4 ./Generated_Code/Vectors.o
 .debug_abbrev  0x00002109       0xb1 ./Generated_Code/WAIT1.o
 .debug_abbrev  0x000021ba      0x155 ./Generated_Code/heap_2.o
 .debug_abbrev  0x0000230f       0xc1 ./Generated_Code/list.o
 .debug_abbrev  0x000023d0      0x10c ./Generated_Code/port.o
 .debug_abbrev  0x000024dc      0x250 ./Generated_Code/tasks.o

.debug_aranges  0x00000000     0x1178
 .debug_aranges
                0x00000000      0x5d8 ./Sources/Stepper_driver/l6480.o
 .debug_aranges
                0x000005d8       0x70 ./Sources/BLDC.o
 .debug_aranges
                0x00000648       0x50 ./Sources/DC.o
 .debug_aranges
                0x00000698       0x20 ./Sources/Error.o
 .debug_aranges
                0x000006b8       0xa0 ./Sources/Events.o
 .debug_aranges
                0x00000758       0x28 ./Sources/Shell.o
 .debug_aranges
                0x00000780       0x30 ./Sources/main.o
 .debug_aranges
                0x000007b0       0x60 ./Project_Settings/Startup_Code/startup.o
 .debug_aranges
                0x00000810       0x50 ./Generated_Code/AS1.o
 .debug_aranges
                0x00000860       0x60 ./Generated_Code/ASerialLdd1.o
 .debug_aranges
                0x000008c0       0x40 ./Generated_Code/BitIoLdd1.o
 .debug_aranges
                0x00000900       0x40 ./Generated_Code/BitIoLdd2.o
 .debug_aranges
                0x00000940       0x40 ./Generated_Code/BitIoLdd3.o
 .debug_aranges
                0x00000980       0x40 ./Generated_Code/BitIoLdd4.o
 .debug_aranges
                0x000009c0       0x40 ./Generated_Code/BitIoLdd6.o
 .debug_aranges
                0x00000a00      0x100 ./Generated_Code/CLS1.o
 .debug_aranges
                0x00000b00       0x48 ./Generated_Code/Cpu.o
 .debug_aranges
                0x00000b48       0x30 ./Generated_Code/ExtIntLdd3.o
 .debug_aranges
                0x00000b78       0x30 ./Generated_Code/PE_LDD.o
 .debug_aranges
                0x00000ba8       0x40 ./Generated_Code/PwmLdd2.o
 .debug_aranges
                0x00000be8       0x38 ./Generated_Code/SMasterLdd1.o
 .debug_aranges
                0x00000c20       0x20 ./Generated_Code/STP_REF.o
 .debug_aranges
                0x00000c40       0x48 ./Generated_Code/Stepperspi.o
 .debug_aranges
                0x00000c88       0x48 ./Generated_Code/TU1.o
 .debug_aranges
                0x00000cd0      0x1b8 ./Generated_Code/UTIL1.o
 .debug_aranges
                0x00000e88       0x18 ./Generated_Code/Vectors.o
 .debug_aranges
                0x00000ea0       0x40 ./Generated_Code/WAIT1.o
 .debug_aranges
                0x00000ee0       0x40 ./Generated_Code/heap_2.o
 .debug_aranges
                0x00000f20       0x40 ./Generated_Code/list.o
 .debug_aranges
                0x00000f60       0x90 ./Generated_Code/port.o
 .debug_aranges
                0x00000ff0      0x188 ./Generated_Code/tasks.o

.debug_ranges   0x00000000      0xf80
 .debug_ranges  0x00000000      0x5c8 ./Sources/Stepper_driver/l6480.o
 .debug_ranges  0x000005c8       0x60 ./Sources/BLDC.o
 .debug_ranges  0x00000628       0x40 ./Sources/DC.o
 .debug_ranges  0x00000668       0x10 ./Sources/Error.o
 .debug_ranges  0x00000678       0x90 ./Sources/Events.o
 .debug_ranges  0x00000708       0x18 ./Sources/Shell.o
 .debug_ranges  0x00000720       0x20 ./Sources/main.o
 .debug_ranges  0x00000740       0x50 ./Project_Settings/Startup_Code/startup.o
 .debug_ranges  0x00000790       0x40 ./Generated_Code/AS1.o
 .debug_ranges  0x000007d0       0x50 ./Generated_Code/ASerialLdd1.o
 .debug_ranges  0x00000820       0x30 ./Generated_Code/BitIoLdd1.o
 .debug_ranges  0x00000850       0x30 ./Generated_Code/BitIoLdd2.o
 .debug_ranges  0x00000880       0x30 ./Generated_Code/BitIoLdd3.o
 .debug_ranges  0x000008b0       0x30 ./Generated_Code/BitIoLdd4.o
 .debug_ranges  0x000008e0       0x30 ./Generated_Code/BitIoLdd6.o
 .debug_ranges  0x00000910       0xf0 ./Generated_Code/CLS1.o
 .debug_ranges  0x00000a00       0x38 ./Generated_Code/Cpu.o
 .debug_ranges  0x00000a38       0x20 ./Generated_Code/ExtIntLdd3.o
 .debug_ranges  0x00000a58       0x20 ./Generated_Code/PE_LDD.o
 .debug_ranges  0x00000a78       0x30 ./Generated_Code/PwmLdd2.o
 .debug_ranges  0x00000aa8       0x28 ./Generated_Code/SMasterLdd1.o
 .debug_ranges  0x00000ad0       0x10 ./Generated_Code/STP_REF.o
 .debug_ranges  0x00000ae0       0x38 ./Generated_Code/Stepperspi.o
 .debug_ranges  0x00000b18       0x38 ./Generated_Code/TU1.o
 .debug_ranges  0x00000b50      0x1a8 ./Generated_Code/UTIL1.o
 .debug_ranges  0x00000cf8       0x30 ./Generated_Code/WAIT1.o
 .debug_ranges  0x00000d28       0x30 ./Generated_Code/heap_2.o
 .debug_ranges  0x00000d58       0x30 ./Generated_Code/list.o
 .debug_ranges  0x00000d88       0x80 ./Generated_Code/port.o
 .debug_ranges  0x00000e08      0x178 ./Generated_Code/tasks.o

.debug_macro    0x00000000    0x13318
 .debug_macro   0x00000000      0x180 ./Sources/Stepper_driver/l6480.o
 .debug_macro   0x00000180      0x808 ./Sources/Stepper_driver/l6480.o
 .debug_macro   0x00000988      0x214 ./Sources/Stepper_driver/l6480.o
 .debug_macro   0x00000b9c     0x15ae ./Sources/Stepper_driver/l6480.o
 .debug_macro   0x0000214a      0x14e ./Sources/Stepper_driver/l6480.o
 .debug_macro   0x00002298       0x64 ./Sources/Stepper_driver/l6480.o
 .debug_macro   0x000022fc     0x5f60 ./Sources/Stepper_driver/l6480.o
 .debug_macro   0x0000825c       0xa6 ./Sources/Stepper_driver/l6480.o
 .debug_macro   0x00008302       0x94 ./Sources/Stepper_driver/l6480.o
 .debug_macro   0x00008396      0x642 ./Sources/Stepper_driver/l6480.o
 .debug_macro   0x000089d8       0x3c ./Sources/Stepper_driver/l6480.o
 .debug_macro   0x00008a14       0x17 ./Sources/Stepper_driver/l6480.o
 .debug_macro   0x00008a2b       0x10 ./Sources/Stepper_driver/l6480.o
 .debug_macro   0x00008a3b      0x166 ./Sources/Stepper_driver/l6480.o
 .debug_macro   0x00008ba1       0x97 ./Sources/Stepper_driver/l6480.o
 .debug_macro   0x00008c38      0x588 ./Sources/Stepper_driver/l6480.o
 .debug_macro   0x000091c0       0x2e ./Sources/Stepper_driver/l6480.o
 .debug_macro   0x000091ee       0x2e ./Sources/Stepper_driver/l6480.o
 .debug_macro   0x0000921c       0x95 ./Sources/Stepper_driver/l6480.o
 .debug_macro   0x000092b1       0x3a ./Sources/Stepper_driver/l6480.o
 .debug_macro   0x000092eb       0x52 ./Sources/Stepper_driver/l6480.o
 .debug_macro   0x0000933d       0x43 ./Sources/Stepper_driver/l6480.o
 .debug_macro   0x00009380      0x16d ./Sources/Stepper_driver/l6480.o
 .debug_macro   0x000094ed       0x35 ./Sources/Stepper_driver/l6480.o
 .debug_macro   0x00009522       0x19 ./Sources/Stepper_driver/l6480.o
 .debug_macro   0x0000953b      0x347 ./Sources/BLDC.o
 .debug_macro   0x00009882      0x802 ./Sources/BLDC.o
 .debug_macro   0x0000a084      0x1d7 ./Sources/BLDC.o
 .debug_macro   0x0000a25b       0x74 ./Sources/BLDC.o
 .debug_macro   0x0000a2cf       0x36 ./Sources/BLDC.o
 .debug_macro   0x0000a305       0x25 ./Sources/BLDC.o
 .debug_macro   0x0000a32a      0x24c ./Sources/BLDC.o
 .debug_macro   0x0000a576       0x52 ./Sources/BLDC.o
 .debug_macro   0x0000a5c8       0xce ./Sources/BLDC.o
 .debug_macro   0x0000a696       0x10 ./Sources/BLDC.o
 .debug_macro   0x0000a6a6       0x1f ./Sources/BLDC.o
 .debug_macro   0x0000a6c5       0xc0 ./Sources/BLDC.o
 .debug_macro   0x0000a785       0x70 ./Sources/BLDC.o
 .debug_macro   0x0000a7f5      0x337 ./Sources/BLDC.o
 .debug_macro   0x0000ab2c       0xb0 ./Sources/BLDC.o
 .debug_macro   0x0000abdc       0x7f ./Sources/BLDC.o
 .debug_macro   0x0000ac5b       0x97 ./Sources/BLDC.o
 .debug_macro   0x0000acf2       0x19 ./Sources/BLDC.o
 .debug_macro   0x0000ad0b      0x281 ./Sources/BLDC.o
 .debug_macro   0x0000af8c       0x37 ./Sources/BLDC.o
 .debug_macro   0x0000afc3      0x131 ./Sources/BLDC.o
 .debug_macro   0x0000b0f4       0x40 ./Sources/BLDC.o
 .debug_macro   0x0000b134       0x20 ./Sources/BLDC.o
 .debug_macro   0x0000b154       0x2e ./Sources/BLDC.o
 .debug_macro   0x0000b182       0x47 ./Sources/BLDC.o
 .debug_macro   0x0000b1c9       0x46 ./Sources/BLDC.o
 .debug_macro   0x0000b20f       0x20 ./Sources/BLDC.o
 .debug_macro   0x0000b22f       0x47 ./Sources/BLDC.o
 .debug_macro   0x0000b276       0x46 ./Sources/BLDC.o
 .debug_macro   0x0000b2bc       0x20 ./Sources/BLDC.o
 .debug_macro   0x0000b2dc       0x47 ./Sources/BLDC.o
 .debug_macro   0x0000b323       0x16 ./Sources/BLDC.o
 .debug_macro   0x0000b339       0x10 ./Sources/BLDC.o
 .debug_macro   0x0000b349       0x10 ./Sources/BLDC.o
 .debug_macro   0x0000b359       0x22 ./Sources/BLDC.o
 .debug_macro   0x0000b37b       0x91 ./Sources/BLDC.o
 .debug_macro   0x0000b40c       0x16 ./Sources/BLDC.o
 .debug_macro   0x0000b422      0x14a ./Sources/BLDC.o
 .debug_macro   0x0000b56c      0x374 ./Sources/DC.o
 .debug_macro   0x0000b8e0       0x46 ./Sources/DC.o
 .debug_macro   0x0000b926       0x20 ./Sources/DC.o
 .debug_macro   0x0000b946       0x46 ./Sources/DC.o
 .debug_macro   0x0000b98c       0x20 ./Sources/DC.o
 .debug_macro   0x0000b9ac       0x76 ./Sources/DC.o
 .debug_macro   0x0000ba22      0x1cd ./Sources/Error.o
 .debug_macro   0x0000bbef      0x12b ./Sources/Error.o
 .debug_macro   0x0000bd1a      0x3be ./Sources/Events.o
 .debug_macro   0x0000c0d8       0xa0 ./Sources/Events.o
 .debug_macro   0x0000c178       0x40 ./Sources/Events.o
 .debug_macro   0x0000c1b8       0x46 ./Sources/Events.o
 .debug_macro   0x0000c1fe      0x1dd ./Sources/Events.o
 .debug_macro   0x0000c3db       0x2e ./Sources/Events.o
 .debug_macro   0x0000c409       0x65 ./Sources/Events.o
 .debug_macro   0x0000c46e       0x11 ./Sources/Events.o
 .debug_macro   0x0000c47f      0x648 ./Sources/Events.o
 .debug_macro   0x0000cac7      0x4e9 ./Sources/Events.o
 .debug_macro   0x0000cfb0       0x2e ./Sources/Events.o
 .debug_macro   0x0000cfde      0x2d6 ./Sources/Shell.o
 .debug_macro   0x0000d2b4       0x10 ./Sources/Shell.o
 .debug_macro   0x0000d2c4      0x58e ./Sources/Shell.o
 .debug_macro   0x0000d852      0x3da ./Sources/main.o
 .debug_macro   0x0000dc2c       0x34 ./Sources/main.o
 .debug_macro   0x0000dc60       0xee ./Project_Settings/Startup_Code/startup.o
 .debug_macro   0x0000dd4e       0x19 ./Project_Settings/Startup_Code/startup.o
 .debug_macro   0x0000dd67       0x89 ./Project_Settings/Startup_Code/startup.o
 .debug_macro   0x0000ddf0       0x10 ./Project_Settings/Startup_Code/startup.o
 .debug_macro   0x0000de00       0x89 ./Project_Settings/Startup_Code/startup.o
 .debug_macro   0x0000de89       0x1c ./Project_Settings/Startup_Code/startup.o
 .debug_macro   0x0000dea5       0xc1 ./Generated_Code/AS1.o
 .debug_macro   0x0000df66       0x5f ./Generated_Code/AS1.o
 .debug_macro   0x0000dfc5      0x114 ./Generated_Code/ASerialLdd1.o
 .debug_macro   0x0000e0d9     0x15a8 ./Generated_Code/ASerialLdd1.o
 .debug_macro   0x0000f681       0x17 ./Generated_Code/ASerialLdd1.o
 .debug_macro   0x0000f698      0x31c ./Generated_Code/ASerialLdd1.o
 .debug_macro   0x0000f9b4      0x84c ./Generated_Code/ASerialLdd1.o
 .debug_macro   0x00010200       0xf5 ./Generated_Code/BitIoLdd1.o
 .debug_macro   0x000102f5       0xf5 ./Generated_Code/BitIoLdd2.o
 .debug_macro   0x000103ea       0xf5 ./Generated_Code/BitIoLdd3.o
 .debug_macro   0x000104df       0x40 ./Generated_Code/BitIoLdd3.o
 .debug_macro   0x0001051f       0xf5 ./Generated_Code/BitIoLdd4.o
 .debug_macro   0x00010614       0x40 ./Generated_Code/BitIoLdd4.o
 .debug_macro   0x00010654       0xf5 ./Generated_Code/BitIoLdd6.o
 .debug_macro   0x00010749       0x40 ./Generated_Code/BitIoLdd6.o
 .debug_macro   0x00010789      0x3e0 ./Generated_Code/CLS1.o
 .debug_macro   0x00010b69       0x8e ./Generated_Code/CLS1.o
 .debug_macro   0x00010bf7      0x3d7 ./Generated_Code/Cpu.o
 .debug_macro   0x00010fce       0x3c ./Generated_Code/Cpu.o
 .debug_macro   0x0001100a      0x10e ./Generated_Code/ExtIntLdd3.o
 .debug_macro   0x00011118      0x359 ./Generated_Code/PE_LDD.o
 .debug_macro   0x00011471      0x10a ./Generated_Code/PwmLdd2.o
 .debug_macro   0x0001157b      0x114 ./Generated_Code/SMasterLdd1.o
 .debug_macro   0x0001168f      0x3b3 ./Generated_Code/STP_REF.o
 .debug_macro   0x00011a42      0x401 ./Generated_Code/Stepperspi.o
 .debug_macro   0x00011e43      0x103 ./Generated_Code/TU1.o
 .debug_macro   0x00011f46      0x140 ./Generated_Code/UTIL1.o
 .debug_macro   0x00012086       0xef ./Generated_Code/UTIL1.o
 .debug_macro   0x00012175      0x3db ./Generated_Code/Vectors.o
 .debug_macro   0x00012550       0xdd ./Generated_Code/WAIT1.o
 .debug_macro   0x0001262d       0x31 ./Generated_Code/WAIT1.o
 .debug_macro   0x0001265e      0x3fe ./Generated_Code/heap_2.o
 .debug_macro   0x00012a5c       0x10 ./Generated_Code/heap_2.o
 .debug_macro   0x00012a6c      0x152 ./Generated_Code/list.o
 .debug_macro   0x00012bbe      0x21c ./Generated_Code/port.o
 .debug_macro   0x00012dda       0xc8 ./Generated_Code/port.o
 .debug_macro   0x00012ea2      0x460 ./Generated_Code/tasks.o
 .debug_macro   0x00013302       0x16 ./Generated_Code/tasks.o

.debug_line     0x00000000     0xaeba
 .debug_line    0x00000000     0x15ec ./Sources/Stepper_driver/l6480.o
 .debug_line    0x000015ec      0x62e ./Sources/BLDC.o
 .debug_line    0x00001c1a      0x5e1 ./Sources/DC.o
 .debug_line    0x000021fb      0x3db ./Sources/Error.o
 .debug_line    0x000025d6      0x6ad ./Sources/Events.o
 .debug_line    0x00002c83      0x520 ./Sources/Shell.o
 .debug_line    0x000031a3      0x628 ./Sources/main.o
 .debug_line    0x000037cb      0x322 ./Project_Settings/Startup_Code/startup.o
 .debug_line    0x00003aed      0x208 ./Generated_Code/AS1.o
 .debug_line    0x00003cf5      0x383 ./Generated_Code/ASerialLdd1.o
 .debug_line    0x00004078      0x2cc ./Generated_Code/BitIoLdd1.o
 .debug_line    0x00004344      0x2cc ./Generated_Code/BitIoLdd2.o
 .debug_line    0x00004610      0x2cc ./Generated_Code/BitIoLdd3.o
 .debug_line    0x000048dc      0x2cd ./Generated_Code/BitIoLdd4.o
 .debug_line    0x00004ba9      0x2cd ./Generated_Code/BitIoLdd6.o
 .debug_line    0x00004e76      0x8f8 ./Generated_Code/CLS1.o
 .debug_line    0x0000576e      0x7f3 ./Generated_Code/Cpu.o
 .debug_line    0x00005f61      0x2ca ./Generated_Code/ExtIntLdd3.o
 .debug_line    0x0000622b      0x57c ./Generated_Code/PE_LDD.o
 .debug_line    0x000067a7      0x2ea ./Generated_Code/PwmLdd2.o
 .debug_line    0x00006a91      0x2ff ./Generated_Code/SMasterLdd1.o
 .debug_line    0x00006d90      0x5db ./Generated_Code/STP_REF.o
 .debug_line    0x0000736b      0x67e ./Generated_Code/Stepperspi.o
 .debug_line    0x000079e9      0x318 ./Generated_Code/TU1.o
 .debug_line    0x00007d01      0xb27 ./Generated_Code/UTIL1.o
 .debug_line    0x00008828      0x752 ./Generated_Code/Vectors.o
 .debug_line    0x00008f7a      0x27f ./Generated_Code/WAIT1.o
 .debug_line    0x000091f9      0x6be ./Generated_Code/heap_2.o
 .debug_line    0x000098b7      0x30c ./Generated_Code/list.o
 .debug_line    0x00009bc3      0x41b ./Generated_Code/port.o
 .debug_line    0x00009fde      0xedc ./Generated_Code/tasks.o

.debug_str      0x00000000    0x50e14
 .debug_str     0x00000000    0x342a3 ./Sources/Stepper_driver/l6480.o
                              0x348c9 (size before relaxing)
 .debug_str     0x000342a3     0xad2f ./Sources/BLDC.o
                              0x36c33 (size before relaxing)
 .debug_str     0x0003efd2      0x6e5 ./Sources/DC.o
                              0x37207 (size before relaxing)
 .debug_str     0x0003f6b7       0x1e ./Sources/Error.o
                              0x2d3d2 (size before relaxing)
 .debug_str     0x0003f6d5     0x3c21 ./Sources/Events.o
                              0x3f9d9 (size before relaxing)
 .debug_str     0x000432f6       0x5d ./Sources/Shell.o
                              0x35f40 (size before relaxing)
 .debug_str     0x00043353       0x23 ./Sources/main.o
                              0x411e1 (size before relaxing)
 .debug_str     0x00043376      0x207 ./Project_Settings/Startup_Code/startup.o
                               0x3fed (size before relaxing)
 .debug_str     0x0004357d      0x1c5 ./Generated_Code/AS1.o
                              0x29d8c (size before relaxing)
 .debug_str     0x00043742     0x9d1a ./Generated_Code/ASerialLdd1.o
                              0x372b3 (size before relaxing)
 .debug_str     0x0004d45c       0xe4 ./Generated_Code/BitIoLdd1.o
                              0x2de5a (size before relaxing)
 .debug_str     0x0004d540       0xa0 ./Generated_Code/BitIoLdd2.o
                              0x2de5a (size before relaxing)
 .debug_str     0x0004d5e0       0xa0 ./Generated_Code/BitIoLdd3.o
                              0x2de54 (size before relaxing)
 .debug_str     0x0004d680       0xa0 ./Generated_Code/BitIoLdd4.o
                              0x2de5a (size before relaxing)
 .debug_str     0x0004d720       0xa0 ./Generated_Code/BitIoLdd6.o
                              0x2de5a (size before relaxing)
 .debug_str     0x0004d7c0      0x6e6 ./Generated_Code/CLS1.o
                              0x3fe90 (size before relaxing)
 .debug_str     0x0004dea6      0x212 ./Generated_Code/Cpu.o
                              0x3fa52 (size before relaxing)
 .debug_str     0x0004e0b8       0xaa ./Generated_Code/ExtIntLdd3.o
                              0x31359 (size before relaxing)
 .debug_str     0x0004e162      0x17e ./Generated_Code/PE_LDD.o
                              0x3f86f (size before relaxing)
 .debug_str     0x0004e2e0       0xca ./Generated_Code/PwmLdd2.o
                              0x2f100 (size before relaxing)
 .debug_str     0x0004e3aa      0x1d4 ./Generated_Code/SMasterLdd1.o
                              0x32e0b (size before relaxing)
 .debug_str     0x0004e57e       0x33 ./Generated_Code/STP_REF.o
                              0x3f706 (size before relaxing)
 .debug_str     0x0004e5b1      0x155 ./Generated_Code/Stepperspi.o
                              0x3f8e3 (size before relaxing)
 .debug_str     0x0004e706      0x1d0 ./Generated_Code/TU1.o
                              0x2f1b4 (size before relaxing)
 .debug_str     0x0004e8d6      0x667 ./Generated_Code/UTIL1.o
                              0x2bcfa (size before relaxing)
 .debug_str     0x0004ef3d       0x1c ./Generated_Code/Vectors.o
                              0x3f717 (size before relaxing)
 .debug_str     0x0004ef59       0x84 ./Generated_Code/WAIT1.o
                              0x2d193 (size before relaxing)
 .debug_str     0x0004efdd      0x39e ./Generated_Code/heap_2.o
                              0x3fafe (size before relaxing)
 .debug_str     0x0004f37b      0x124 ./Generated_Code/list.o
                               0xe076 (size before relaxing)
 .debug_str     0x0004f49f      0x9e7 ./Generated_Code/port.o
                              0x2db31 (size before relaxing)
 .debug_str     0x0004fe86      0xf8e ./Generated_Code/tasks.o
                              0x40894 (size before relaxing)

.debug_frame    0x00000000     0x3ad0
 .debug_frame   0x00000000     0x16ec ./Sources/Stepper_driver/l6480.o
 .debug_frame   0x000016ec      0x164 ./Sources/BLDC.o
 .debug_frame   0x00001850       0xe8 ./Sources/DC.o
 .debug_frame   0x00001938       0x30 ./Sources/Error.o
 .debug_frame   0x00001968      0x1f8 ./Sources/Events.o
 .debug_frame   0x00001b60       0x50 ./Sources/Shell.o
 .debug_frame   0x00001bb0       0x70 ./Sources/main.o
 .debug_frame   0x00001c20      0x120 ./Project_Settings/Startup_Code/startup.o
 .debug_frame   0x00001d40       0xe0 ./Generated_Code/AS1.o
 .debug_frame   0x00001e20      0x138 ./Generated_Code/ASerialLdd1.o
 .debug_frame   0x00001f58       0xb0 ./Generated_Code/BitIoLdd1.o
 .debug_frame   0x00002008       0xb0 ./Generated_Code/BitIoLdd2.o
 .debug_frame   0x000020b8       0xb0 ./Generated_Code/BitIoLdd3.o
 .debug_frame   0x00002168       0xb0 ./Generated_Code/BitIoLdd4.o
 .debug_frame   0x00002218       0xb0 ./Generated_Code/BitIoLdd6.o
 .debug_frame   0x000022c8      0x398 ./Generated_Code/CLS1.o
 .debug_frame   0x00002660       0xb8 ./Generated_Code/Cpu.o
 .debug_frame   0x00002718       0x70 ./Generated_Code/ExtIntLdd3.o
 .debug_frame   0x00002788       0x6c ./Generated_Code/PE_LDD.o
 .debug_frame   0x000027f4       0xb0 ./Generated_Code/PwmLdd2.o
 .debug_frame   0x000028a4       0x90 ./Generated_Code/SMasterLdd1.o
 .debug_frame   0x00002934       0x30 ./Generated_Code/STP_REF.o
 .debug_frame   0x00002964       0xc8 ./Generated_Code/Stepperspi.o
 .debug_frame   0x00002a2c       0xd0 ./Generated_Code/TU1.o
 .debug_frame   0x00002afc      0x690 ./Generated_Code/UTIL1.o
 .debug_frame   0x0000318c       0x90 ./Generated_Code/WAIT1.o
 .debug_frame   0x0000321c       0xa8 ./Generated_Code/heap_2.o
 .debug_frame   0x000032c4       0xb0 ./Generated_Code/list.o
 .debug_frame   0x00003374      0x1a4 ./Generated_Code/port.o
 .debug_frame   0x00003518      0x5b8 ./Generated_Code/tasks.o
